
> release-please@17.1.1 pretest
> npm run compile


> release-please@17.1.1 compile
> tsc -p .


> release-please@17.1.1 test
> cross-env ENVIRONMENT=test LC_ALL=en c8 mocha --node-option no-experimental-fetch --recursive --timeout=5000 build/test



  Bootstrapper
    ✔ should open a PR

  DefaultChangelogNotes
    buildNotes
      ✔ should build default release notes (53ms)
      ✔ should build with custom changelog sections
      ✔ should handle BREAKING CHANGE notes
      ✔ should ignore RELEASE AS notes
      with commit parsing
        ✔ should handle a breaking change
        ✔ should handle a breaking change with reference
        ✔ should parse multiple commit messages from a single commit
        ✔ should handle BREAKING CHANGE body
        ✔ should handle bug links
        ✔ should handle inline bug links
        ✔ should handle git trailers
        ✔ should handle meta commits
        ✔ should handle multi-line breaking changes
        ✔ should handle multi-line breaking change, if prefixed with list
        ✔ should not include content two newlines after BREAKING CHANGE
        ✔ handles Release-As footers
        ✔ should allow customizing sections
        ✔ should handle html tags
        ✔ should handle html tags as inline code
    pull request compatibility
      ✔ should build parseable notes

  GitHubChangelogNotes
    buildNotes
      ✔ should build release notes from GitHub
      ✔ should build parseable notes

  CLI
    handleError
✖ ---------
✖ bad
more
bad
      ✔ handles an error
      ✔ needs yargs
    manifest-pr
⚠ manifest-pr is deprecated. Please use release-pr instead.
[
  {
    title: 'fake title',
    body: 'fake body',
    headBranchName: 'head-branch-name',
    baseBranchName: 'base-branch-name',
    number: 123,
    files: [],
    labels: []
  }
]
      ✔ instantiates a basic Manifest
⚠ manifest-pr is deprecated. Please use release-pr instead.
[
  {
    title: 'fake title',
    body: 'fake body',
    headBranchName: 'head-branch-name',
    baseBranchName: 'base-branch-name',
    number: 123,
    files: [],
    labels: []
  }
]
      ✔ instantiates Manifest with custom config/manifest
⚠ manifest-pr is deprecated. Please use release-pr instead.
[
  {
    title: 'fake title',
    body: 'fake body',
    headBranchName: 'head-branch-name',
    baseBranchName: 'base-branch-name',
    number: 123,
    files: [],
    labels: []
  }
]
      ✔ handles --target-branch
⚠ manifest-pr is deprecated. Please use release-pr instead.
[
  {
    title: 'fake title',
    body: 'fake body',
    headBranchName: 'head-branch-name',
    baseBranchName: 'base-branch-name',
    number: 123,
    files: [],
    labels: []
  }
]
      ✔ handles --default-branch
⚠ manifest-pr is deprecated. Please use release-pr instead.
Would open 0 pull requests
fork: false
      ✔ handles --dry-run
⚠ manifest-pr is deprecated. Please use release-pr instead.
[
  {
    title: 'fake title',
    body: 'fake body',
    headBranchName: 'head-branch-name',
    baseBranchName: 'base-branch-name',
    number: 123,
    files: [],
    labels: []
  }
]
      ✔ handles --fork
⚠ manifest-pr is deprecated. Please use release-pr instead.
[
  {
    title: 'fake title',
    body: 'fake body',
    headBranchName: 'head-branch-name',
    baseBranchName: 'base-branch-name',
    number: 123,
    files: [],
    labels: []
  }
]
      ✔ handles --label
⚠ manifest-pr is deprecated. Please use release-pr instead.
[
  {
    title: 'fake title',
    body: 'fake body',
    headBranchName: 'head-branch-name',
    baseBranchName: 'base-branch-name',
    number: 123,
    files: [],
    labels: []
  }
]
      ✔ handles empty --label
⚠ manifest-pr is deprecated. Please use release-pr instead.
[
  {
    title: 'fake title',
    body: 'fake body',
    headBranchName: 'head-branch-name',
    baseBranchName: 'base-branch-name',
    number: 123,
    files: [],
    labels: []
  }
]
      ✔ handles --skip-labeling
⚠ manifest-pr is deprecated. Please use release-pr instead.
[
  {
    title: 'fake title',
    body: 'fake body',
    headBranchName: 'head-branch-name',
    baseBranchName: 'base-branch-name',
    number: 123,
    files: [],
    labels: []
  }
]
      ✔ handles --signoff
    manifest-release
⚠ manifest-release is deprecated. Please use github-release instead.
[
  {
    id: 123456,
    tagName: 'v1.2.3',
    sha: 'abc123',
    notes: 'some release notes',
    url: 'url-of-release',
    path: '.',
    version: 'v1.2.3',
    major: 1,
    minor: 2,
    patch: 3,
    prNumber: 123
  }
]
      ✔ instantiates a basic Manifest
⚠ manifest-release is deprecated. Please use github-release instead.
[
  {
    id: 123456,
    tagName: 'v1.2.3',
    sha: 'abc123',
    notes: 'some release notes',
    url: 'url-of-release',
    path: '.',
    version: 'v1.2.3',
    major: 1,
    minor: 2,
    patch: 3,
    prNumber: 123
  }
]
      ✔ instantiates Manifest with custom config/manifest
⚠ manifest-release is deprecated. Please use github-release instead.
[
  {
    id: 123456,
    tagName: 'v1.2.3',
    sha: 'abc123',
    notes: 'some release notes',
    url: 'url-of-release',
    path: '.',
    version: 'v1.2.3',
    major: 1,
    minor: 2,
    patch: 3,
    prNumber: 123
  }
]
      ✔ handles --target-branch
⚠ manifest-release is deprecated. Please use github-release instead.
[
  {
    id: 123456,
    tagName: 'v1.2.3',
    sha: 'abc123',
    notes: 'some release notes',
    url: 'url-of-release',
    path: '.',
    version: 'v1.2.3',
    major: 1,
    minor: 2,
    patch: 3,
    prNumber: 123
  }
]
      ✔ handles --default-branch
⚠ manifest-release is deprecated. Please use github-release instead.
✔ []
      ✔ handles --dry-run
⚠ manifest-release is deprecated. Please use github-release instead.
[
  {
    id: 123456,
    tagName: 'v1.2.3',
    sha: 'abc123',
    notes: 'some release notes',
    url: 'url-of-release',
    path: '.',
    version: 'v1.2.3',
    major: 1,
    minor: 2,
    patch: 3,
    prNumber: 123
  }
]
      ✔ handles --label and --release-label
⚠ manifest-release is deprecated. Please use github-release instead.
[
  {
    id: 123456,
    tagName: 'v1.2.3',
    sha: 'abc123',
    notes: 'some release notes',
    url: 'url-of-release',
    path: '.',
    version: 'v1.2.3',
    major: 1,
    minor: 2,
    patch: 3,
    prNumber: 123
  }
]
      ✔ handles --draft
    release-pr
      with manifest options
[
  {
    title: 'fake title',
    body: 'fake body',
    headBranchName: 'head-branch-name',
    baseBranchName: 'base-branch-name',
    number: 123,
    files: [],
    labels: []
  }
]
        ✔ instantiates a basic Manifest (39ms)
[
  {
    title: 'fake title',
    body: 'fake body',
    headBranchName: 'head-branch-name',
    baseBranchName: 'base-branch-name',
    number: 123,
    files: [],
    labels: []
  }
]
        ✔ instantiates Manifest with custom config/manifest
[
  {
    title: 'fake title',
    body: 'fake body',
    headBranchName: 'head-branch-name',
    baseBranchName: 'base-branch-name',
    number: 123,
    files: [],
    labels: []
  }
]
        ✔ handles --target-branch
⚠ --default-branch is deprecated. Please use --target-branch instead.
[
  {
    title: 'fake title',
    body: 'fake body',
    headBranchName: 'head-branch-name',
    baseBranchName: 'base-branch-name',
    number: 123,
    files: [],
    labels: []
  }
]
        ✔ handles --default-branch
Would open 0 pull requests
fork: false
        ✔ handles --dry-run
      with release type options
[
  {
    title: 'fake title',
    body: 'fake body',
    headBranchName: 'head-branch-name',
    baseBranchName: 'base-branch-name',
    number: 123,
    files: [],
    labels: []
  }
]
        ✔ instantiates a basic Manifest (38ms)
[
  {
    title: 'fake title',
    body: 'fake body',
    headBranchName: 'head-branch-name',
    baseBranchName: 'base-branch-name',
    number: 123,
    files: [],
    labels: []
  }
]
        ✔ handles --target-branch
⚠ --default-branch is deprecated. Please use --target-branch instead.
[
  {
    title: 'fake title',
    body: 'fake body',
    headBranchName: 'head-branch-name',
    baseBranchName: 'base-branch-name',
    number: 123,
    files: [],
    labels: []
  }
]
        ✔ handles --default-branch
Would open 0 pull requests
fork: false
        ✔ handles --dry-run
[
  {
    title: 'fake title',
    body: 'fake body',
    headBranchName: 'head-branch-name',
    baseBranchName: 'base-branch-name',
    number: 123,
    files: [],
    labels: []
  }
]
        ✔ handles --release-as
[
  {
    title: 'fake title',
    body: 'fake body',
    headBranchName: 'head-branch-name',
    baseBranchName: 'base-branch-name',
    number: 123,
    files: [],
    labels: []
  }
]
        ✔ handles --versioning-strategy
[
  {
    title: 'fake title',
    body: 'fake body',
    headBranchName: 'head-branch-name',
    baseBranchName: 'base-branch-name',
    number: 123,
    files: [],
    labels: []
  }
]
        ✔ handles --bump-minor-pre-major and --bump-patch-for-minor-pre-major
[
  {
    title: 'fake title',
    body: 'fake body',
    headBranchName: 'head-branch-name',
    baseBranchName: 'base-branch-name',
    number: 123,
    files: [],
    labels: []
  }
]
        ✔ handles --prerelease-type
[
  {
    title: 'fake title',
    body: 'fake body',
    headBranchName: 'head-branch-name',
    baseBranchName: 'base-branch-name',
    number: 123,
    files: [],
    labels: []
  }
]
        ✔ handles java --extra-files
[
  {
    title: 'fake title',
    body: 'fake body',
    headBranchName: 'head-branch-name',
    baseBranchName: 'base-branch-name',
    number: 123,
    files: [],
    labels: []
  }
]
        ✔ handles ruby --version-file
[
  {
    title: 'fake title',
    body: 'fake body',
    headBranchName: 'head-branch-name',
    baseBranchName: 'base-branch-name',
    number: 123,
    files: [],
    labels: []
  }
]
        ✔ handles --signoff
[
  {
    title: 'fake title',
    body: 'fake body',
    headBranchName: 'head-branch-name',
    baseBranchName: 'base-branch-name',
    number: 123,
    files: [],
    labels: []
  }
]
        ✔ handles --changelog-path
[
  {
    title: 'fake title',
    body: 'fake body',
    headBranchName: 'head-branch-name',
    baseBranchName: 'base-branch-name',
    number: 123,
    files: [],
    labels: []
  }
]
        ✔ handles --changelog-type
[
  {
    title: 'fake title',
    body: 'fake body',
    headBranchName: 'head-branch-name',
    baseBranchName: 'base-branch-name',
    number: 123,
    files: [],
    labels: []
  }
]
        ✔ handles --changelog-host
[
  {
    title: 'fake title',
    body: 'fake body',
    headBranchName: 'head-branch-name',
    baseBranchName: 'base-branch-name',
    number: 123,
    files: [],
    labels: []
  }
]
        ✔ handles --draft-pull-request
[
  {
    title: 'fake title',
    body: 'fake body',
    headBranchName: 'head-branch-name',
    baseBranchName: 'base-branch-name',
    number: 123,
    files: [],
    labels: []
  }
]
        ✔ handles --fork
[
  {
    title: 'fake title',
    body: 'fake body',
    headBranchName: 'head-branch-name',
    baseBranchName: 'base-branch-name',
    number: 123,
    files: [],
    labels: []
  }
]
        ✔ handles --path
[
  {
    title: 'fake title',
    body: 'fake body',
    headBranchName: 'head-branch-name',
    baseBranchName: 'base-branch-name',
    number: 123,
    files: [],
    labels: []
  }
]
        ✔ handles --component
[
  {
    title: 'fake title',
    body: 'fake body',
    headBranchName: 'head-branch-name',
    baseBranchName: 'base-branch-name',
    number: 123,
    files: [],
    labels: []
  }
]
        ✔ handles --package-name
[
  {
    title: 'fake title',
    body: 'fake body',
    headBranchName: 'head-branch-name',
    baseBranchName: 'base-branch-name',
    number: 123,
    files: [],
    labels: []
  }
]
        ✔ handles --monorepo-tags
    github-release
      with manifest options
[
  {
    id: 123456,
    tagName: 'v1.2.3',
    sha: 'abc123',
    notes: 'some release notes',
    url: 'url-of-release',
    path: '.',
    version: 'v1.2.3',
    major: 1,
    minor: 2,
    patch: 3,
    prNumber: 123
  }
]
        ✔ instantiates a basic Manifest
[
  {
    id: 123456,
    tagName: 'v1.2.3',
    sha: 'abc123',
    notes: 'some release notes',
    url: 'url-of-release',
    path: '.',
    version: 'v1.2.3',
    major: 1,
    minor: 2,
    patch: 3,
    prNumber: 123
  }
]
        ✔ instantiates Manifest with custom config/manifest
[
  {
    id: 123456,
    tagName: 'v1.2.3',
    sha: 'abc123',
    notes: 'some release notes',
    url: 'url-of-release',
    path: '.',
    version: 'v1.2.3',
    major: 1,
    minor: 2,
    patch: 3,
    prNumber: 123
  }
]
        ✔ handles --target-branch
[
  {
    id: 123456,
    tagName: 'v1.2.3',
    sha: 'abc123',
    notes: 'some release notes',
    url: 'url-of-release',
    path: '.',
    version: 'v1.2.3',
    major: 1,
    minor: 2,
    patch: 3,
    prNumber: 123
  }
]
        ✔ handles --default-branch
✔ Would tag 0 releases:
        ✔ handles --dry-run
[
  {
    id: 123456,
    tagName: 'v1.2.3',
    sha: 'abc123',
    notes: 'some release notes',
    url: 'url-of-release',
    path: '.',
    version: 'v1.2.3',
    major: 1,
    minor: 2,
    patch: 3,
    prNumber: 123
  }
]
        ✔ handles --label and --release-label
[
  {
    id: 123456,
    tagName: 'v1.2.3',
    sha: 'abc123',
    notes: 'some release notes',
    url: 'url-of-release',
    path: '.',
    version: 'v1.2.3',
    major: 1,
    minor: 2,
    patch: 3,
    prNumber: 123
  }
]
        ✔ handles --draft
      with release type options
[
  {
    id: 123456,
    tagName: 'v1.2.3',
    sha: 'abc123',
    notes: 'some release notes',
    url: 'url-of-release',
    path: '.',
    version: 'v1.2.3',
    major: 1,
    minor: 2,
    patch: 3,
    prNumber: 123
  }
]
        ✔ instantiates a basic Manifest
✔ Would tag 0 releases:
        ✔ handles --dry-run
[
  {
    id: 123456,
    tagName: 'v1.2.3',
    sha: 'abc123',
    notes: 'some release notes',
    url: 'url-of-release',
    path: '.',
    version: 'v1.2.3',
    major: 1,
    minor: 2,
    patch: 3,
    prNumber: 123
  }
]
        ✔ handles --draft
[
  {
    id: 123456,
    tagName: 'v1.2.3',
    sha: 'abc123',
    notes: 'some release notes',
    url: 'url-of-release',
    path: '.',
    version: 'v1.2.3',
    major: 1,
    minor: 2,
    patch: 3,
    prNumber: 123
  }
]
        ✔ handles --prerelease
[
  {
    id: 123456,
    tagName: 'v1.2.3',
    sha: 'abc123',
    notes: 'some release notes',
    url: 'url-of-release',
    path: '.',
    version: 'v1.2.3',
    major: 1,
    minor: 2,
    patch: 3,
    prNumber: 123
  }
]
        ✔ handles --label and --release-label
[
  {
    id: 123456,
    tagName: 'v1.2.3',
    sha: 'abc123',
    notes: 'some release notes',
    url: 'url-of-release',
    path: '.',
    version: 'v1.2.3',
    major: 1,
    minor: 2,
    patch: 3,
    prNumber: 123
  }
]
        ✔ handles --path
[
  {
    id: 123456,
    tagName: 'v1.2.3',
    sha: 'abc123',
    notes: 'some release notes',
    url: 'url-of-release',
    path: '.',
    version: 'v1.2.3',
    major: 1,
    minor: 2,
    patch: 3,
    prNumber: 123
  }
]
        ✔ handles --component
[
  {
    id: 123456,
    tagName: 'v1.2.3',
    sha: 'abc123',
    notes: 'some release notes',
    url: 'url-of-release',
    path: '.',
    version: 'v1.2.3',
    major: 1,
    minor: 2,
    patch: 3,
    prNumber: 123
  }
]
        ✔ handles --package-name
[
  {
    id: 123456,
    tagName: 'v1.2.3',
    sha: 'abc123',
    notes: 'some release notes',
    url: 'url-of-release',
    path: '.',
    version: 'v1.2.3',
    major: 1,
    minor: 2,
    patch: 3,
    prNumber: 123
  }
]
        ✔ handles --monorepo-tags
    bootstrap
{
  headBranchName: 'head-branch',
  baseBranchName: 'base-branch',
  number: 1234,
  title: 'pr-title',
  body: 'pr-body',
  labels: [],
  files: []
}
      ✔ defaults path to .
    --help
      ✔ release-pr
{
  _: [ 'release-pr' ],
  help: true,
  debug: false,
  trace: false,
  plugin: [],
  'api-url': 'https://api.github.com',
  apiUrl: 'https://api.github.com',
  'graphql-url': 'https://api.github.com',
  graphqlUrl: 'https://api.github.com',
  'dry-run': false,
  dryRun: false,
  'bump-minor-pre-major': false,
  bumpMinorPreMajor: false,
  'bump-patch-for-minor-pre-major': false,
  bumpPatchForMinorPreMajor: false,
  snapshot: false,
  'versioning-strategy': 'default',
  versioningStrategy: 'default',
  'changelog-path': 'CHANGELOG.md',
  changelogPath: 'CHANGELOG.md',
  label: 'autorelease: pending',
  'skip-labeling': false,
  skipLabeling: false,
  fork: false,
  'draft-pull-request': false,
  draftPullRequest: false,
  'include-v-in-tags': true,
  includeVInTags: true,
  'monorepo-tags': false,
  monorepoTags: false,
  'component-no-space': false,
  componentNoSpace: false,
  'release-type': undefined,
  releaseType: undefined,
  'config-file': 'release-please-config.json',
  configFile: 'release-please-config.json',
  'manifest-file': '.release-please-manifest.json',
  manifestFile: '.release-please-manifest.json',
  '$0': 'release-please'
}
      ✔ github-release
{
  _: [ 'github-release' ],
  help: true,
  debug: false,
  trace: false,
  plugin: [],
  'api-url': 'https://api.github.com',
  apiUrl: 'https://api.github.com',
  'graphql-url': 'https://api.github.com',
  graphqlUrl: 'https://api.github.com',
  'dry-run': false,
  dryRun: false,
  'include-v-in-tags': true,
  includeVInTags: true,
  'monorepo-tags': false,
  monorepoTags: false,
  'component-no-space': false,
  componentNoSpace: false,
  'release-type': undefined,
  releaseType: undefined,
  'config-file': 'release-please-config.json',
  configFile: 'release-please-config.json',
  'manifest-file': '.release-please-manifest.json',
  manifestFile: '.release-please-manifest.json',
  draft: false,
  prerelease: false,
  label: 'autorelease: pending',
  'release-label': 'autorelease: tagged',
  releaseLabel: 'autorelease: tagged',
  'snapshot-label': 'autorelease: snapshot',
  snapshotLabel: 'autorelease: snapshot',
  '$0': 'release-please'
}
      ✔ manifest-pr
{
  _: [ 'manifest-pr' ],
  help: true,
  debug: false,
  trace: false,
  plugin: [],
  'api-url': 'https://api.github.com',
  apiUrl: 'https://api.github.com',
  'graphql-url': 'https://api.github.com',
  graphqlUrl: 'https://api.github.com',
  'dry-run': false,
  dryRun: false,
  label: 'autorelease: pending',
  'skip-labeling': false,
  skipLabeling: false,
  fork: false,
  'draft-pull-request': false,
  draftPullRequest: false,
  'config-file': 'release-please-config.json',
  configFile: 'release-please-config.json',
  'manifest-file': '.release-please-manifest.json',
  manifestFile: '.release-please-manifest.json',
  '$0': 'release-please'
}
      ✔ manifest-release
{
  _: [ 'manifest-release' ],
  help: true,
  debug: false,
  trace: false,
  plugin: [],
  'api-url': 'https://api.github.com',
  apiUrl: 'https://api.github.com',
  'graphql-url': 'https://api.github.com',
  graphqlUrl: 'https://api.github.com',
  'dry-run': false,
  dryRun: false,
  draft: false,
  prerelease: false,
  label: 'autorelease: pending',
  'release-label': 'autorelease: tagged',
  releaseLabel: 'autorelease: tagged',
  'snapshot-label': 'autorelease: snapshot',
  snapshotLabel: 'autorelease: snapshot',
  'config-file': 'release-please-config.json',
  configFile: 'release-please-config.json',
  'manifest-file': '.release-please-manifest.json',
  manifestFile: '.release-please-manifest.json',
  '$0': 'release-please'
}

  parseConventionalCommits
    ✔ can parse plain commit messages
    ✔ can parse a breaking change
    ✔ can parse multiple commit messages from a single commit
    ✔ can parse multiple commit messages requires 2 line breaks
    ✔ handles BREAKING CHANGE body
    ✔ links bugs
    ✔ captures git trailers
    ✔ parses meta commits
    ✔ includes multi-line breaking changes
    ✔ supports additional markdown for breaking change, if prefixed with list
    ✔ does not include content two newlines after BREAKING CHANGE
    ✔ parses multiple commits from a single message
    ✔ removes content before and after BREAKING CHANGE in body
    ✔ handles Release-As footers
    ✔ can override the commit message from BEGIN_COMMIT_OVERRIDE body
    ✔ can override the commit message from BEGIN_COMMIT_OVERRIDE body with a meta commit
    ✔ handles a special commit separator

  ChangelogNotesFactory
    buildChangelogNotes
      ✔ should build a simple default
      ✔ should build a simple github
      ✔ should throw for unknown type
    getChangelogTypes
      ✔ should return default types
    registerChangelogNotes
      ✔ should register new releaser
      ✔ should return custom type

  PluginFactory
    buildPlugin
      ✔ should build a simple cargo-workspace
      ✔ should build a simple maven-workspace
      ✔ should build a simple node-workspace
      ✔ should throw for unknown type
      ✔ should build a linked-versions config
      ✔ should build a group-priority config
      ✔ should build workspace options
    getPluginTypes
      ✔ should return default types
    registerPlugin
      ✔ should register new releaser
      ✔ should return custom type

  VersioningStrategyFactory
    buildVersioningStrategy
      ✔ should build a simple default
      ✔ should build a simple always-bump-patch
      ✔ should build a simple service-pack
      ✔ should throw for unknown type
    getVersioningStrategyTypes
      ✔ should return default types
    registerVersioningStrategy
      ✔ should register new releaser
      ✔ should return custom type

  factory
    buildStrategy
      ✔ should build a basic strategy
      ✔ should build a with configuration
      ✔ should build with prerelease type
      ✔ should throw for unknown type
      ✔ should build with a configured versioning strategy
      ✔ should build with a service pack versioning strategy
      ✔ should build with a configured changelog type
      ✔ should build a ruby strategy
      ✔ should build a java-yoshi strategy
      ✔ should build a java-backport strategy
      ✔ should build a java-lts strategy
      ✔ should build a java-bom strategy
      ✔ should handle skipping snapshots
      ✔ should handle extra-files
      ✔ should build a default bazel
      ✔ should build a default dart
      ✔ should build a default dotnet-yoshi
      ✔ should build a default elixir
      ✔ should build a default expo
      ✔ should build a default go
      ✔ should build a default go-yoshi
      ✔ should build a default helm
      ✔ should build a default java
      ✔ should build a default java-backport
      ✔ should build a default java-bom
      ✔ should build a default java-lts
      ✔ should build a default java-yoshi
      ✔ should build a default java-yoshi-mono-repo
      ✔ should build a default krm-blueprint
      ✔ should build a default maven
      ✔ should build a default node
      ✔ should build a default ocaml
      ✔ should build a default php
      ✔ should build a default php-yoshi
      ✔ should build a default python
      ✔ should build a default r
      ✔ should build a default ruby
      ✔ should build a default ruby-yoshi
      ✔ should build a default rust
      ✔ should build a default salesforce
      ✔ should build a default sfdx
      ✔ should build a default simple
      ✔ should build a default terraform-module
      ✔ should customize a version-file for Simple
    registerReleaseType
      ✔ should register new releaser
      ✔ should return custom types

  GitHub
    create
      ✔ allows configuring the default branch explicitly
      ✔ fetches the default branch
      ✔ default agent is undefined when no proxy option passed
      ✔ should return a https agent
      ✔ should throw error when baseUrl is an invalid url
      ✔ should return a http agent
    findFilesByFilename
❯ finding files by filename: pom.xml, ref: main, prefix: undefined
      ✔ returns files matching the requested pattern (38ms)
❯ finding files by filename: pom.xml, ref: main, prefix: appengine
      ✔ scopes pattern matching files to prefix(appengine)
❯ finding files by filename: pom.xml, ref: main, prefix: appengine
      ✔ scopes pattern matching files to prefix(appengine/)
❯ finding files by filename: pom.xml, ref: main, prefix: appengine
      ✔ scopes pattern matching files to prefix(/appengine)
❯ finding files by filename: pom.xml, ref: main, prefix: appengine
      ✔ scopes pattern matching files to prefix(/appengine/)
❯ finding files by filename: pom.xml, ref: main, prefix: appengine
      ✔ scopes pattern matching files to prefix(appengine\)
❯ finding files by filename: pom.xml, ref: main, prefix: appengine
      ✔ scopes pattern matching files to prefix(\appengine)
❯ finding files by filename: pom.xml, ref: main, prefix: appengine
      ✔ scopes pattern matching files to prefix(\appengine\)
    findFilesByExtension
      ✔ returns files matching the requested pattern
      ✔ scopes pattern matching files to prefix(appengine)
      ✔ scopes pattern matching files to prefix(appengine/)
      ✔ scopes pattern matching files to prefix(/appengine)
      ✔ scopes pattern matching files to prefix(/appengine/)
      ✔ scopes pattern matching files to prefix(appengine\)
      ✔ scopes pattern matching files to prefix(\appengine)
      ✔ scopes pattern matching files to prefix(\appengine\)
      ✔ ensures the prefix is a directory
    getFileContents
❯ Fetching package-lock.json from branch main
      ✔ should support Github Data API in case of a big file (95ms)
❯ Fetching non-existent-file from branch main
      ✔ should throw a missing file error
    pullRequestIterator
❯ Fetching MERGED pull requests on branch main with cursor undefined
      ✔ finds merged pull requests with labels
❯ Fetching MERGED pull requests on branch main with cursor undefined
      ✔ handles merged pull requests without files
      ✔ uses REST API if files are not needed
    commitsSince
❯ Fetching merge commits on branch main with cursor: undefined
      ✔ finds commits up until a condition
❯ Fetching merge commits on branch main with cursor: undefined
❯ Fetching merge commits on branch main with cursor: e6daec403626c9987c7af0d97b34f324cd84320a 9
      ✔ paginates through commits
❯ Fetching merge commits on branch main with cursor: undefined
      ✔ finds first commit of a multi-commit merge pull request
❯ Fetching merge commits on branch main with cursor: undefined
      ✔ limits pagination
❯ Fetching merge commits on branch main with cursor: undefined
⚠ Could not find commits for branch main - it likely does not exist.
      ✔ returns empty commits if branch does not exist
❯ Fetching merge commits on branch main with cursor: undefined
❯ Backfilling file list for commit: 0cda26c2e7776748072ba5a24302474947b3ebbd
❯ Found 1 files
❯ Backfilling file list for commit: c6d9dfb03aa2dbe1abc329592af60713fe28586d
❯ Found 1 files
❯ Backfilling file list for commit: c8f1498c92c323bfa8f5ffe84e0ade1c37e4ea6e
❯ Found 1 files
      ✔ backfills commit files without pull requests
❯ Fetching merge commits on branch main with cursor: undefined
✔ PR #7 has many files, backfilling with GraphQL pagination
❯ Fetching files for PR #7 with cursor: undefined
      1) backfills commit files for pull requests with lots of files
❯ Fetching merge commits on branch main with cursor: undefined
❯ Backfilling file list for commit: b29149f890e6f76ee31ed128585744d4c598924c
❯ Found 1 files
❯ Backfilling file list for commit: 27d7d7232e2e312d1380e906984f0823f5decf61
❯ Found 1 files
      ✔ backfills commit files for pull requests rebased and merged
    mergeCommitIterator
❯ Fetching merge commits on branch main with cursor: undefined
      ✔ handles merged pull requests without files
    getCommitFiles
❯ Backfilling file list for commit: abc123
❯ Found 1 files
      ✔ fetches the list of files
❯ Backfilling file list for commit: abc123
❯ Found 2 files
      ✔ paginates
    releaseIterator
❯ Fetching releases with cursor undefined
      ✔ iterates through releases
❯ Fetching releases with cursor undefined
      ✔ iterates through up to 3 releases
❯ Fetching releases with cursor undefined
      ✔ correctly identifies draft releases
❯ Fetching releases with cursor undefined
⚠ Could not find releases.
      ✔ iterates through a result withouth releases
    createRelease
      ✔ should create a release with a package prefix
      ✔ should raise a DuplicateReleaseError if already_exists
      ✔ should raise a RequestError for other validation errors
      ✔ should create a draft release
      ✔ should create a prerelease release
    commentOnIssue
❯ adding comment to https://github.com/fake/fake/issues/1347
      ✔ can create a comment
❯ adding comment to https://github.com/fake/fake/issues/1347
      ✔ propagates error
    generateReleaseNotes
      ✔ can generate notes with previous tag
      ✔ can generate notes without previous tag
    createReleasePullRequest
      ✔ should update file
⚠ file missing-file did not exist
      ✔ should handle missing files
      ✔ should create missing file
    createFileOnNewBranch
❯ Looking up SHA for branch: base-branch
❯ SHA for branch: abc123
❯ Looking up SHA for branch: new-branch
❯ Branch: new-branch does not exist
❯ Creating new branch: new-branch at abc123
❯ New branch: new-branch at abc123
❯ Forked new-branch from base-branch at abc123
      ✔ forks a new branch if the branch does not exist
❯ Looking up SHA for branch: base-branch
❯ SHA for branch: abc123
❯ Looking up SHA for branch: new-branch
❯ SHA for branch: def234
❯ Updating branch new-branch to abc123
❯ Updated branch: new-branch to abc123
❯ Updated new-branch to match base-branch at abc123
      ✔ reuses an existing branch
    updatePullRequest
✔ Empty change set provided. No changes need to be made. Cancelling workflow.
⚠ updated code for 0, but update requested for 123
      ✔ handles a PR body that is too big

  Manifest
    fromManifest
      ✔ should parse config and manifest from repository
      ✔ should limit manifest loading to the given path
      ✔ should override release-as with the given argument
      ✔ should read the default release-type from manifest
      ✔ should read custom pull request title patterns from manifest
      ✔ should read custom tag separator from manifest
      ✔ should read extra files from manifest
      ✔ should read custom include component in tag from manifest
      ✔ should read custom include v in tag from manifest
      ✔ should read custom labels from manifest
      ✔ should read extra labels from manifest
      ✔ should read exclude paths from manifest
      ✔ should build simple plugins from manifest
      ✔ should build complex plugins from manifest
      ✔ should build maven-workspace from manifest
      ✔ should configure search depth from manifest
      ✔ should read changelog host from manifest
      ✔ should read changelog type from manifest
      ✔ should read changelog path from manifest
      ✔ should read versioning type from manifest
      ✔ should read plugins from manifest
      ✔ should throw a configuration error for a missing manifest config
      ✔ should throw a configuration error for a missing manifest versions file
ConfigurationError: base (fake-owner/fake-repo): Failed to parse manifest config JSON: release-please-config.json
Expected ':' after property name in JSON at position 17 (line 1 column 18)
    at fetchManifestConfig (/app/build/src/manifest.js:909:19)
    at async parseConfig (/app/build/src/manifest.js:857:20)
    at async Promise.all (index 0)
    at async Manifest.fromManifest (/app/build/src/manifest.js:125:93)
    at async /app/build/test/manifest.js:413:17
    at async waitForActual (node:assert:644:5)
    at async Function.rejects (node:assert:767:25)
    at async Context.<anonymous> (/app/build/test/manifest.js:412:13) {
  releaserName: 'base',
  repository: 'fake-owner/fake-repo'
}
      ✔ should throw a configuration error for a malformed manifest config
ConfigurationError: base (fake-owner/fake-repo): Failed to parse manifest versions JSON: .release-please-manifest.json
Expected ':' after property name in JSON at position 17 (line 1 column 18)
    at fetchReleasedVersions (/app/build/src/manifest.js:947:19)
    at async parseReleasedVersions (/app/build/src/manifest.js:923:26)
    at async Promise.all (index 1)
    at async Manifest.fromManifest (/app/build/src/manifest.js:125:93)
    at async /app/build/test/manifest.js:427:17
    at async waitForActual (node:assert:644:5)
    at async Function.rejects (node:assert:767:25)
    at async Context.<anonymous> (/app/build/test/manifest.js:426:13) {
  releaserName: 'base',
  repository: 'fake-owner/fake-repo'
}
      ✔ should throw a configuration error for a malformed manifest config
      ✔ should consider draft-pull-requests
    fromConfig
✔ Looking for latest release on branch: target-branch with prefix:
❯ found release for  Version {
  major: 1,
  minor: 2,
  patch: 3,
  preRelease: undefined,
  build: undefined
}
❯ found 1 possible releases. [
  Version {
    major: 1,
    minor: 2,
    patch: 3,
    preRelease: undefined,
    build: undefined
  }
]
      ✔ should pass strategy options to the strategy
✔ Looking for latest release on branch: target-branch with prefix: foobar
❯ found release for foobar Version {
  major: 1,
  minor: 2,
  patch: 3,
  preRelease: undefined,
  build: undefined
}
❯ found 1 possible releases. [
  Version {
    major: 1,
    minor: 2,
    patch: 3,
    preRelease: undefined,
    build: undefined
  }
]
      ✔ should find custom release pull request title
✔ Looking for latest release on branch: target-branch with prefix: foobar
❯ found release for foobar Version {
  major: 1,
  minor: 2,
  patch: 3,
  preRelease: undefined,
  build: undefined
}
❯ found 1 possible releases. [
  Version {
    major: 1,
    minor: 2,
    patch: 3,
    preRelease: undefined,
    build: undefined
  }
]
      ✔ finds previous release without tag
✔ Looking for latest release on branch: target-branch with prefix: foobar
❯ found release for foobar Version {
  major: 1,
  minor: 2,
  patch: 3,
  preRelease: undefined,
  build: undefined
}
❯ found 1 possible releases. [
  Version {
    major: 1,
    minor: 2,
    patch: 3,
    preRelease: undefined,
    build: undefined
  }
]
      ✔ finds previous release with tag
✔ Looking for latest release on branch: target-branch with prefix: other
❯ found release for other Version {
  major: 3,
  minor: 3,
  patch: 3,
  preRelease: undefined,
  build: undefined
}
❯ found 1 possible releases. [
  Version {
    major: 3,
    minor: 3,
    patch: 3,
    preRelease: undefined,
    build: undefined
  }
]
      ✔ finds manually tagged release
✔ Looking for latest release on branch: target-branch with prefix: other
❯ found 0 possible releases. []
❯ found 1 possible tags. [
  Version {
    major: 3,
    minor: 3,
    patch: 3,
    preRelease: undefined,
    build: undefined
  }
]
      ✔ finds legacy tags
✔ Looking for latest release on branch: target-branch with prefix: other
❯ found release for other Version {
  major: 3,
  minor: 3,
  patch: 3,
  preRelease: undefined,
  build: undefined
}
❯ SHA not found in recent commits to branch target-branch, skipping
❯ found 0 possible releases. []
❯ found 0 possible tags. []
      ✔ ignores manually tagged release if commit not found
✔ Looking for latest release on branch: target-branch with prefix: other
❯ found release for other Version {
  major: 3,
  minor: 3,
  patch: 3,
  preRelease: undefined,
  build: undefined
}
❯ found release for other Version {
  major: 3,
  minor: 3,
  patch: 2,
  preRelease: undefined,
  build: undefined
}
❯ found 2 possible releases. [
  Version {
    major: 3,
    minor: 3,
    patch: 3,
    preRelease: undefined,
    build: undefined
  },
  Version {
    major: 3,
    minor: 3,
    patch: 2,
    preRelease: undefined,
    build: undefined
  }
]
      ✔ finds largest manually tagged release
✔ Looking for latest release on branch: target-branch with prefix: other
❯ found 0 possible releases. []
❯ found 2 possible tags. [
  Version {
    major: 3,
    minor: 3,
    patch: 3,
    preRelease: undefined,
    build: undefined
  },
  Version {
    major: 3,
    minor: 3,
    patch: 2,
    preRelease: undefined,
    build: undefined
  }
]
      ✔ finds largest found tagged
✔ Looking for latest release on branch: target-branch with prefix:
❯ found release for  Version {
  major: 3,
  minor: 3,
  patch: 2,
  preRelease: undefined,
  build: undefined
}
❯ found release for  Version {
  major: 3,
  minor: 3,
  patch: 1,
  preRelease: undefined,
  build: undefined
}
❯ found 2 possible releases. [
  Version {
    major: 3,
    minor: 3,
    patch: 2,
    preRelease: undefined,
    build: undefined
  },
  Version {
    major: 3,
    minor: 3,
    patch: 1,
    preRelease: undefined,
    build: undefined
  }
]
      ✔ finds manually tagged release commit over earlier automated commit
✔ Looking for latest release on branch: target-branch with prefix:
❯ found release for  Version {
  major: 1,
  minor: 2,
  patch: 3,
  preRelease: undefined,
  build: undefined
}
❯ found 1 possible releases. [
  Version {
    major: 1,
    minor: 2,
    patch: 3,
    preRelease: undefined,
    build: undefined
  }
]
      ✔ allows configuring includeVInTag
✔ Looking for latest release on branch: target-branch with prefix:
❯ Found latest release pull request: 123 version: 1.2.3
❯ found 1 possible releases. [
  Version {
    major: 1,
    minor: 2,
    patch: 3,
    preRelease: undefined,
    build: undefined
  }
]
      ✔ finds latest published release
✔ Looking for latest release on branch: target-branch with prefix: foobar
❯ found release for foobar Version {
  major: 3,
  minor: 3,
  patch: 1,
  preRelease: undefined,
  build: undefined
}
❯ found 1 possible releases. [
  Version {
    major: 3,
    minor: 3,
    patch: 1,
    preRelease: undefined,
    build: undefined
  }
]
      ✔ falls back to release without component in tag
✔ Looking for latest release on branch: target-branch with prefix: foobar
❯ Fetching merge commits on branch target-branch with cursor: undefined
✔ received 502 error, 5 attempts remaining
✔ received 502 error, 4 attempts remaining
✔ received 502 error, 3 attempts remaining
✔ received 502 error, 2 attempts remaining
✔ received 502 error, 1 attempts remaining
⚠ ran out of retries and response is required
      ✔ should fail if graphQL commits API is too slow
    buildPullRequests
✔ Building pull requests
✔ Building strategies by path
❯ .: node
✔ Collecting release commit SHAs
❯ release search depth: 400
❯ Found release for path ., pkg1-v1.0.0
❯ release for path: ., version: 1.0.0, sha: abc123
✔ Collecting commits since all latest releases
❯ commit search depth: 500
❯ Set(1) { 'abc123' }
✔ Splitting 1 commits by path
✔ Building candidate release pull request for path: .
❯ type: node
❯ targetBranch: main
❯ commits: 1
✔ Considering: 1 commits
❯ component: pkg1
❯ pull request title pattern: undefined
❯ componentNoSpace: undefined
      ✔ should find the component from config
✔ Building pull requests
✔ Building strategies by path
❯ path/a: simple
❯ path/b: simple
✔ Collecting release commit SHAs
❯ release search depth: 400
❯ Found release for path path/a, pkg1-v1.0.0
❯ Found release for path path/b, pkg2-v0.2.3
❯ release for path: path/a, version: 1.0.0, sha: abc123
❯ release for path: path/b, version: 0.2.3, sha: def234
✔ Collecting commits since all latest releases
❯ commit search depth: 500
❯ Set(2) { 'abc123', 'def234' }
✔ Splitting 4 commits by path
✔ Building candidate release pull request for path: path/a
❯ type: simple
❯ targetBranch: main
❯ commits: 1
✔ Considering: 1 commits
❯ component: pkg1
❯ pull request title pattern: undefined
❯ componentNoSpace: undefined
✔ Building candidate release pull request for path: path/b
❯ type: simple
❯ targetBranch: main
❯ commits: 2
✔ Considering: 2 commits
❯ component: pkg2
❯ pull request title pattern: undefined
❯ componentNoSpace: undefined
      ✔ should allow creating multiple pull requests
✔ Building pull requests
✔ Building strategies by path
❯ path/a: simple
❯ path/b: simple
✔ Collecting release commit SHAs
❯ release search depth: 400
❯ Found release for path path/a, pkg1-v1.0.0
❯ Found release for path path/b, pkg2-v0.2.3
❯ release for path: path/a, version: 1.0.0, sha: abc123
❯ release for path: path/b, version: 0.2.3, sha: def234
✔ Collecting commits since all latest releases
❯ commit search depth: 500
❯ Set(2) { 'abc123', 'def234' }
✔ Splitting 4 commits by path
✔ Building candidate release pull request for path: path/a
❯ type: simple
❯ targetBranch: main
❯ commits: 1
✔ Considering: 1 commits
❯ component: pkg1
❯ pull request title pattern: undefined
❯ componentNoSpace: undefined
✔ Building candidate release pull request for path: path/b
❯ type: simple
❯ targetBranch: main
❯ commits: 2
✔ Considering: 2 commits
⚠ Setting version for path/b from release-as configuration
❯ component: pkg2
❯ pull request title pattern: undefined
❯ componentNoSpace: undefined
      ✔ should allow forcing release-as on a single component
✔ Building pull requests
✔ Building strategies by path
❯ path/a: simple
❯ path/b: simple
✔ Collecting release commit SHAs
❯ release search depth: 400
❯ Found release for path path/a, pkg1-v1.0.0
❯ Found release for path path/b, pkg2-v0.2.3
❯ release for path: path/a, version: 1.0.0, sha: abc123
❯ release for path: path/b, version: 0.2.3, sha: def234
✔ Collecting commits since all latest releases
❯ commit search depth: 500
❯ Set(2) { 'abc123', 'def234' }
✔ Splitting 4 commits by path
✔ Building candidate release pull request for path: path/a
❯ type: simple
❯ targetBranch: main
❯ commits: 1
✔ Considering: 1 commits
⚠ Setting version for path/a from release-as configuration
❯ component: pkg1
❯ pull request title pattern: undefined
❯ componentNoSpace: undefined
✔ Building candidate release pull request for path: path/b
❯ type: simple
❯ targetBranch: main
❯ commits: 2
✔ Considering: 2 commits
⚠ Setting version for path/b from release-as configuration
❯ component: pkg2
❯ pull request title pattern: undefined
❯ componentNoSpace: undefined
      ✔ should allow forcing release-as on entire manifest
✔ Building pull requests
✔ Building strategies by path
❯ path/a: simple
❯ path/b: simple
✔ Collecting release commit SHAs
❯ release search depth: 400
⚠ Expected 2 releases, only found 0
⚠ Missing 2 paths: path/a,path/b
❯ looking for tagName: pkg1-v0.0.0
❯ looking for tagName: pkg2-v0.0.0
⚠ Expected 2 releases, only found 0
✔ Collecting commits since all latest releases
❯ commit search depth: 500
❯ Set(0) {}
✔ Needed bootstrapping, found configured bootstrapSha cccccc
✔ Splitting 2 commits by path
✔ Building candidate release pull request for path: path/a
❯ type: simple
❯ targetBranch: main
❯ commits: 2
⚠ No latest release pull request found.
✔ Considering: 2 commits
❯ component: pkg1
❯ pull request title pattern: undefined
❯ componentNoSpace: undefined
✔ Building candidate release pull request for path: path/b
❯ type: simple
❯ targetBranch: main
❯ commits: 0
⚠ No latest release pull request found.
✔ Considering: 0 commits
✔ No commits for path: path/b, skipping
      ✔ should allow specifying a bootstrap sha
✔ Building pull requests
✔ Building strategies by path
❯ path/a: simple
❯ path/b: simple
✔ Collecting release commit SHAs
❯ release search depth: 400
⚠ Expected 2 releases, only found 0
⚠ Missing 2 paths: path/a,path/b
❯ looking for tagName: pkg1-v0.0.0
❯ looking for tagName: pkg2-v0.0.0
⚠ Expected 2 releases, only found 0
✔ Collecting commits since all latest releases
❯ commit search depth: 500
❯ Set(0) {}
✔ Using configured lastReleaseSha bbbbbb as last commit.
✔ Splitting 2 commits by path
✔ Building candidate release pull request for path: path/a
❯ type: simple
❯ targetBranch: main
❯ commits: 2
⚠ No latest release pull request found.
✔ Considering: 2 commits
❯ component: pkg1
❯ pull request title pattern: undefined
❯ componentNoSpace: undefined
✔ Building candidate release pull request for path: path/b
❯ type: simple
❯ targetBranch: main
❯ commits: 1
⚠ No latest release pull request found.
✔ Considering: 1 commits
❯ component: pkg2
❯ pull request title pattern: undefined
❯ componentNoSpace: undefined
✔ No user facing commits found since beginning of time - skipping
      ✔ should allow specifying a last release sha
✔ Building pull requests
✔ Building strategies by path
❯ .: simple
❯ path/a: simple
❯ path/b: simple
✔ Collecting release commit SHAs
❯ release search depth: 400
❯ Found release for path path/a, pkg1-v1.0.1
❯ Found release for path path/b, pkg2-v0.2.3
❯ Found release for path ., root-v1.2.1
❯ release for path: path/a, version: 1.0.1, sha: def234
❯ release for path: path/b, version: 0.2.3, sha: def234
❯ release for path: ., version: 1.2.1, sha: def234
✔ Collecting commits since all latest releases
❯ commit search depth: 500
❯ Set(1) { 'def234' }
✔ Splitting 4 commits by path
✔ Building candidate release pull request for path: .
❯ type: simple
❯ targetBranch: main
❯ commits: 4
✔ Considering: 4 commits
❯ component: root
❯ pull request title pattern: undefined
❯ componentNoSpace: undefined
✔ Building candidate release pull request for path: path/a
❯ type: simple
❯ targetBranch: main
❯ commits: 3
✔ Considering: 3 commits
❯ component: pkg1
❯ pull request title pattern: undefined
❯ componentNoSpace: undefined
✔ Building candidate release pull request for path: path/b
❯ type: simple
❯ targetBranch: main
❯ commits: 2
✔ Considering: 2 commits
❯ component: pkg2
❯ pull request title pattern: undefined
❯ componentNoSpace: undefined
❯ running plugin: Merge
✔ Merging 3 pull requests
      ✔ should allow customizing pull request title with root package with SPACE in component (50ms)
✔ Building pull requests
✔ Building strategies by path
❯ .: simple
❯ path/a: simple
❯ path/b: simple
✔ Collecting release commit SHAs
❯ release search depth: 400
❯ Found release for path path/a, pkg1-v1.0.1
❯ Found release for path path/b, pkg2-v0.2.3
❯ Found release for path ., root-v1.2.1
❯ release for path: path/a, version: 1.0.1, sha: def234
❯ release for path: path/b, version: 0.2.3, sha: def234
❯ release for path: ., version: 1.2.1, sha: def234
✔ Collecting commits since all latest releases
❯ commit search depth: 500
❯ Set(1) { 'def234' }
✔ Splitting 4 commits by path
✔ Building candidate release pull request for path: .
❯ type: simple
❯ targetBranch: main
❯ commits: 4
✔ Considering: 4 commits
❯ component: root
❯ pull request title pattern: undefined
❯ componentNoSpace: true
✔ Building candidate release pull request for path: path/a
❯ type: simple
❯ targetBranch: main
❯ commits: 3
✔ Considering: 3 commits
❯ component: pkg1
❯ pull request title pattern: undefined
❯ componentNoSpace: true
✔ Building candidate release pull request for path: path/b
❯ type: simple
❯ targetBranch: main
❯ commits: 2
✔ Considering: 2 commits
❯ component: pkg2
❯ pull request title pattern: undefined
❯ componentNoSpace: true
❯ running plugin: Merge
✔ Merging 3 pull requests
      ✔ should allow customizing pull request title with root package without SPACE in component (50ms)
✔ Building pull requests
✔ Building strategies by path
❯ path/a: simple
❯ path/b: simple
✔ Collecting release commit SHAs
❯ release search depth: 400
❯ Found release for path path/a, pkg1-v1.0.1
❯ Found release for path path/b, pkg2-v0.2.3
❯ release for path: path/a, version: 1.0.1, sha: def234
❯ release for path: path/b, version: 0.2.3, sha: def234
✔ Collecting commits since all latest releases
❯ commit search depth: 500
❯ Set(1) { 'def234' }
✔ Splitting 4 commits by path
✔ Building candidate release pull request for path: path/a
❯ type: simple
❯ targetBranch: main
❯ commits: 3
✔ Considering: 3 commits
❯ component: pkg1
❯ pull request title pattern: undefined
❯ componentNoSpace: undefined
✔ Building candidate release pull request for path: path/b
❯ type: simple
❯ targetBranch: main
❯ commits: 2
✔ Considering: 2 commits
❯ component: pkg2
❯ pull request title pattern: undefined
❯ componentNoSpace: undefined
❯ running plugin: Merge
✔ Merging 2 pull requests
      ✔ should allow customizing pull request title without root package with space
✔ Building pull requests
✔ Building strategies by path
❯ path/a: simple
❯ path/b: simple
✔ Collecting release commit SHAs
❯ release search depth: 400
❯ Found release for path path/a, pkg1-v1.0.1
❯ Found release for path path/b, pkg2-v0.2.3
❯ release for path: path/a, version: 1.0.1, sha: def234
❯ release for path: path/b, version: 0.2.3, sha: def234
✔ Collecting commits since all latest releases
❯ commit search depth: 500
❯ Set(1) { 'def234' }
✔ Splitting 4 commits by path
✔ Building candidate release pull request for path: path/a
❯ type: simple
❯ targetBranch: main
❯ commits: 3
✔ Considering: 3 commits
❯ component: pkg1
❯ pull request title pattern: undefined
❯ componentNoSpace: true
✔ Building candidate release pull request for path: path/b
❯ type: simple
❯ targetBranch: main
❯ commits: 2
✔ Considering: 2 commits
❯ component: pkg2
❯ pull request title pattern: undefined
❯ componentNoSpace: true
❯ running plugin: Merge
✔ Merging 2 pull requests
`component` is empty. Removing component from title pattern..
      ✔ should allow customizing pull request title without root package without space
✔ Building pull requests
✔ Building strategies by path
❯ path/a: simple
❯ path/b: simple
✔ Collecting release commit SHAs
❯ release search depth: 400
⚠ Expected 2 releases, only found 0
⚠ Missing 2 paths: path/a,path/b
❯ looking for tagName: pkg1-v1.2.3
❯ looking for tagName: pkg2-v2.3.4
⚠ Expected 2 releases, only found 0
✔ Collecting commits since all latest releases
❯ commit search depth: 500
❯ Set(0) {}
✔ Splitting 2 commits by path
✔ No latest release found for path: path/a, component: pkg1, but a previous version (1.2.3) was specified in the manifest.
✔ No latest release found for path: path/b, component: pkg2, but a previous version (2.3.4) was specified in the manifest.
✔ Building candidate release pull request for path: path/a
❯ type: simple
❯ targetBranch: main
❯ commits: 2
⚠ No latest release pull request found.
✔ Considering: 2 commits
❯ component: pkg1
❯ pull request title pattern: undefined
❯ componentNoSpace: undefined
✔ Building candidate release pull request for path: path/b
❯ type: simple
❯ targetBranch: main
❯ commits: 0
⚠ No latest release pull request found.
✔ Considering: 0 commits
✔ No commits for path: path/b, skipping
❯ running plugin: Merge
✔ Merging 1 pull requests
⚠ pullRequestTitlePattern miss the part of '${scope}'
⚠ pullRequestTitlePattern miss the part of '${component}'
⚠ pullRequestTitlePattern miss the part of '${version}'
      ✔ should read latest version from manifest if no release tag found
✔ Building pull requests
✔ Building strategies by path
❯ .: java
✔ Collecting release commit SHAs
❯ release search depth: 400
❯ Found release for path ., v1.2.3
❯ release for path: ., version: 1.2.3, sha: def234
✔ Collecting commits since all latest releases
❯ commit search depth: 500
❯ Set(1) { 'def234' }
⚠ Expected 1 commits, only found 0
✔ Splitting 1 commits by path
✔ Building candidate release pull request for path: .
❯ type: java
❯ targetBranch: main
❯ commit could not be parsed: abc123 some commit message
❯ error message: Error: unexpected token ' ' at 1:5, valid tokens [(, !, :]
❯ commits: 0
⚠ No latest release pull request found.
❯ component:
✔ Repository needs a snapshot bump.
      ✔ should not update manifest if unpublished version is created
✔ Building pull requests
✔ Building strategies by path
❯ .: simple
❯ pkg/b: simple
❯ pkg/c: simple
✔ Collecting release commit SHAs
❯ release search depth: 400
⚠ Expected 3 releases, only found 0
⚠ Missing 3 paths: .,pkg/b,pkg/c
❯ looking for tagName: a-v1.1.0
❯ looking for tagName: b-v1.0.0
❯ could not find release, checking root package
❯ looking for tagName: c-v1.0.1
❯ could not find release, checking root package
⚠ Expected 3 releases, only found 0
✔ Collecting commits since all latest releases
❯ commit search depth: 500
❯ Set(0) {}
✔ Splitting 3 commits by path
✔ No latest release found for path: ., component: a, but a previous version (1.1.0) was specified in the manifest.
✔ No latest release found for path: pkg/b, component: b, but a previous version (1.0.0) was specified in the manifest.
✔ No latest release found for path: pkg/c, component: c, but a previous version (1.0.1) was specified in the manifest.
✔ Building candidate release pull request for path: .
❯ type: simple
❯ targetBranch: main
❯ commits: 3
⚠ No latest release pull request found.
✔ Considering: 3 commits
❯ component: a
❯ pull request title pattern: undefined
❯ componentNoSpace: undefined
✔ Building candidate release pull request for path: pkg/b
❯ type: simple
❯ targetBranch: main
❯ commits: 1
⚠ No latest release pull request found.
✔ Considering: 1 commits
❯ component: b
❯ pull request title pattern: undefined
❯ componentNoSpace: undefined
✔ Building candidate release pull request for path: pkg/c
❯ type: simple
❯ targetBranch: main
❯ commits: 1
⚠ No latest release pull request found.
✔ Considering: 1 commits
❯ component: c
❯ pull request title pattern: undefined
❯ componentNoSpace: undefined
❯ running plugin: Merge
✔ Merging 3 pull requests
⚠ pullRequestTitlePattern miss the part of '${scope}'
⚠ pullRequestTitlePattern miss the part of '${component}'
⚠ pullRequestTitlePattern miss the part of '${version}'
      ✔ should handle extra files (48ms)
✔ Building pull requests
✔ Building strategies by path
❯ .: simple
✔ Collecting release commit SHAs
❯ release search depth: 400
❯ Found release for path ., v1.0.0
❯ release for path: ., version: 1.0.0, sha: abc123
✔ Collecting commits since all latest releases
❯ commit search depth: 500
❯ Set(1) { 'abc123' }
✔ Splitting 1 commits by path
✔ Building candidate release pull request for path: .
❯ type: simple
❯ targetBranch: main
❯ commits: 1
✔ Considering: 1 commits
❯ component:
❯ pull request title pattern: undefined
❯ componentNoSpace: undefined
      ✔ should allow overriding commit message
✔ Building pull requests
✔ Building strategies by path
❯ .: node
✔ Collecting release commit SHAs
❯ release search depth: 400
⚠ Expected 1 releases, only found 0
⚠ Missing 1 paths: .
❯ looking for tagName: pkg1-v1.0.0
❯ found: pkg1-v1.0.0 abc123
❯ release for path: ., version: 1.0.0, sha: abc123
✔ Collecting commits since all latest releases
❯ commit search depth: 500
❯ Set(1) { 'abc123' }
✔ Splitting 1 commits by path
✔ Building candidate release pull request for path: .
❯ type: node
❯ targetBranch: main
❯ commits: 1
✔ Considering: 1 commits
❯ component: pkg1
❯ pull request title pattern: undefined
❯ componentNoSpace: undefined
      ✔ should fallback to tagged version
✔ Building pull requests
✔ Building strategies by path
❯ path/a: simple
❯ path/b: simple
✔ Collecting release commit SHAs
❯ release search depth: 400
❯ Found release for path path/a, v1.0.0
❯ Found release for path path/b, pkg2-v0.2.3
❯ release for path: path/a, version: 1.0.0, sha: abc123
❯ release for path: path/b, version: 0.2.3, sha: def234
✔ Collecting commits since all latest releases
❯ commit search depth: 500
❯ Set(2) { 'abc123', 'def234' }
✔ Splitting 4 commits by path
✔ Building candidate release pull request for path: path/a
❯ type: simple
❯ targetBranch: main
❯ commits: 1
✔ Considering: 1 commits
❯ component:
❯ pull request title pattern: undefined
❯ componentNoSpace: undefined
✔ Building candidate release pull request for path: path/b
❯ type: simple
❯ targetBranch: main
❯ commits: 2
✔ Considering: 2 commits
❯ component: pkg2
❯ pull request title pattern: undefined
❯ componentNoSpace: undefined
❯ running plugin: Merge
✔ Merging 2 pull requests
⚠ pullRequestTitlePattern miss the part of '${scope}'
⚠ pullRequestTitlePattern miss the part of '${component}'
⚠ pullRequestTitlePattern miss the part of '${version}'
      ✔ should handle mixing componentless configs
✔ Building pull requests
✔ Building strategies by path
❯ .: node
✔ Collecting release commit SHAs
❯ release search depth: 1
⚠ Expected 1 releases, only found 0
⚠ Missing 1 paths: .
❯ looking for tagName: pkg1-v1.0.0
❯ found: pkg1-v1.0.0 abc123
❯ release for path: ., version: 1.0.0, sha: abc123
✔ Collecting commits since all latest releases
❯ commit search depth: 500
❯ Set(1) { 'abc123' }
✔ Splitting 1 commits by path
✔ Building candidate release pull request for path: .
❯ type: node
❯ targetBranch: main
❯ commits: 1
✔ Considering: 1 commits
❯ component: pkg1
❯ pull request title pattern: undefined
❯ componentNoSpace: undefined
      ✔ should allow customizing release-search-depth
✔ Building pull requests
✔ Building strategies by path
❯ .: node
✔ Collecting release commit SHAs
❯ release search depth: 400
⚠ Expected 1 releases, only found 0
⚠ Missing 1 paths: .
❯ looking for tagName: pkg1-v1.0.0
❯ found: pkg1-v1.0.0 abc123
❯ release for path: ., version: 1.0.0, sha: abc123
✔ Collecting commits since all latest releases
❯ commit search depth: 1
❯ Set(1) { 'abc123' }
✔ Splitting 1 commits by path
✔ Building candidate release pull request for path: .
❯ type: node
❯ targetBranch: main
❯ commits: 1
✔ Considering: 1 commits
❯ component: pkg1
❯ pull request title pattern: undefined
❯ componentNoSpace: undefined
      ✔ should allow customizing commit-search-depth
      with basic config
✔ Building pull requests
✔ Building strategies by path
❯ .: simple
✔ Collecting release commit SHAs
❯ release search depth: 400
❯ Found release for path ., v1.0.0
❯ release for path: ., version: 1.0.0, sha: abc123
✔ Collecting commits since all latest releases
❯ commit search depth: 500
❯ Set(1) { 'abc123' }
✔ Splitting 1 commits by path
✔ Building candidate release pull request for path: .
❯ type: simple
❯ targetBranch: main
❯ commits: 1
✔ Considering: 1 commits
❯ component:
❯ pull request title pattern: undefined
❯ componentNoSpace: undefined
        ✔ should handle single package repository
✔ Building pull requests
✔ Building strategies by path
❯ .: simple
✔ Collecting release commit SHAs
❯ release search depth: 400
⚠ Unable to find expected version for path '.' in manifest
⚠ Expected 1 releases, only found 0
⚠ Missing 1 paths: .
⚠ No version for path .
⚠ Expected 1 releases, only found 0
✔ Collecting commits since all latest releases
❯ commit search depth: 500
❯ Set(0) {}
✔ Splitting 2 commits by path
✔ Building candidate release pull request for path: .
❯ type: simple
❯ targetBranch: main
❯ commits: 2
⚠ No latest release pull request found.
✔ Considering: 2 commits
❯ component:
❯ pull request title pattern: undefined
❯ componentNoSpace: undefined
        ✔ should honour the manifestFile argument in Manifest.fromManifest
✔ Building pull requests
✔ Building strategies by path
❯ .: simple
✔ Collecting release commit SHAs
❯ release search depth: 400
❯ Found release for path ., v1.0.0
❯ release for path: ., version: 1.0.0, sha: abc123
✔ Collecting commits since all latest releases
❯ commit search depth: 500
❯ Set(1) { 'abc123' }
✔ Splitting 1 commits by path
✔ Building candidate release pull request for path: .
❯ type: simple
❯ targetBranch: main
❯ commits: 1
✔ Considering: 1 commits
❯ component:
❯ pull request title pattern: undefined
❯ componentNoSpace: undefined
        ✔ should create a draft pull request
✔ Building pull requests
✔ Building strategies by path
❯ .: simple
✔ Collecting release commit SHAs
❯ release search depth: 400
❯ Found release for path ., v1.0.0
❯ release for path: ., version: 1.0.0, sha: abc123
✔ Collecting commits since all latest releases
❯ commit search depth: 500
❯ Set(1) { 'abc123' }
✔ Splitting 1 commits by path
✔ Building candidate release pull request for path: .
❯ type: simple
❯ targetBranch: main
❯ commits: 1
✔ Considering: 1 commits
❯ component:
❯ pull request title pattern: undefined
❯ componentNoSpace: undefined
        ✔ should create a draft pull request manifest wide
✔ Building pull requests
✔ Building strategies by path
❯ .: simple
✔ Collecting release commit SHAs
❯ release search depth: 400
❯ Found release for path ., v1.0.0
❯ release for path: ., version: 1.0.0, sha: abc123
✔ Collecting commits since all latest releases
❯ commit search depth: 500
❯ Set(1) { 'abc123' }
✔ Splitting 1 commits by path
✔ Building candidate release pull request for path: .
❯ type: simple
❯ targetBranch: main
❯ commits: 1
✔ Considering: 1 commits
❯ component:
❯ pull request title pattern: undefined
❯ componentNoSpace: undefined
        ✔ allows customizing pull request labels
✔ Building pull requests
✔ Building strategies by path
❯ .: simple
✔ Collecting release commit SHAs
❯ release search depth: 400
❯ Found release for path ., v1.0.0
❯ release for path: ., version: 1.0.0, sha: abc123
✔ Collecting commits since all latest releases
❯ commit search depth: 500
❯ Set(1) { 'abc123' }
✔ Splitting 1 commits by path
✔ Building candidate release pull request for path: .
❯ type: simple
❯ targetBranch: main
❯ commits: 1
✔ Considering: 1 commits
❯ component:
❯ pull request title pattern: release: ${version}
❯ componentNoSpace: undefined
⚠ pullRequestTitlePattern miss the part of '${scope}'
⚠ pullRequestTitlePattern miss the part of '${component}'
        ✔ allows customizing pull request title
✔ Building pull requests
✔ Building strategies by path
❯ .: simple
✔ Collecting release commit SHAs
❯ release search depth: 400
❯ Found release for path ., v1.0.0
❯ release for path: ., version: 1.0.0, sha: abc123
✔ Collecting commits since all latest releases
❯ commit search depth: 500
❯ Set(1) { 'abc123' }
✔ Splitting 1 commits by path
✔ Building candidate release pull request for path: .
❯ type: simple
❯ targetBranch: main
❯ commits: 1
✔ Considering: 1 commits
❯ component:
❯ pull request title pattern: undefined
❯ componentNoSpace: undefined
        ✔ allows customizing pull request header
✔ Building pull requests
✔ Building strategies by path
❯ .: simple
✔ Collecting release commit SHAs
❯ release search depth: 400
❯ Found release for path ., v1.0.0
❯ release for path: ., version: 1.0.0, sha: abc123
✔ Collecting commits since all latest releases
❯ commit search depth: 500
❯ Set(1) { 'abc123' }
✔ Splitting 1 commits by path
✔ Building candidate release pull request for path: .
❯ type: simple
❯ targetBranch: main
❯ commits: 1
✔ Considering: 1 commits
❯ component:
❯ pull request title pattern: undefined
❯ componentNoSpace: undefined
        ✔ allows customizing pull request footer
      with multiple packages
✔ Building pull requests
✔ Building strategies by path
❯ path/a: simple
❯ path/b: simple
✔ Collecting release commit SHAs
❯ release search depth: 400
❯ Found release for path path/a, pkg1-v1.0.0
❯ Found release for path path/b, pkg2-v0.2.3
❯ release for path: path/a, version: 1.0.0, sha: abc123
❯ release for path: path/b, version: 0.2.3, sha: def234
✔ Collecting commits since all latest releases
❯ commit search depth: 500
❯ Set(2) { 'abc123', 'def234' }
✔ Splitting 4 commits by path
✔ Building candidate release pull request for path: path/a
❯ type: simple
❯ targetBranch: main
❯ commits: 1
✔ Considering: 1 commits
❯ component: pkg1
❯ pull request title pattern: undefined
❯ componentNoSpace: undefined
✔ Building candidate release pull request for path: path/b
❯ type: simple
❯ targetBranch: main
❯ commits: 2
✔ Considering: 2 commits
❯ component: pkg2
❯ pull request title pattern: undefined
❯ componentNoSpace: undefined
❯ running plugin: Merge
✔ Merging 2 pull requests
⚠ pullRequestTitlePattern miss the part of '${scope}'
⚠ pullRequestTitlePattern miss the part of '${component}'
⚠ pullRequestTitlePattern miss the part of '${version}'
        ✔ should handle multiple package repository
✔ Building pull requests
✔ Building strategies by path
❯ path/a: simple
❯ path/b: simple
✔ Collecting release commit SHAs
❯ release search depth: 400
❯ Found release for path path/a, pkg1-v1.0.0
❯ Found release for path path/b, pkg2-v0.2.3
❯ release for path: path/a, version: 1.0.0, sha: abc123
❯ release for path: path/b, version: 0.2.3, sha: def234
✔ Collecting commits since all latest releases
❯ commit search depth: 500
❯ Set(2) { 'abc123', 'def234' }
✔ Splitting 4 commits by path
✔ Building candidate release pull request for path: path/a
❯ type: simple
❯ targetBranch: main
❯ commits: 1
✔ Considering: 1 commits
❯ component: pkg1
❯ pull request title pattern: undefined
❯ componentNoSpace: undefined
✔ Building candidate release pull request for path: path/b
❯ type: simple
❯ targetBranch: main
❯ commits: 2
✔ Considering: 2 commits
❯ component: pkg2
❯ pull request title pattern: undefined
❯ componentNoSpace: undefined
❯ running plugin: Merge
✔ Merging 2 pull requests
⚠ pullRequestTitlePattern miss the part of '${scope}'
⚠ pullRequestTitlePattern miss the part of '${component}'
⚠ pullRequestTitlePattern miss the part of '${version}'
        ✔ should handle pull request header/footer with multiple packages
      without commits
✔ Building pull requests
✔ Building strategies by path
❯ .: simple
✔ Collecting release commit SHAs
❯ release search depth: 400
❯ Found release for path ., v1.0.0
❯ release for path: ., version: 1.0.0, sha: abc123
✔ Collecting commits since all latest releases
❯ commit search depth: 500
❯ Set(1) { 'abc123' }
⚠ Expected 1 commits, only found 0
✔ Splitting 0 commits by path
✔ Building candidate release pull request for path: .
❯ type: simple
❯ targetBranch: main
❯ commits: 0
⚠ No latest release pull request found.
✔ Considering: 0 commits
✔ No commits for path: ., skipping
        ✔ should ignore by default
✔ Building pull requests
✔ Building strategies by path
❯ .: java-yoshi
✔ Collecting release commit SHAs
❯ release search depth: 400
❯ Found release for path ., v1.0.0
❯ release for path: ., version: 1.0.0, sha: abc123
✔ Collecting commits since all latest releases
❯ commit search depth: 500
❯ Set(1) { 'abc123' }
⚠ Expected 1 commits, only found 0
✔ Splitting 0 commits by path
✔ Building candidate release pull request for path: .
❯ type: java-yoshi
❯ targetBranch: main
❯ commits: 0
⚠ No latest release pull request found.
✔ Repository needs a snapshot bump.
        ✔ should delegate to strategies
      with plugins
✔ Building pull requests
✔ Building strategies by path
❯ path/a: node
❯ path/b: node
✔ Collecting release commit SHAs
❯ release search depth: 400
❯ Found release for path path/a, pkg1-v1.0.0
❯ Found release for path path/b, pkg2-v0.2.3
❯ release for path: path/a, version: 1.0.0, sha: abc123
❯ release for path: path/b, version: 0.2.3, sha: def234
✔ Collecting commits since all latest releases
❯ commit search depth: 500
❯ Set(2) { 'abc123', 'def234' }
✔ Splitting 4 commits by path
✔ Building candidate release pull request for path: path/a
❯ type: node
❯ targetBranch: main
❯ commits: 2
✔ Considering: 2 commits
❯ component: pkg1
❯ pull request title pattern: undefined
❯ componentNoSpace: undefined
✔ Building candidate release pull request for path: path/b
❯ type: node
❯ targetBranch: main
❯ commits: 2
✔ Considering: 2 commits
❯ component: pkg2
❯ pull request title pattern: undefined
❯ componentNoSpace: undefined
❯ running plugin: NodeWorkspace
        ✔ should load and run a single plugins
✔ Building pull requests
✔ Building strategies by path
❯ path/a: node
❯ path/b: node
✔ Collecting release commit SHAs
❯ release search depth: 400
❯ Found release for path path/a, pkg1-v1.0.0
❯ Found release for path path/b, pkg2-v0.2.3
❯ release for path: path/a, version: 1.0.0, sha: abc123
❯ release for path: path/b, version: 0.2.3, sha: def234
✔ Collecting commits since all latest releases
❯ commit search depth: 500
❯ Set(2) { 'abc123', 'def234' }
✔ Splitting 4 commits by path
✔ Building candidate release pull request for path: path/a
❯ type: node
❯ targetBranch: main
❯ commits: 2
✔ Considering: 2 commits
❯ component: pkg1
❯ pull request title pattern: undefined
❯ componentNoSpace: undefined
✔ Building candidate release pull request for path: path/b
❯ type: node
❯ targetBranch: main
❯ commits: 2
✔ Considering: 2 commits
❯ component: pkg2
❯ pull request title pattern: undefined
❯ componentNoSpace: undefined
❯ running plugin: NodeWorkspace
❯ running plugin: CargoWorkspace
        ✔ should load and run multiple plugins (38ms)
✔ Building pull requests
✔ Building strategies by path
❯ path/a: node
✔ Collecting release commit SHAs
❯ release search depth: 400
❯ Found release for path path/a, pkg1-v1.0.0
❯ release for path: path/a, version: 1.0.0, sha: abc123
✔ Collecting commits since all latest releases
❯ commit search depth: 500
❯ Set(1) { 'abc123' }
✔ Splitting 1 commits by path
✔ Building candidate release pull request for path: path/a
❯ type: node
❯ targetBranch: main
✔ SentenceCase processing 2 commits
another fix
some bugfix
❯ commits: 2
✔ Considering: 2 commits
❯ component: pkg1
❯ pull request title pattern: undefined
❯ componentNoSpace: undefined
❯ running plugin: SentenceCase
        ✔ should apply plugin hook "processCommits"
      with multiple components
✔ Building pull requests
✔ Building strategies by path
❯ pkg/b: simple
❯ pkg/c: simple
❯ pkg/d: simple
✔ Collecting release commit SHAs
❯ release search depth: 400
⚠ Expected 3 releases, only found 0
⚠ Missing 3 paths: pkg/b,pkg/c,pkg/d
❯ looking for tagName: b-v1.0.0
❯ found: b-v1.0.0 abc123
❯ looking for tagName: c-v2.0.0
❯ found: c-v2.0.0 abc123
❯ looking for tagName: d-v3.0.0
❯ found: d-v3.0.0 abc123
❯ release for path: pkg/b, version: 1.0.0, sha: abc123
❯ release for path: pkg/c, version: 2.0.0, sha: abc123
❯ release for path: pkg/d, version: 3.0.0, sha: abc123
✔ Collecting commits since all latest releases
❯ commit search depth: 500
❯ Set(1) { 'abc123' }
✔ Splitting 1 commits by path
✔ Building candidate release pull request for path: pkg/b
❯ type: simple
❯ targetBranch: main
❯ commits: 1
✔ Considering: 1 commits
❯ component: b
❯ pull request title pattern: undefined
❯ componentNoSpace: undefined
✔ Building candidate release pull request for path: pkg/c
❯ type: simple
❯ targetBranch: main
❯ commits: 1
✔ Considering: 1 commits
❯ component: c
❯ pull request title pattern: undefined
❯ componentNoSpace: undefined
✔ Building candidate release pull request for path: pkg/d
❯ type: simple
❯ targetBranch: main
❯ commits: 1
✔ Considering: 1 commits
❯ component: d
❯ pull request title pattern: undefined
❯ componentNoSpace: undefined
        ✔ should allow configuring separate pull requests (44ms)
✔ Building pull requests
✔ Building strategies by path
❯ pkg/b: simple
❯ pkg/c: simple
❯ pkg/d: simple
✔ Collecting release commit SHAs
❯ release search depth: 400
⚠ Expected 3 releases, only found 0
⚠ Missing 3 paths: pkg/b,pkg/c,pkg/d
❯ looking for tagName: b-v1.0.0
❯ found: b-v1.0.0 abc123
❯ looking for tagName: c-v2.0.0
❯ found: c-v2.0.0 abc123
❯ looking for tagName: d-v3.0.0
❯ found: d-v3.0.0 abc123
❯ release for path: pkg/b, version: 1.0.0, sha: abc123
❯ release for path: pkg/c, version: 2.0.0, sha: abc123
❯ release for path: pkg/d, version: 3.0.0, sha: abc123
✔ Collecting commits since all latest releases
❯ commit search depth: 500
❯ Set(1) { 'abc123' }
✔ Splitting 1 commits by path
✔ Building candidate release pull request for path: pkg/b
❯ type: simple
❯ targetBranch: main
❯ commits: 1
✔ Considering: 1 commits
❯ component: b
❯ pull request title pattern: undefined
❯ componentNoSpace: undefined
✔ Building candidate release pull request for path: pkg/c
❯ type: simple
❯ targetBranch: main
❯ commits: 1
✔ Considering: 1 commits
❯ component: c
❯ pull request title pattern: undefined
❯ componentNoSpace: undefined
✔ Building candidate release pull request for path: pkg/d
❯ type: simple
❯ targetBranch: main
❯ commits: 1
✔ Considering: 1 commits
❯ component: d
❯ pull request title pattern: undefined
❯ componentNoSpace: undefined
❯ running plugin: Merge
✔ Merging 3 pull requests
⚠ pullRequestTitlePattern miss the part of '${scope}'
⚠ pullRequestTitlePattern miss the part of '${component}'
⚠ pullRequestTitlePattern miss the part of '${version}'
        ✔ should allow configuring individual separate pull requests (42ms)
✔ Building pull requests
✔ Building strategies by path
❯ pkg/b: simple
❯ pkg/c: simple
❯ pkg/d: simple
✔ Collecting release commit SHAs
❯ release search depth: 400
⚠ Expected 3 releases, only found 0
⚠ Missing 3 paths: pkg/b,pkg/c,pkg/d
❯ looking for tagName: b-v1.0.0
❯ found: b-v1.0.0 abc123
❯ looking for tagName: c-v2.0.0
❯ found: c-v2.0.0 abc123
❯ looking for tagName: v3.0.0
⚠ Expected 3 releases, only found 2
❯ release for path: pkg/b, version: 1.0.0, sha: abc123
❯ release for path: pkg/c, version: 2.0.0, sha: abc123
✔ Collecting commits since all latest releases
❯ commit search depth: 500
❯ Set(1) { 'abc123' }
✔ Splitting 2 commits by path
✔ No latest release found for path: pkg/d, component: , but a previous version (3.0.0) was specified in the manifest.
✔ Building candidate release pull request for path: pkg/b
❯ type: simple
❯ targetBranch: main
❯ commits: 1
✔ Considering: 1 commits
❯ component: b
❯ pull request title pattern: undefined
❯ componentNoSpace: undefined
✔ Building candidate release pull request for path: pkg/c
❯ type: simple
❯ targetBranch: main
❯ commits: 1
✔ Considering: 1 commits
❯ component: c
❯ pull request title pattern: undefined
❯ componentNoSpace: undefined
✔ Building candidate release pull request for path: pkg/d
❯ type: simple
❯ targetBranch: main
❯ commits: 2
⚠ No latest release pull request found.
✔ Considering: 2 commits
❯ component:
❯ pull request title pattern: undefined
❯ componentNoSpace: undefined
❯ running plugin: Merge
✔ Merging 3 pull requests
⚠ pullRequestTitlePattern miss the part of '${scope}'
⚠ pullRequestTitlePattern miss the part of '${component}'
⚠ pullRequestTitlePattern miss the part of '${version}'
        ✔ should allow configuring individual separate pull requests with includeComponentInTag = false (45ms)
    createPullRequests
      ✔ handles no pull requests
✔ Looking for open release pull requests
✔ found 0 open release pull requests.
✔ Looking for snoozed release pull requests
✔ found 0 snoozed release pull requests.
      ✔ handles a single pull request
✔ Looking for open release pull requests
✔ found 0 open release pull requests.
✔ Looking for snoozed release pull requests
✔ found 0 snoozed release pull requests.
      ✔ handles a multiple pull requests
✔ Looking for open release pull requests
✔ found 0 open release pull requests.
✔ Looking for snoozed release pull requests
✔ found 0 snoozed release pull requests.
      ✔ handles signoff users
✔ Looking for open release pull requests
✔ found 0 open release pull requests.
✔ Looking for snoozed release pull requests
✔ found 0 snoozed release pull requests.
      ✔ handles fork = true
✔ Looking for open release pull requests
⚠ Failed to find version in release notes
⚠ Failed to parse releases.
✔ found 1 open release pull requests.
✔ Looking for snoozed release pull requests
✔ found 0 snoozed release pull requests.
      ✔ updates an existing pull request
✔ Looking for open release pull requests
⚠ Failed to find version in release notes
⚠ Failed to parse releases.
✔ found 1 open release pull requests.
✔ Looking for snoozed release pull requests
✔ found 0 snoozed release pull requests.
      ✔ updates an existing snapshot pull request
❯ Found pull request #22: 'pr title1'
⚠ Failed to find version in release notes
⚠ Failed to parse releases.
⚠ There are untagged, merged release PRs outstanding - aborting
      ✔ skips pull requests if there are pending, merged pull requests
✔ Looking for open release pull requests
✔ found 0 open release pull requests.
✔ Looking for snoozed release pull requests
⚠ Failed to find version in release notes
⚠ Failed to parse releases.
✔ found 1 snoozed release pull requests.
      ✔ reopens snoozed, closed pull request if there are changes
✔ Looking for open release pull requests
✔ found 0 open release pull requests.
✔ Looking for snoozed release pull requests
✔ found 1 snoozed release pull requests.
✔ PR https://github.com/fake-owner/fake-repo/pull/22 remained the same
      ✔ ignores snoozed, closed pull request if there are no changes
      with an overflowing body
✔ Looking for open release pull requests
✔ found 1 open release pull requests.
✔ Looking for snoozed release pull requests
✔ found 0 snoozed release pull requests.
        ✔ updates an existing pull request
✔ Looking for open release pull requests
✔ Pull request body overflows, parsing full body from: https://github.com/test-owner/test-repo/blob/my-head-branch--release-notes/release-notes.md
✔ found 1 open release pull requests.
✔ Looking for snoozed release pull requests
✔ found 0 snoozed release pull requests.
✔ PR https://github.com/fake-owner/fake-repo/pull/22 remained the same
        ✔ ignores an existing pull request if there are no changes (85ms)
✔ Looking for open release pull requests
✔ Pull request body overflows, parsing full body from: https://github.com/test-owner/test-repo/blob/my-head-branch--release-notes/release-notes.md
✔ found 1 open release pull requests.
✔ Looking for snoozed release pull requests
✔ found 0 snoozed release pull requests.
        ✔ updates an existing pull request without changes if set to always update (63ms)
    buildReleases
✔ Building releases
✔ Building strategies by path
❯ .: node
❯ Found pull request #1234: 'chore: release main'
✔ Building release for path: .
❯ type: node
❯ targetBranch: main
⚠ pullRequestTitlePattern miss the part of '${scope}'
⚠ pullRequestTitlePattern miss the part of '${component}'
⚠ pullRequestTitlePattern miss the part of '${version}'
⚠ pullRequestTitlePattern miss the part of '${scope}'
⚠ pullRequestTitlePattern miss the part of '${component}'
⚠ pullRequestTitlePattern miss the part of '${version}'
      ✔ should handle a single manifest release
✔ Building releases
✔ Building strategies by path
❯ packages/bot-config-utils: node
❯ packages/label-utils: node
❯ packages/object-selector: node
❯ packages/datastore-lock: node
❯ Found pull request #1234: 'chore: release main'
✔ Building release for path: packages/bot-config-utils
❯ type: node
❯ targetBranch: main
⚠ pullRequestTitlePattern miss the part of '${scope}'
⚠ pullRequestTitlePattern miss the part of '${component}'
⚠ pullRequestTitlePattern miss the part of '${version}'
⚠ pullRequestTitlePattern miss the part of '${scope}'
⚠ pullRequestTitlePattern miss the part of '${component}'
⚠ pullRequestTitlePattern miss the part of '${version}'
✔ Building release for path: packages/label-utils
❯ type: node
❯ targetBranch: main
⚠ pullRequestTitlePattern miss the part of '${scope}'
⚠ pullRequestTitlePattern miss the part of '${component}'
⚠ pullRequestTitlePattern miss the part of '${version}'
⚠ pullRequestTitlePattern miss the part of '${scope}'
⚠ pullRequestTitlePattern miss the part of '${component}'
⚠ pullRequestTitlePattern miss the part of '${version}'
✔ Building release for path: packages/object-selector
❯ type: node
❯ targetBranch: main
⚠ pullRequestTitlePattern miss the part of '${scope}'
⚠ pullRequestTitlePattern miss the part of '${component}'
⚠ pullRequestTitlePattern miss the part of '${version}'
⚠ pullRequestTitlePattern miss the part of '${scope}'
⚠ pullRequestTitlePattern miss the part of '${component}'
⚠ pullRequestTitlePattern miss the part of '${version}'
✔ Building release for path: packages/datastore-lock
❯ type: node
❯ targetBranch: main
⚠ pullRequestTitlePattern miss the part of '${scope}'
⚠ pullRequestTitlePattern miss the part of '${component}'
⚠ pullRequestTitlePattern miss the part of '${version}'
⚠ pullRequestTitlePattern miss the part of '${scope}'
⚠ pullRequestTitlePattern miss the part of '${component}'
⚠ pullRequestTitlePattern miss the part of '${version}'
      ✔ should handle a multiple manifest release
✔ Building releases
✔ Building strategies by path
❯ packages/bot-config-utils: node
❯ packages/label-utils: node
❯ Found pull request #1234: 'chore: release main'
✔ Building release for path: packages/bot-config-utils
❯ type: node
❯ targetBranch: main
⚠ pullRequestTitlePattern miss the part of '${scope}'
⚠ pullRequestTitlePattern miss the part of '${component}'
⚠ pullRequestTitlePattern miss the part of '${version}'
⚠ pullRequestTitlePattern miss the part of '${scope}'
⚠ pullRequestTitlePattern miss the part of '${component}'
⚠ pullRequestTitlePattern miss the part of '${version}'
✔ Building release for path: packages/label-utils
❯ type: node
❯ targetBranch: main
⚠ pullRequestTitlePattern miss the part of '${scope}'
⚠ pullRequestTitlePattern miss the part of '${component}'
⚠ pullRequestTitlePattern miss the part of '${version}'
⚠ pullRequestTitlePattern miss the part of '${scope}'
⚠ pullRequestTitlePattern miss the part of '${component}'
⚠ pullRequestTitlePattern miss the part of '${version}'
      ✔ should handle a mixed manifest release
✔ Building releases
✔ Building strategies by path
❯ .: simple
❯ Found pull request #1234: 'chore(main): release 3.2.7'
✔ Building release for path: .
❯ type: simple
❯ targetBranch: main
      ✔ should handle a single standalone release
✔ Building releases
✔ Building strategies by path
❯ .: simple
❯ Found pull request #1234: 'chore(main): release 3.2.7'
✔ Building release for path: .
❯ type: simple
❯ targetBranch: main
      ✔ should handle a single component release
✔ Building releases
✔ Building strategies by path
❯ packages/bot-config-utils: node
❯ packages/label-utils: node
❯ packages/object-selector: node
❯ packages/datastore-lock: node
❯ Found pull request #1234: 'chore: release main'
✔ Building release for path: packages/bot-config-utils
❯ type: node
❯ targetBranch: main
⚠ pullRequestTitlePattern miss the part of '${scope}'
⚠ pullRequestTitlePattern miss the part of '${component}'
⚠ pullRequestTitlePattern miss the part of '${version}'
⚠ pullRequestTitlePattern miss the part of '${scope}'
⚠ pullRequestTitlePattern miss the part of '${component}'
⚠ pullRequestTitlePattern miss the part of '${version}'
✔ Building release for path: packages/label-utils
❯ type: node
❯ targetBranch: main
⚠ pullRequestTitlePattern miss the part of '${scope}'
⚠ pullRequestTitlePattern miss the part of '${component}'
⚠ pullRequestTitlePattern miss the part of '${version}'
⚠ pullRequestTitlePattern miss the part of '${scope}'
⚠ pullRequestTitlePattern miss the part of '${component}'
⚠ pullRequestTitlePattern miss the part of '${version}'
✔ Building release for path: packages/object-selector
❯ type: node
❯ targetBranch: main
✔ Release skipped from strategy config
✔ Building release for path: packages/datastore-lock
❯ type: node
❯ targetBranch: main
⚠ pullRequestTitlePattern miss the part of '${scope}'
⚠ pullRequestTitlePattern miss the part of '${component}'
⚠ pullRequestTitlePattern miss the part of '${version}'
⚠ pullRequestTitlePattern miss the part of '${scope}'
⚠ pullRequestTitlePattern miss the part of '${component}'
⚠ pullRequestTitlePattern miss the part of '${version}'
      ✔ should allow skipping releases
✔ Building releases
✔ Building strategies by path
❯ .: node
❯ Found pull request #1234: 'chore: release main'
✔ Building release for path: .
❯ type: node
❯ targetBranch: main
⚠ pullRequestTitlePattern miss the part of '${scope}'
⚠ pullRequestTitlePattern miss the part of '${component}'
⚠ pullRequestTitlePattern miss the part of '${version}'
⚠ pullRequestTitlePattern miss the part of '${scope}'
⚠ pullRequestTitlePattern miss the part of '${component}'
⚠ pullRequestTitlePattern miss the part of '${version}'
      ✔ should build draft releases
✔ Building releases
✔ Building strategies by path
❯ .: node
❯ Found pull request #1234: 'chore: release main'
✔ Building release for path: .
❯ type: node
❯ targetBranch: main
⚠ pullRequestTitlePattern miss the part of '${scope}'
⚠ pullRequestTitlePattern miss the part of '${component}'
⚠ pullRequestTitlePattern miss the part of '${version}'
⚠ pullRequestTitlePattern miss the part of '${scope}'
⚠ pullRequestTitlePattern miss the part of '${component}'
⚠ pullRequestTitlePattern miss the part of '${version}'
      ✔ should build draft releases manifest wide
✔ Building releases
✔ Building strategies by path
❯ .: node
❯ Found pull request #1234: 'chore: release main'
✔ Building release for path: .
❯ type: node
❯ targetBranch: main
⚠ pullRequestTitlePattern miss the part of '${scope}'
⚠ pullRequestTitlePattern miss the part of '${component}'
⚠ pullRequestTitlePattern miss the part of '${version}'
⚠ pullRequestTitlePattern miss the part of '${scope}'
⚠ pullRequestTitlePattern miss the part of '${component}'
⚠ pullRequestTitlePattern miss the part of '${version}'
      ✔ should build prerelease releases from beta
✔ Building releases
✔ Building strategies by path
❯ .: node
❯ Found pull request #1234: 'chore: release main'
✔ Building release for path: .
❯ type: node
❯ targetBranch: main
⚠ pullRequestTitlePattern miss the part of '${scope}'
⚠ pullRequestTitlePattern miss the part of '${component}'
⚠ pullRequestTitlePattern miss the part of '${version}'
⚠ pullRequestTitlePattern miss the part of '${scope}'
⚠ pullRequestTitlePattern miss the part of '${component}'
⚠ pullRequestTitlePattern miss the part of '${version}'
      ✔ should build prerelease releases from pre-major
✔ Building releases
✔ Building strategies by path
❯ .: node
❯ Found pull request #1234: 'chore: release main'
✔ Building release for path: .
❯ type: node
❯ targetBranch: main
⚠ pullRequestTitlePattern miss the part of '${scope}'
⚠ pullRequestTitlePattern miss the part of '${component}'
⚠ pullRequestTitlePattern miss the part of '${version}'
⚠ pullRequestTitlePattern miss the part of '${scope}'
⚠ pullRequestTitlePattern miss the part of '${component}'
⚠ pullRequestTitlePattern miss the part of '${version}'
      ✔ should not build prerelease releases from non-prerelease
✔ Building releases
✔ Building strategies by path
❯ .: node
❯ Found pull request #1234: 'chore(main): release v1.3.1'
✔ Building release for path: .
❯ type: node
❯ targetBranch: main
      ✔ should skip component in tag
✔ Building releases
✔ Building strategies by path
❯ .: simple
❯ Found pull request #1234: 'release: 3.2.7'
✔ Building release for path: .
❯ type: simple
❯ targetBranch: main
⚠ pullRequestTitlePattern miss the part of '${scope}'
⚠ pullRequestTitlePattern miss the part of '${component}'
⚠ pullRequestTitlePattern miss the part of '${scope}'
⚠ pullRequestTitlePattern miss the part of '${component}'
      ✔ should handle customized pull request title
✔ Building releases
✔ Building strategies by path
❯ .: node
❯ packages/bot-config-utils: node
❯ packages/label-utils: node
❯ packages/object-selector: node
❯ packages/datastore-lock: node
❯ Found pull request #1234: 'chore: release v3.3.0'
✔ Building release for path: .
❯ type: node
❯ targetBranch: main
✔ Building release for path: packages/bot-config-utils
❯ type: node
❯ targetBranch: main
✔ Building release for path: packages/label-utils
❯ type: node
❯ targetBranch: main
✔ Building release for path: packages/object-selector
❯ type: node
❯ targetBranch: main
✔ Building release for path: packages/datastore-lock
❯ type: node
❯ targetBranch: main
      ✔ should handle customized group pull request title
✔ Building releases
✔ Building strategies by path
❯ .: simple
❯ Found pull request #1234: 'chore(main): release storage 3.2.7'
✔ Building release for path: .
❯ type: simple
❯ targetBranch: main
⚠ PR component: storage does not match configured component:
      ✔ should skip component releases for non-component configs
✔ Building releases
✔ Building strategies by path
❯ .: simple
❯ Found pull request #1234: '[HOTFIX] - chore(hotfix/v3.1.0-bug): release 3.1.0-hotfix1'
✔ Building release for path: .
❯ type: simple
❯ targetBranch: hotfix/v3.1.0-bug
      ✔ should handle complex title and base branch
✔ Building releases
✔ Building strategies by path
❯ .: simple
❯ api: simple
❯ chat: simple
❯ cmds: simple
❯ presence: simple
❯ Found pull request #2: 'chore: release v1.0.1'
✔ Building release for path: .
❯ type: simple
❯ targetBranch: main
⚠ pullRequestTitlePattern miss the part of '${scope}'
⚠ pullRequestTitlePattern miss the part of '${component}'
⚠ pullRequestTitlePattern miss the part of '${scope}'
⚠ pullRequestTitlePattern miss the part of '${component}'
✔ Building release for path: api
❯ type: simple
❯ targetBranch: main
✔ Pull request contains releases, but not for component: api
✔ Building release for path: chat
❯ type: simple
❯ targetBranch: main
✔ Building release for path: cmds
❯ type: simple
❯ targetBranch: main
✔ Pull request contains releases, but not for component: cmds
✔ Building release for path: presence
❯ type: simple
❯ targetBranch: main
✔ Pull request contains releases, but not for component: presence
      ✔ should find the correct number of releases with a componentless tag
✔ Building releases
✔ Building strategies by path
❯ packages/bot-config-utils: node
❯ packages/label-utils: node
❯ packages/object-selector: node
❯ packages/datastore-lock: node
❯ Found pull request #1234: 'chore: release main'
✔ Pull request body overflows, parsing full body from: https://github.com/test-owner/test-repo/blob/my-head-branch--release-notes/release-notes.md
✔ Building release for path: packages/bot-config-utils
❯ type: node
❯ targetBranch: main
⚠ pullRequestTitlePattern miss the part of '${scope}'
⚠ pullRequestTitlePattern miss the part of '${component}'
⚠ pullRequestTitlePattern miss the part of '${version}'
⚠ pullRequestTitlePattern miss the part of '${scope}'
⚠ pullRequestTitlePattern miss the part of '${component}'
⚠ pullRequestTitlePattern miss the part of '${version}'
✔ Building release for path: packages/label-utils
❯ type: node
❯ targetBranch: main
⚠ pullRequestTitlePattern miss the part of '${scope}'
⚠ pullRequestTitlePattern miss the part of '${component}'
⚠ pullRequestTitlePattern miss the part of '${version}'
⚠ pullRequestTitlePattern miss the part of '${scope}'
⚠ pullRequestTitlePattern miss the part of '${component}'
⚠ pullRequestTitlePattern miss the part of '${version}'
✔ Building release for path: packages/object-selector
❯ type: node
❯ targetBranch: main
⚠ pullRequestTitlePattern miss the part of '${scope}'
⚠ pullRequestTitlePattern miss the part of '${component}'
⚠ pullRequestTitlePattern miss the part of '${version}'
⚠ pullRequestTitlePattern miss the part of '${scope}'
⚠ pullRequestTitlePattern miss the part of '${component}'
⚠ pullRequestTitlePattern miss the part of '${version}'
✔ Building release for path: packages/datastore-lock
❯ type: node
❯ targetBranch: main
⚠ pullRequestTitlePattern miss the part of '${scope}'
⚠ pullRequestTitlePattern miss the part of '${component}'
⚠ pullRequestTitlePattern miss the part of '${version}'
⚠ pullRequestTitlePattern miss the part of '${scope}'
⚠ pullRequestTitlePattern miss the part of '${component}'
⚠ pullRequestTitlePattern miss the part of '${version}'
      ✔ should handle overflowing release notes
    createReleases
✔ Building releases
✔ Building strategies by path
❯ .: node
❯ Found pull request #1234: 'chore: release main'
✔ Building release for path: .
❯ type: node
❯ targetBranch: main
⚠ pullRequestTitlePattern miss the part of '${scope}'
⚠ pullRequestTitlePattern miss the part of '${component}'
⚠ pullRequestTitlePattern miss the part of '${version}'
⚠ pullRequestTitlePattern miss the part of '${scope}'
⚠ pullRequestTitlePattern miss the part of '${component}'
⚠ pullRequestTitlePattern miss the part of '${version}'
✔ Creating 1 releases for pull #1234
      ✔ should handle a single manifest release
✔ Building releases
✔ Building strategies by path
❯ packages/bot-config-utils: node
❯ packages/label-utils: node
❯ packages/object-selector: node
❯ packages/datastore-lock: node
❯ Found pull request #1234: 'chore: release main'
✔ Building release for path: packages/bot-config-utils
❯ type: node
❯ targetBranch: main
⚠ pullRequestTitlePattern miss the part of '${scope}'
⚠ pullRequestTitlePattern miss the part of '${component}'
⚠ pullRequestTitlePattern miss the part of '${version}'
⚠ pullRequestTitlePattern miss the part of '${scope}'
⚠ pullRequestTitlePattern miss the part of '${component}'
⚠ pullRequestTitlePattern miss the part of '${version}'
✔ Building release for path: packages/label-utils
❯ type: node
❯ targetBranch: main
⚠ pullRequestTitlePattern miss the part of '${scope}'
⚠ pullRequestTitlePattern miss the part of '${component}'
⚠ pullRequestTitlePattern miss the part of '${version}'
⚠ pullRequestTitlePattern miss the part of '${scope}'
⚠ pullRequestTitlePattern miss the part of '${component}'
⚠ pullRequestTitlePattern miss the part of '${version}'
✔ Building release for path: packages/object-selector
❯ type: node
❯ targetBranch: main
⚠ pullRequestTitlePattern miss the part of '${scope}'
⚠ pullRequestTitlePattern miss the part of '${component}'
⚠ pullRequestTitlePattern miss the part of '${version}'
⚠ pullRequestTitlePattern miss the part of '${scope}'
⚠ pullRequestTitlePattern miss the part of '${component}'
⚠ pullRequestTitlePattern miss the part of '${version}'
✔ Building release for path: packages/datastore-lock
❯ type: node
❯ targetBranch: main
⚠ pullRequestTitlePattern miss the part of '${scope}'
⚠ pullRequestTitlePattern miss the part of '${component}'
⚠ pullRequestTitlePattern miss the part of '${version}'
⚠ pullRequestTitlePattern miss the part of '${scope}'
⚠ pullRequestTitlePattern miss the part of '${component}'
⚠ pullRequestTitlePattern miss the part of '${version}'
✔ Creating 4 releases for pull #1234
      ✔ should handle a multiple manifest release
✔ Building releases
✔ Building strategies by path
❯ .: simple
❯ Found pull request #1234: 'chore(main): release 3.2.7'
✔ Building release for path: .
❯ type: simple
❯ targetBranch: main
✔ Creating 1 releases for pull #1234
      ✔ should handle a single standalone release
✔ Building releases
✔ Building strategies by path
❯ .: node
❯ Found pull request #1234: 'chore: release main'
✔ Building release for path: .
❯ type: node
❯ targetBranch: main
⚠ pullRequestTitlePattern miss the part of '${scope}'
⚠ pullRequestTitlePattern miss the part of '${component}'
⚠ pullRequestTitlePattern miss the part of '${version}'
⚠ pullRequestTitlePattern miss the part of '${scope}'
⚠ pullRequestTitlePattern miss the part of '${component}'
⚠ pullRequestTitlePattern miss the part of '${version}'
✔ Creating 1 releases for pull #1234
      ✔ should allow customizing pull request labels
✔ Building releases
✔ Building strategies by path
❯ .: node
❯ Found pull request #1234: 'chore: release main'
✔ Building release for path: .
❯ type: node
❯ targetBranch: main
⚠ pullRequestTitlePattern miss the part of '${scope}'
⚠ pullRequestTitlePattern miss the part of '${component}'
⚠ pullRequestTitlePattern miss the part of '${version}'
⚠ pullRequestTitlePattern miss the part of '${scope}'
⚠ pullRequestTitlePattern miss the part of '${component}'
⚠ pullRequestTitlePattern miss the part of '${version}'
✔ Creating 1 releases for pull #1234
      ✔ should create a draft release
✔ Building releases
✔ Building strategies by path
❯ .: node
❯ Found pull request #1234: 'chore: release main'
✔ Building release for path: .
❯ type: node
❯ targetBranch: main
⚠ pullRequestTitlePattern miss the part of '${scope}'
⚠ pullRequestTitlePattern miss the part of '${component}'
⚠ pullRequestTitlePattern miss the part of '${version}'
⚠ pullRequestTitlePattern miss the part of '${scope}'
⚠ pullRequestTitlePattern miss the part of '${component}'
⚠ pullRequestTitlePattern miss the part of '${version}'
✔ Creating 1 releases for pull #1234
      ✔ should create a prerelease release from beta
✔ Building releases
✔ Building strategies by path
❯ .: node
❯ Found pull request #1234: 'chore: release main'
✔ Building release for path: .
❯ type: node
❯ targetBranch: main
⚠ pullRequestTitlePattern miss the part of '${scope}'
⚠ pullRequestTitlePattern miss the part of '${component}'
⚠ pullRequestTitlePattern miss the part of '${version}'
⚠ pullRequestTitlePattern miss the part of '${scope}'
⚠ pullRequestTitlePattern miss the part of '${component}'
⚠ pullRequestTitlePattern miss the part of '${version}'
✔ Creating 1 releases for pull #1234
      ✔ should not create a prerelease release from non-prerelease
✔ Building releases
✔ Building strategies by path
❯ packages/bot-config-utils: node
❯ packages/label-utils: node
❯ packages/object-selector: node
❯ packages/datastore-lock: node
❯ Found pull request #1234: 'chore: release main'
✔ Building release for path: packages/bot-config-utils
❯ type: node
❯ targetBranch: main
⚠ pullRequestTitlePattern miss the part of '${scope}'
⚠ pullRequestTitlePattern miss the part of '${component}'
⚠ pullRequestTitlePattern miss the part of '${version}'
⚠ pullRequestTitlePattern miss the part of '${scope}'
⚠ pullRequestTitlePattern miss the part of '${component}'
⚠ pullRequestTitlePattern miss the part of '${version}'
✔ Building release for path: packages/label-utils
❯ type: node
❯ targetBranch: main
⚠ pullRequestTitlePattern miss the part of '${scope}'
⚠ pullRequestTitlePattern miss the part of '${component}'
⚠ pullRequestTitlePattern miss the part of '${version}'
⚠ pullRequestTitlePattern miss the part of '${scope}'
⚠ pullRequestTitlePattern miss the part of '${component}'
⚠ pullRequestTitlePattern miss the part of '${version}'
✔ Building release for path: packages/object-selector
❯ type: node
❯ targetBranch: main
⚠ pullRequestTitlePattern miss the part of '${scope}'
⚠ pullRequestTitlePattern miss the part of '${component}'
⚠ pullRequestTitlePattern miss the part of '${version}'
⚠ pullRequestTitlePattern miss the part of '${scope}'
⚠ pullRequestTitlePattern miss the part of '${component}'
⚠ pullRequestTitlePattern miss the part of '${version}'
✔ Building release for path: packages/datastore-lock
❯ type: node
❯ targetBranch: main
⚠ pullRequestTitlePattern miss the part of '${scope}'
⚠ pullRequestTitlePattern miss the part of '${component}'
⚠ pullRequestTitlePattern miss the part of '${version}'
⚠ pullRequestTitlePattern miss the part of '${scope}'
⚠ pullRequestTitlePattern miss the part of '${component}'
⚠ pullRequestTitlePattern miss the part of '${version}'
✔ Creating 4 releases for pull #1234
⚠ Duplicate release tag: bot-config-utils-v3.2.0
      ✔ should handle partially failed manifest release
✔ Building releases
✔ Building strategies by path
❯ packages/bot-config-utils: node
❯ packages/label-utils: node
❯ packages/object-selector: node
❯ packages/datastore-lock: node
❯ Found pull request #1234: 'chore: release main'
✔ Building release for path: packages/bot-config-utils
❯ type: node
❯ targetBranch: main
⚠ pullRequestTitlePattern miss the part of '${scope}'
⚠ pullRequestTitlePattern miss the part of '${component}'
⚠ pullRequestTitlePattern miss the part of '${version}'
⚠ pullRequestTitlePattern miss the part of '${scope}'
⚠ pullRequestTitlePattern miss the part of '${component}'
⚠ pullRequestTitlePattern miss the part of '${version}'
✔ Building release for path: packages/label-utils
❯ type: node
❯ targetBranch: main
⚠ pullRequestTitlePattern miss the part of '${scope}'
⚠ pullRequestTitlePattern miss the part of '${component}'
⚠ pullRequestTitlePattern miss the part of '${version}'
⚠ pullRequestTitlePattern miss the part of '${scope}'
⚠ pullRequestTitlePattern miss the part of '${component}'
⚠ pullRequestTitlePattern miss the part of '${version}'
✔ Building release for path: packages/object-selector
❯ type: node
❯ targetBranch: main
⚠ pullRequestTitlePattern miss the part of '${scope}'
⚠ pullRequestTitlePattern miss the part of '${component}'
⚠ pullRequestTitlePattern miss the part of '${version}'
⚠ pullRequestTitlePattern miss the part of '${scope}'
⚠ pullRequestTitlePattern miss the part of '${component}'
⚠ pullRequestTitlePattern miss the part of '${version}'
✔ Building release for path: packages/datastore-lock
❯ type: node
❯ targetBranch: main
⚠ pullRequestTitlePattern miss the part of '${scope}'
⚠ pullRequestTitlePattern miss the part of '${component}'
⚠ pullRequestTitlePattern miss the part of '${version}'
⚠ pullRequestTitlePattern miss the part of '${scope}'
⚠ pullRequestTitlePattern miss the part of '${component}'
⚠ pullRequestTitlePattern miss the part of '${version}'
✔ Creating 4 releases for pull #1234
⚠ Duplicate release tag: bot-config-utils-v3.2.0
⚠ Duplicate release tag: label-utils-v1.1.0
⚠ Duplicate release tag: object-selector-v1.1.0
⚠ Duplicate release tag: datastore-lock-v2.1.0
      ✔ should throw DuplicateReleaseError if all releases already tagged

  CargoWorkspace plugin
    run
      ✔ rejects if not a workspace
      ✔ rejects if no workspace members
✔ Running workspace plugin
✔ Found 0 in-scope releases
      ✔ does nothing for non-rust strategies
✔ Running workspace plugin
✔ Found 1 in-scope releases
✔ Building list of all packages
✔ looking for candidate with path: packages/rustA
✔ looking for candidate with path: .
⚠ package manifest at Cargo.toml is missing [package.name]
✔ Building dependency graph for 1 packages
✔ building graph order, existing package names: pkgA
❯ visiting pkgA, path:
❯ marking pkgA as visited and adding pkgA to order
✔ Updating 1 packages
❯ package: pkgA
❯ version: 1.1.2 from release-please
✔ Updating existing candidate pull request for pkgA, path: packages/rustA
✔ Merging 1 in-scope candidates
✔ Merging 1 pull requests
⚠ pullRequestTitlePattern miss the part of '${scope}'
⚠ pullRequestTitlePattern miss the part of '${component}'
⚠ pullRequestTitlePattern miss the part of '${version}'
✔ Post-processing 1 in-scope candidates
      ✔ handles a single rust package
✔ Running workspace plugin
✔ Found 2 in-scope releases
✔ Building list of all packages
✔ looking for candidate with path: packages/rustA
✔ looking for candidate with path: packages/rustD
✔ looking for candidate with path: .
⚠ package manifest at Cargo.toml is missing [package.name]
✔ Building dependency graph for 2 packages
✔ building graph order, existing package names: pkgA,pkgD
❯ visiting pkgA, path:
❯ marking pkgA as visited and adding pkgA to order
❯ visiting pkgD, path:
❯ marking pkgD as visited and adding pkgD to order
✔ Updating 2 packages
❯ package: pkgA
❯ version: 1.1.2 from release-please
❯ package: pkgD
❯ version: 4.4.5 from release-please
✔ Updating existing candidate pull request for pkgA, path: packages/rustA
✔ Updating existing candidate pull request for pkgD, path: packages/rustD
✔ Merging 2 in-scope candidates
✔ Merging 2 pull requests
⚠ pullRequestTitlePattern miss the part of '${scope}'
⚠ pullRequestTitlePattern miss the part of '${component}'
⚠ pullRequestTitlePattern miss the part of '${version}'
✔ Post-processing 1 in-scope candidates
      ✔ combines rust packages
✔ Running workspace plugin
✔ Found 2 in-scope releases
✔ Building list of all packages
✔ looking for candidate with path: packages/rustA
✔ looking for candidate with path: packages/rustD
✔ looking for candidate with path: .
⚠ package manifest at Cargo.toml is missing [package.name]
✔ Building dependency graph for 2 packages
✔ building graph order, existing package names: pkgA,pkgD
❯ visiting pkgA, path:
❯ marking pkgA as visited and adding pkgA to order
❯ visiting pkgD, path:
❯ marking pkgD as visited and adding pkgD to order
✔ Updating 2 packages
❯ package: pkgA
❯ version: 1.1.2 from release-please
❯ package: pkgD
❯ version: 4.4.5 from release-please
✔ Updating existing candidate pull request for pkgA, path: packages/rustA
✔ Updating existing candidate pull request for pkgD, path: packages/rustD
✔ Merging 2 in-scope candidates
✔ Merging 2 pull requests
⚠ pullRequestTitlePattern miss the part of '${scope}'
⚠ pullRequestTitlePattern miss the part of '${component}'
⚠ pullRequestTitlePattern miss the part of '${version}'
✔ Post-processing 1 in-scope candidates
      ✔ handles glob paths
✔ Running workspace plugin
✔ Found 2 in-scope releases
✔ Building list of all packages
✔ looking for candidate with path: packages/rustA
✔ looking for candidate with path: packages/rustB
✔ looking for candidate with path: packages/rustC
✔ looking for candidate with path: packages/rustD
✔ looking for candidate with path: packages/rustE
✔ looking for candidate with path: .
⚠ package manifest at Cargo.toml is missing [package.name]
✔ Building dependency graph for 5 packages
✔ building graph order, existing package names: pkgA,pkgD
❯ visiting pkgA, path:
✔ visiting pkgB next
❯ visiting pkgB, path: pkgA
✔ visiting pkgC next
❯ visiting pkgC, path: pkgA,pkgB
❯ marking pkgC as visited and adding pkgC to order
❯ marking pkgB as visited and adding pkgB to order
✔ visiting pkgE next
❯ visiting pkgE, path: pkgA
❯ marking pkgE as visited and adding pkgE to order
❯ marking pkgA as visited and adding pkgA to order
❯ visiting pkgD, path:
❯ marking pkgD as visited and adding pkgD to order
✔ Updating 5 packages
❯ package: pkgA
❯ version: 1.1.2 from release-please
❯ package: pkgB
❯ version: 2.2.3 forced bump
❯ package: pkgC
❯ version: 3.3.4 forced bump
❯ package: pkgD
❯ version: 4.4.5 from release-please
❯ package: pkgE
❯ version: 3.3.4 forced bump
✔ Updating existing candidate pull request for pkgA, path: packages/rustA
✔ Creating new candidate pull request for pkgB
✔ updating dependencies.pkgA from 1.1.1 to 1.1.2
✔ Creating new candidate pull request for pkgC
✔ updating dependencies.pkgB from 2.2.2 to 2.2.3
✔ Updating existing candidate pull request for pkgD, path: packages/rustD
✔ Creating new candidate pull request for pkgE
✔ updating  target.cfg(foobar).dependencies.pkgA from 1.1.1 to 1.1.2
✔ Merging 5 in-scope candidates
✔ Merging 5 pull requests
⚠ pullRequestTitlePattern miss the part of '${scope}'
⚠ pullRequestTitlePattern miss the part of '${component}'
⚠ pullRequestTitlePattern miss the part of '${version}'
✔ Post-processing 1 in-scope candidates
      ✔ walks dependency tree and updates previously untouched packages
✔ Running workspace plugin
✔ Found 2 in-scope releases
✔ Building list of all packages
✔ looking for candidate with path: packages/rustA
✔ looking for candidate with path: packages/rustB
✔ looking for candidate with path: packages/rustC
✔ looking for candidate with path: packages/rustD
✔ looking for candidate with path: packages/rustE
✔ looking for candidate with path: .
⚠ package manifest at Cargo.toml is missing [package.name]
✔ Building dependency graph for 5 packages
✔ building graph order, existing package names: pkgA,pkgD
❯ visiting pkgA, path:
✔ visiting pkgB next
❯ visiting pkgB, path: pkgA
✔ visiting pkgC next
❯ visiting pkgC, path: pkgA,pkgB
❯ marking pkgC as visited and adding pkgC to order
❯ marking pkgB as visited and adding pkgB to order
✔ visiting pkgE next
❯ visiting pkgE, path: pkgA
❯ marking pkgE as visited and adding pkgE to order
❯ marking pkgA as visited and adding pkgA to order
❯ visiting pkgD, path:
❯ marking pkgD as visited and adding pkgD to order
✔ Updating 5 packages
❯ package: pkgA
❯ version: 1.1.2 from release-please
❯ package: pkgB
❯ version: 2.2.3 forced bump
❯ package: pkgC
❯ version: 3.3.4 forced bump
❯ package: pkgD
❯ version: 4.4.5 from release-please
❯ package: pkgE
❯ version: 3.3.4 forced bump
✔ Updating existing candidate pull request for pkgA, path: packages/rustA
✔ Creating new candidate pull request for pkgB
✔ updating dependencies.pkgA from 1.1.1 to 1.1.2
✔ Creating new candidate pull request for pkgC
✔ updating dependencies.pkgB from 2.2.2 to 2.2.3
✔ Updating existing candidate pull request for pkgD, path: packages/rustD
✔ Creating new candidate pull request for pkgE
✔ updating  target.cfg(foobar).dependencies.pkgA from 1.1.1 to 1.1.2
✔ Post-processing 5 in-scope candidates
⚠ Unable to find root candidate pull request
      ✔ can skip merging rust packages
✔ Running workspace plugin
✔ Found 2 in-scope releases
✔ Building list of all packages
✔ looking for candidate with path: packages/rustA
✔ looking for candidate with path: packages/rustB
✔ looking for candidate with path: packages/rustC
✔ looking for candidate with path: packages/rustD
✔ looking for candidate with path: packages/rustE
✔ looking for candidate with path: .
⚠ package manifest at Cargo.toml is missing [package.name]
✔ Building dependency graph for 5 packages
✔ building graph order, existing package names: pkgA,pkgB
❯ visiting pkgA, path:
✔ visiting pkgB next
❯ visiting pkgB, path: pkgA
✔ visiting pkgC next
❯ visiting pkgC, path: pkgA,pkgB
❯ marking pkgC as visited and adding pkgC to order
❯ marking pkgB as visited and adding pkgB to order
✔ visiting pkgE next
❯ visiting pkgE, path: pkgA
❯ marking pkgE as visited and adding pkgE to order
❯ marking pkgA as visited and adding pkgA to order
❯ visiting pkgB, path:
✔ visiting pkgC next
❯ visiting pkgC, path: pkgB
❯ [object Object] already visited
❯ [object Object] already visited
✔ Updating 4 packages
❯ package: pkgA
❯ version: 1.1.2 from release-please
❯ package: pkgB
❯ version: 2.2.3 from release-please
❯ package: pkgC
❯ version: 3.3.4 forced bump
❯ package: pkgE
❯ version: 3.3.4 forced bump
✔ Updating existing candidate pull request for pkgA, path: packages/rustA
✔ Updating existing candidate pull request for pkgB, path: packages/rustB
✔ updating dependencies.pkgA from 1.1.1 to 1.1.2
✔ appending dependency notes to changelog
✔ Creating new candidate pull request for pkgC
✔ updating dependencies.pkgB from 2.2.2 to 2.2.3
✔ Creating new candidate pull request for pkgE
✔ updating  target.cfg(foobar).dependencies.pkgA from 1.1.1 to 1.1.2
✔ Merging 4 in-scope candidates
✔ Merging 4 pull requests
⚠ pullRequestTitlePattern miss the part of '${scope}'
⚠ pullRequestTitlePattern miss the part of '${component}'
⚠ pullRequestTitlePattern miss the part of '${version}'
✔ Post-processing 1 in-scope candidates
      ✔ appends dependency notes to an updated module
✔ Running workspace plugin
✔ Found 1 in-scope releases
✔ Building list of all packages
✔ looking for candidate with path: packages/rustA
✔ looking for candidate with path: packages/rustB
✔ looking for candidate with path: packages/rustC
✔ looking for candidate with path: packages/rustD
✔ looking for candidate with path: packages/rustE
✔ looking for candidate with path: .
⚠ package manifest at Cargo.toml is missing [package.name]
✔ Building dependency graph for 5 packages
✔ building graph order, existing package names: pkgB
❯ visiting pkgB, path:
✔ visiting pkgC next
❯ visiting pkgC, path: pkgB
❯ marking pkgC as visited and adding pkgC to order
❯ marking pkgB as visited and adding pkgB to order
✔ Updating 2 packages
❯ package: pkgB
❯ version: 2.3.0 from release-please
❯ package: pkgC
❯ version: 3.3.4 forced bump
✔ Updating existing candidate pull request for pkgB, path: packages/rustB
✔ Creating new candidate pull request for pkgC
✔ updating dependencies.pkgB from 2.2.2 to 2.3.0
✔ Merging 2 in-scope candidates
✔ Merging 2 pull requests
⚠ pullRequestTitlePattern miss the part of '${scope}'
⚠ pullRequestTitlePattern miss the part of '${component}'
⚠ pullRequestTitlePattern miss the part of '${version}'
✔ Post-processing 1 in-scope candidates
      ✔ skips component if not touched
✔ Running workspace plugin
✔ Found 1 in-scope releases
✔ Building list of all packages
✔ looking for candidate with path: packages/rustA
✔ looking for candidate with path: packages/rustB
      ✔ handles packages without version
✔ Running workspace plugin
✔ Found 1 in-scope releases
✔ Building list of all packages
✔ looking for candidate with path: packages/rustA
✔ looking for candidate with path: packages/rustB
      ✔ handles packages with invalid version

  Plugin compatibility
    linked-versions and group-pull-request-title-pattern
✔ Building pull requests
✔ Building strategies by path
❯ .: node
❯ packages/nodeA: node
✔ Collecting release commit SHAs
❯ release search depth: 400
❯ Found release for path ., primary-v1.0.0
❯ Found release for path packages/nodeA, pkgA-v1.0.0
❯ release for path: ., version: 1.0.0, sha: abc123
❯ release for path: packages/nodeA, version: 1.0.0, sha: abc123
✔ Collecting commits since all latest releases
❯ commit search depth: 500
❯ Set(1) { 'abc123' }
✔ Splitting 1 commits by path
✔ Found 2 group components for my group
✔ Considering: 1 commits
❯ component: primary
❯ pull request title pattern: undefined
❯ componentNoSpace: undefined
✔ Considering: 1 commits
❯ component: pkgA
❯ pull request title pattern: undefined
❯ componentNoSpace: undefined
✔ Replacing strategy for path . with forced version: 1.1.0
✔ Replacing strategy for path packages/nodeA with forced version: 1.1.0
✔ Building candidate release pull request for path: .
❯ type: node
❯ targetBranch: main
❯ commits: 1
✔ Considering: 1 commits
⚠ Setting version for . from release-as configuration
❯ component: primary
❯ pull request title pattern: undefined
❯ componentNoSpace: undefined
✔ Building candidate release pull request for path: packages/nodeA
❯ type: node
❯ targetBranch: main
❯ commits: 1
✔ Considering: 1 commits
⚠ Setting version for packages/nodeA from release-as configuration
❯ component: pkgA
❯ pull request title pattern: undefined
❯ componentNoSpace: undefined
❯ running plugin: LinkedVersions
✔ found 2 linked-versions candidates
✔ Merging 2 pull requests
⚠ pullRequestTitlePattern miss the part of '${component}'
⚠ pullRequestTitlePattern miss the part of '${version}'
❯ running plugin: Merge
✔ Merging 1 pull requests
⚠ pullRequestTitlePattern miss the part of '${scope}'
-----------------------------------
✔ Building releases
❯ Found pull request #1234: 'chore: Release primary 1.1.0'
✔ Building release for path: .
❯ type: node
❯ targetBranch: main
⚠ pullRequestTitlePattern miss the part of '${scope}'
⚠ pullRequestTitlePattern miss the part of '${scope}'
✔ Building release for path: packages/nodeA
❯ type: node
❯ targetBranch: main
⚠ pullRequestTitlePattern miss the part of '${scope}'
⚠ pullRequestTitlePattern miss the part of '${scope}'
      ✔ should find release to create (68ms)

  Plugin compatibility
    linked-versions and workspace
✔ Building pull requests
✔ Building strategies by path
❯ packages/rustA: rust
❯ packages/rustB: rust
✔ Collecting release commit SHAs
❯ release search depth: 400
❯ Found release for path packages/rustA, pkgA-v1.0.0
❯ Found release for path packages/rustB, pkgB-v1.0.0
❯ release for path: packages/rustA, version: 1.0.0, sha: abc123
❯ release for path: packages/rustB, version: 1.0.0, sha: abc123
✔ Collecting commits since all latest releases
❯ commit search depth: 500
❯ Set(1) { 'abc123' }
✔ Splitting 1 commits by path
✔ Found 2 group components for my group
✔ Considering: 1 commits
❯ component: pkgA
❯ pull request title pattern: undefined
❯ componentNoSpace: undefined
✔ single crate found, updating Cargo.toml
✔ Considering: 0 commits
✔ No commits for path: packages/rustB, skipping
✔ Replacing strategy for path packages/rustA with forced version: 1.1.0
✔ Replacing strategy for path packages/rustB with forced version: 1.1.0
❯ Appending fake commit for path: packages/rustB
✔ Building candidate release pull request for path: packages/rustA
❯ type: rust
❯ targetBranch: main
❯ commits: 1
✔ Considering: 1 commits
⚠ Setting version for packages/rustA from release-as configuration
❯ component: pkgA
❯ pull request title pattern: undefined
❯ componentNoSpace: undefined
✔ single crate found, updating Cargo.toml
✔ Building candidate release pull request for path: packages/rustB
❯ type: rust
❯ targetBranch: main
❯ commits: 2
✔ Considering: 2 commits
⚠ Setting version for packages/rustB from release-as configuration
❯ component: pkgB
❯ pull request title pattern: undefined
❯ componentNoSpace: undefined
✔ single crate found, updating Cargo.toml
❯ running plugin: CargoWorkspace
✔ Running workspace plugin
✔ Found 2 in-scope releases
✔ Building list of all packages
✔ looking for candidate with path: packages/rustA
✔ looking for candidate with path: packages/rustB
✔ looking for candidate with path: .
⚠ package manifest at Cargo.toml is missing [package.name]
✔ Building dependency graph for 2 packages
✔ building graph order, existing package names: pkgA,pkgB
❯ visiting pkgA, path:
✔ visiting pkgB next
❯ visiting pkgB, path: pkgA
❯ marking pkgB as visited and adding pkgB to order
❯ marking pkgA as visited and adding pkgA to order
❯ visiting pkgB, path:
❯ [object Object] already visited
✔ Updating 2 packages
❯ package: pkgA
❯ version: 1.1.0 from release-please
❯ package: pkgB
❯ version: 1.1.0 from release-please
✔ Updating existing candidate pull request for pkgA, path: packages/rustA
✔ Updating existing candidate pull request for pkgB, path: packages/rustB
✔ updating dependencies.pkgA from 1.0.0 to 1.1.0
✔ appending dependency notes to changelog
✔ appending dependency notes to changelog
✔ Post-processing 2 in-scope candidates
⚠ Unable to find root candidate pull request
❯ running plugin: LinkedVersions
✔ found 2 linked-versions candidates
✔ Merging 2 pull requests
⚠ pullRequestTitlePattern miss the part of '${component}'
⚠ pullRequestTitlePattern miss the part of '${version}'
❯ running plugin: Merge
✔ Merging 1 pull requests
⚠ pullRequestTitlePattern miss the part of '${scope}'
⚠ pullRequestTitlePattern miss the part of '${component}'
⚠ pullRequestTitlePattern miss the part of '${version}'
      ✔ should version bump dependencies together (56ms)

  Plugin compatibility
    separate-pull-requests and workspace plugin
✔ Building pull requests
✔ Building strategies by path
❯ packages/node1: node
❯ packages/node2: node
❯ packages/node3: node
✔ Collecting release commit SHAs
❯ release search depth: 400
❯ Found release for path packages/node1, pkgA-v1.0.0
❯ Found release for path packages/node2, pkgB-v1.0.0
❯ Found release for path packages/node3, pkgC-v1.0.0
❯ release for path: packages/node1, version: 1.0.0, sha: abc123
❯ release for path: packages/node2, version: 1.0.0, sha: abc123
❯ release for path: packages/node3, version: 1.0.0, sha: abc123
✔ Collecting commits since all latest releases
❯ commit search depth: 500
❯ Set(1) { 'abc123' }
⚠ Expected 1 commits, only found 0
✔ Splitting 1 commits by path
✔ Building candidate release pull request for path: packages/node1
❯ type: node
❯ targetBranch: main
❯ commits: 0
⚠ No latest release pull request found.
✔ Considering: 0 commits
✔ No commits for path: packages/node1, skipping
✔ Building candidate release pull request for path: packages/node2
❯ type: node
❯ targetBranch: main
❯ commits: 0
⚠ No latest release pull request found.
✔ Considering: 0 commits
✔ No commits for path: packages/node2, skipping
✔ Building candidate release pull request for path: packages/node3
❯ type: node
❯ targetBranch: main
❯ commits: 1
⚠ No latest release pull request found.
✔ Considering: 1 commits
❯ component: pkgC
❯ pull request title pattern: undefined
❯ componentNoSpace: undefined
❯ running plugin: NodeWorkspace
✔ Running workspace plugin
✔ Found 1 in-scope releases
✔ Building list of all packages
❯ No candidate pull request for path: packages/node1 - inspect package from packages/node1/package.json
❯ No candidate pull request for path: packages/node2 - inspect package from packages/node2/package.json
❯ Found candidate pull request for path: packages/node3
✔ Building dependency graph for 3 packages
✔ building graph order, existing package names: pkgC
❯ visiting pkgC, path:
✔ visiting pkgA next
❯ visiting pkgA, path: pkgC
❯ marking pkgA as visited and adding pkgA to order
✔ visiting pkgB next
❯ visiting pkgB, path: pkgC
❯ marking pkgB as visited and adding pkgB to order
❯ marking pkgC as visited and adding pkgC to order
✔ Updating 3 packages
❯ package: pkgA
❯ version: 1.0.1 forced bump
❯ package: pkgB
❯ version: 1.0.1 forced bump
❯ package: pkgC
❯ version: 1.1.0 from release-please
✔ Creating new candidate pull request for pkgA
✔ Considering: 0 commits
❯ component: pkgA
❯ pull request title pattern: undefined
❯ componentNoSpace: undefined
✔ appending dependency notes to changelog
✔ appending dependency notes to changelog
✔ Creating new candidate pull request for pkgB
✔ Considering: 0 commits
❯ component: pkgB
❯ pull request title pattern: undefined
❯ componentNoSpace: undefined
✔ appending dependency notes to changelog
✔ appending dependency notes to changelog
✔ Updating existing candidate pull request for pkgC, path: packages/node3
✔ Post-processing 3 in-scope candidates
      ✔ should version bump dependencies together (47ms)

  GroupPriority plugin
    run
❯ Group priority plugin running with groups: snapshot
❯ Considering group: snapshot
❯ Found preferred group: snapshot with 1 candidate pull requests
      ✔ prioritizes a group
❯ Group priority plugin running with groups: snapshot
❯ Considering group: snapshot
❯ No preferred group found, returning full set.
      ✔ falls back to all pull requests if prioritized group not found

  LinkedVersions plugin
✔ Building pull requests
✔ Building strategies by path
❯ path/a: simple
❯ path/b: simple
❯ path/c: simple
✔ Collecting release commit SHAs
❯ release search depth: 400
❯ Found release for path path/a, pkg1-v1.0.0
❯ Found release for path path/b, pkg2-v0.2.3
❯ Found release for path path/c, pkg3-v0.2.3
❯ release for path: path/a, version: 1.0.0, sha: abc123
❯ release for path: path/b, version: 0.2.3, sha: def234
❯ release for path: path/c, version: 0.2.3, sha: def234
✔ Collecting commits since all latest releases
❯ commit search depth: 500
❯ Set(2) { 'abc123', 'def234' }
✔ Splitting 4 commits by path
✔ Found 2 group components for group name
✔ Considering: 2 commits
❯ component: pkg2
❯ pull request title pattern: undefined
❯ componentNoSpace: undefined
✔ Considering: 1 commits
❯ component: pkg3
❯ pull request title pattern: undefined
❯ componentNoSpace: undefined
✔ No user facing commits found since def234 - skipping
✔ Replacing strategy for path path/b with forced version: 0.2.4
✔ Replacing strategy for path path/c with forced version: 0.2.4
❯ Appending fake commit for path: path/c
✔ Building candidate release pull request for path: path/a
❯ type: simple
❯ targetBranch: target-branch
❯ commits: 1
✔ Considering: 1 commits
❯ component: pkg1
❯ pull request title pattern: undefined
❯ componentNoSpace: undefined
✔ Building candidate release pull request for path: path/b
❯ type: simple
❯ targetBranch: target-branch
❯ commits: 2
✔ Considering: 2 commits
⚠ Setting version for path/b from release-as configuration
❯ component: pkg2
❯ pull request title pattern: undefined
❯ componentNoSpace: undefined
✔ Building candidate release pull request for path: path/c
❯ type: simple
❯ targetBranch: target-branch
❯ commits: 3
✔ Considering: 3 commits
⚠ Setting version for path/c from release-as configuration
❯ component: pkg3
❯ pull request title pattern: undefined
❯ componentNoSpace: undefined
❯ running plugin: LinkedVersions
✔ found 2 linked-versions candidates
✔ Merging 2 pull requests
⚠ pullRequestTitlePattern miss the part of '${component}'
⚠ pullRequestTitlePattern miss the part of '${version}'
❯ running plugin: Merge
✔ Merging 2 pull requests
⚠ pullRequestTitlePattern miss the part of '${scope}'
⚠ pullRequestTitlePattern miss the part of '${component}'
⚠ pullRequestTitlePattern miss the part of '${version}'
    ✔ should sync versions pull requests (71ms)
✔ Building pull requests
✔ Building strategies by path
❯ path/a: simple
❯ path/b: simple
❯ path/c: simple
✔ Collecting release commit SHAs
❯ release search depth: 400
❯ Found release for path path/a, pkg1-v1.0.0
❯ Found release for path path/b, pkg2-v0.2.3
❯ Found release for path path/c, pkg3-v0.2.3
❯ release for path: path/a, version: 1.0.0, sha: abc123
❯ release for path: path/b, version: 0.2.3, sha: def234
❯ release for path: path/c, version: 0.2.3, sha: def234
✔ Collecting commits since all latest releases
❯ commit search depth: 500
❯ Set(2) { 'abc123', 'def234' }
✔ Splitting 4 commits by path
✔ Found 2 group components for group name
✔ Considering: 2 commits
❯ component: pkg2
❯ pull request title pattern: undefined
❯ componentNoSpace: undefined
✔ Considering: 1 commits
❯ component: pkg3
❯ pull request title pattern: undefined
❯ componentNoSpace: undefined
✔ No user facing commits found since def234 - skipping
✔ Replacing strategy for path path/b with forced version: 0.2.4
✔ Replacing strategy for path path/c with forced version: 0.2.4
❯ Appending fake commit for path: path/c
✔ Building candidate release pull request for path: path/a
❯ type: simple
❯ targetBranch: target-branch
❯ commits: 1
✔ Considering: 1 commits
❯ component: pkg1
❯ pull request title pattern: undefined
❯ componentNoSpace: undefined
✔ Building candidate release pull request for path: path/b
❯ type: simple
❯ targetBranch: target-branch
❯ commits: 2
✔ Considering: 2 commits
⚠ Setting version for path/b from release-as configuration
❯ component: pkg2
❯ pull request title pattern: undefined
❯ componentNoSpace: undefined
✔ Building candidate release pull request for path: path/c
❯ type: simple
❯ targetBranch: target-branch
❯ commits: 3
✔ Considering: 3 commits
⚠ Setting version for path/c from release-as configuration
❯ component: pkg3
❯ pull request title pattern: undefined
❯ componentNoSpace: undefined
❯ running plugin: LinkedVersions
✔ found 2 linked-versions candidates
✔ Merging 2 pull requests
⚠ pullRequestTitlePattern miss the part of '${component}'
⚠ pullRequestTitlePattern miss the part of '${version}'
    ✔ should group pull requests (70ms)
✔ Building pull requests
✔ Building strategies by path
❯ path/a: simple
❯ path/b: simple
❯ path/c: simple
✔ Collecting release commit SHAs
❯ release search depth: 400
❯ Found release for path path/a, pkg1-v1.0.0
❯ Found release for path path/b, pkg2-v0.2.3
❯ Found release for path path/c, pkg3-v0.2.3
❯ release for path: path/a, version: 1.0.0, sha: abc123
❯ release for path: path/b, version: 0.2.3, sha: def234
❯ release for path: path/c, version: 0.2.3, sha: def234
✔ Collecting commits since all latest releases
❯ commit search depth: 500
❯ Set(2) { 'abc123', 'def234' }
✔ Splitting 4 commits by path
✔ Found 2 group components for group name
✔ Considering: 2 commits
❯ component: pkg2
❯ pull request title pattern: undefined
❯ componentNoSpace: undefined
✔ Considering: 1 commits
❯ component: pkg3
❯ pull request title pattern: undefined
❯ componentNoSpace: undefined
✔ No user facing commits found since def234 - skipping
✔ Replacing strategy for path path/b with forced version: 0.2.4
✔ Replacing strategy for path path/c with forced version: 0.2.4
❯ Appending fake commit for path: path/c
✔ Building candidate release pull request for path: path/a
❯ type: simple
❯ targetBranch: target-branch
❯ commits: 1
✔ Considering: 1 commits
❯ component: pkg1
❯ pull request title pattern: undefined
❯ componentNoSpace: undefined
✔ Building candidate release pull request for path: path/b
❯ type: simple
❯ targetBranch: target-branch
❯ commits: 2
✔ Considering: 2 commits
⚠ Setting version for path/b from release-as configuration
❯ component: pkg2
❯ pull request title pattern: undefined
❯ componentNoSpace: undefined
✔ Building candidate release pull request for path: path/c
❯ type: simple
❯ targetBranch: target-branch
❯ commits: 3
✔ Considering: 3 commits
⚠ Setting version for path/c from release-as configuration
❯ component: pkg3
❯ pull request title pattern: undefined
❯ componentNoSpace: undefined
❯ running plugin: LinkedVersions
    ✔ can skip grouping pull requests (71ms)
✔ Building pull requests
✔ Building strategies by path
❯ path/a: simple
❯ path/b: simple
❯ path/c: simple
❯ path/d: simple
✔ Collecting release commit SHAs
❯ release search depth: 400
❯ Found release for path path/a, pkg1-v1.0.0
❯ Found release for path path/b, pkg2-v0.2.3
❯ Found release for path path/c, pkg3-v0.2.3
❯ Found release for path path/d, pkg4-v1.0.0
❯ release for path: path/a, version: 1.0.0, sha: abc123
❯ release for path: path/b, version: 0.2.3, sha: def234
❯ release for path: path/c, version: 0.2.3, sha: def234
❯ release for path: path/d, version: 1.0.0, sha: abc123
✔ Collecting commits since all latest releases
❯ commit search depth: 500
❯ Set(2) { 'abc123', 'def234' }
✔ Splitting 4 commits by path
✔ Found 2 group components for group name
✔ Considering: 2 commits
❯ component: pkg2
❯ pull request title pattern: undefined
❯ componentNoSpace: undefined
✔ Considering: 1 commits
❯ component: pkg3
❯ pull request title pattern: undefined
❯ componentNoSpace: undefined
✔ No user facing commits found since def234 - skipping
✔ Replacing strategy for path path/b with forced version: 0.2.4
✔ Replacing strategy for path path/c with forced version: 0.2.4
❯ Appending fake commit for path: path/c
✔ Found 2 group components for second group name
✔ Considering: 1 commits
❯ component: pkg1
❯ pull request title pattern: undefined
❯ componentNoSpace: undefined
✔ Considering: 0 commits
✔ No commits for path: path/d, skipping
✔ Replacing strategy for path path/a with forced version: 1.0.1
✔ Replacing strategy for path path/d with forced version: 1.0.1
❯ Appending fake commit for path: path/d
✔ Building candidate release pull request for path: path/a
❯ type: simple
❯ targetBranch: target-branch
❯ commits: 1
✔ Considering: 1 commits
⚠ Setting version for path/a from release-as configuration
❯ component: pkg1
❯ pull request title pattern: undefined
❯ componentNoSpace: undefined
✔ Building candidate release pull request for path: path/b
❯ type: simple
❯ targetBranch: target-branch
❯ commits: 2
✔ Considering: 2 commits
⚠ Setting version for path/b from release-as configuration
❯ component: pkg2
❯ pull request title pattern: undefined
❯ componentNoSpace: undefined
✔ Building candidate release pull request for path: path/c
❯ type: simple
❯ targetBranch: target-branch
❯ commits: 3
✔ Considering: 3 commits
⚠ Setting version for path/c from release-as configuration
❯ component: pkg3
❯ pull request title pattern: undefined
❯ componentNoSpace: undefined
✔ Building candidate release pull request for path: path/d
❯ type: simple
❯ targetBranch: target-branch
❯ commits: 2
✔ Considering: 2 commits
⚠ Setting version for path/d from release-as configuration
❯ component: pkg4
❯ pull request title pattern: undefined
❯ componentNoSpace: undefined
❯ running plugin: LinkedVersions
✔ found 2 linked-versions candidates
✔ Merging 2 pull requests
⚠ pullRequestTitlePattern miss the part of '${component}'
⚠ pullRequestTitlePattern miss the part of '${version}'
❯ running plugin: LinkedVersions
⚠ pull request missing version {
  path: '.',
  pullRequest: {
    title: PullRequestTitle {
      version: undefined,
      component: undefined,
      targetBranch: 'target-branch',
      pullRequestTitlePattern: 'chore${scope}: release group name libraries',
      componentNoSpace: false,
      matchPattern: /^chore(\((?<branch>[\w-./]+)\))?: release group name libraries$/
    },
    body: PullRequestBody {
      header: ':robot: I have created a release *beep* *boop*',
      footer: 'This PR was generated with [Release Please](https://github.com/googleapis/release-please). See [documentation](https://github.com/googleapis/release-please#release-please).',
      extra: undefined,
      releaseData: [Array],
      useComponents: true
    },
    updates: [ [Object], [Object], [Object], [Object], [Object] ],
    labels: [ 'autorelease: pending' ],
    headRefName: 'release-please--branches--target-branch--groups--group-name',
    draft: false
  },
  config: { releaseType: 'simple' }
}
✔ found 2 linked-versions candidates
✔ Merging 2 pull requests
⚠ pullRequestTitlePattern miss the part of '${component}'
⚠ pullRequestTitlePattern miss the part of '${version}'
    ✔ should allow multiple groups of linked versions (99ms)

  MavenWorkspace plugin
    run
✔ Running workspace plugin
✔ Found 1 in-scope releases
✔ Building list of all packages
⚠ found maven1/pom.xml in path maven1, but did not find an associated candidate PR
⚠ found maven2/pom.xml in path maven2, but did not find an associated candidate PR
⚠ found maven3/pom.xml in path maven3, but did not find an associated candidate PR
✔ Building dependency graph for 4 packages
✔ building graph order, existing package names: com.google.example:maven4
❯ visiting com.google.example:maven4, path:
❯ marking com.google.example:maven4 as visited and adding com.google.example:maven4 to order
✔ Updating 1 packages
❯ updating com.google.example:maven4 to 4.4.5
❯ Looking for next version for: com.google.example:maven4
❯ version: 4.4.5 from release-please
❯ Looking for existing candidate for com.google.example:maven4
✔ Updating existing candidate pull request for com.google.example:maven4, path: maven4
✔ Merging 1 in-scope candidates
✔ Merging 1 pull requests
⚠ pullRequestTitlePattern miss the part of '${scope}'
⚠ pullRequestTitlePattern miss the part of '${component}'
⚠ pullRequestTitlePattern miss the part of '${version}'
✔ Post-processing 1 in-scope candidates
      ✔ handles a single maven package
✔ Running workspace plugin
✔ Found 2 in-scope releases
✔ Building list of all packages
⚠ found maven1/pom.xml in path maven1, but did not find an associated candidate PR
⚠ found maven2/pom.xml in path maven2, but did not find an associated candidate PR
✔ Building dependency graph for 4 packages
✔ building graph order, existing package names: com.google.example:maven3,com.google.example:maven4
❯ visiting com.google.example:maven3, path:
✔ visiting com.google.example:maven4 next
❯ visiting com.google.example:maven4, path: com.google.example:maven3
❯ marking com.google.example:maven4 as visited and adding com.google.example:maven4 to order
❯ marking com.google.example:maven3 as visited and adding com.google.example:maven3 to order
❯ visiting com.google.example:maven4, path:
❯ [object Object] already visited
✔ Updating 2 packages
❯ updating com.google.example:maven3 to 3.3.4
❯ updating com.google.example:maven4 to 4.4.5
❯ Looking for next version for: com.google.example:maven3
❯ version: 3.3.4 from release-please
❯ Looking for next version for: com.google.example:maven4
❯ version: 4.4.5 from release-please
❯ Looking for existing candidate for com.google.example:maven3
✔ Updating existing candidate pull request for com.google.example:maven3, path: maven3
❯ Looking for existing candidate for com.google.example:maven4
✔ Updating existing candidate pull request for com.google.example:maven4, path: maven4
✔ bumped com.google.example:maven3 to 3.3.4
✔ appending dependency notes to changelog
✔ Merging 2 in-scope candidates
✔ Merging 2 pull requests
⚠ pullRequestTitlePattern miss the part of '${scope}'
⚠ pullRequestTitlePattern miss the part of '${component}'
⚠ pullRequestTitlePattern miss the part of '${version}'
✔ Post-processing 1 in-scope candidates
      ✔ appends to existing candidate
✔ Running workspace plugin
✔ Found 2 in-scope releases
✔ Building list of all packages
⚠ found maven1/pom.xml in path maven1, but did not find an associated candidate PR
⚠ found maven2/pom.xml in path maven2, but did not find an associated candidate PR
✔ Building dependency graph for 4 packages
✔ building graph order, existing package names: com.google.example:maven3,com.google.example:maven4
❯ visiting com.google.example:maven3, path:
✔ visiting com.google.example:maven4 next
❯ visiting com.google.example:maven4, path: com.google.example:maven3
❯ marking com.google.example:maven4 as visited and adding com.google.example:maven4 to order
❯ marking com.google.example:maven3 as visited and adding com.google.example:maven3 to order
❯ visiting com.google.example:maven4, path:
❯ [object Object] already visited
✔ Updating 2 packages
❯ updating com.google.example:maven3 to 3.3.4
⚠ Missing project.groupId in maven4/pom.xml
❯ Looking for next version for: com.google.example:maven3
❯ version: 3.3.4 from release-please
❯ Looking for next version for: com.google.example:maven4
❯ version: 4.4.5 from release-please
❯ Looking for existing candidate for com.google.example:maven3
✔ Updating existing candidate pull request for com.google.example:maven3, path: maven3
❯ Looking for existing candidate for com.google.example:maven4
✔ Updating existing candidate pull request for com.google.example:maven4, path: maven4
✔ bumped com.google.example:maven3 to 3.3.4
✔ appending dependency notes to changelog
✔ Merging 2 in-scope candidates
✔ Merging 2 pull requests
⚠ pullRequestTitlePattern miss the part of '${scope}'
⚠ pullRequestTitlePattern miss the part of '${component}'
⚠ pullRequestTitlePattern miss the part of '${version}'
✔ Post-processing 1 in-scope candidates
      ✔ appends to existing candidate with special updater
✔ Running workspace plugin
✔ Found 1 in-scope releases
✔ Building list of all packages
⚠ found maven2/pom.xml in path maven2, but did not find an associated candidate PR
⚠ found maven3/pom.xml in path maven3, but did not find an associated candidate PR
⚠ found maven4/pom.xml in path maven4, but did not find an associated candidate PR
✔ Building dependency graph for 4 packages
✔ building graph order, existing package names: com.google.example:maven1
❯ visiting com.google.example:maven1, path:
✔ visiting com.google.example:maven2 next
❯ visiting com.google.example:maven2, path: com.google.example:maven1
✔ visiting com.google.example:maven3 next
❯ visiting com.google.example:maven3, path: com.google.example:maven1,com.google.example:maven2
✔ visiting com.google.example:maven4 next
❯ visiting com.google.example:maven4, path: com.google.example:maven1,com.google.example:maven2,com.google.example:maven3
❯ marking com.google.example:maven4 as visited and adding com.google.example:maven4 to order
❯ marking com.google.example:maven3 as visited and adding com.google.example:maven3 to order
❯ marking com.google.example:maven2 as visited and adding com.google.example:maven2 to order
❯ marking com.google.example:maven1 as visited and adding com.google.example:maven1 to order
✔ Updating 4 packages
❯ updating com.google.example:maven1 to 1.1.2
❯ Looking for next version for: com.google.example:maven1
❯ version: 1.1.2 from release-please
❯ Looking for next version for: com.google.example:maven2
❯ version: 2.2.3 forced bump
❯ Looking for next version for: com.google.example:maven3
❯ version: 3.3.4 forced bump
❯ Looking for next version for: com.google.example:maven4
❯ version: 4.4.5 forced bump
❯ Looking for existing candidate for com.google.example:maven1
✔ Updating existing candidate pull request for com.google.example:maven1, path: maven1
❯ Looking for existing candidate for com.google.example:maven2
✔ Creating new candidate pull request for com.google.example:maven2
✔ bumped com.google.example:maven1 to 1.1.2
❯ Looking for existing candidate for com.google.example:maven3
✔ Creating new candidate pull request for com.google.example:maven3
✔ bumped com.google.example:maven2 to 2.2.3
❯ Looking for existing candidate for com.google.example:maven4
✔ Creating new candidate pull request for com.google.example:maven4
✔ bumped com.google.example:maven3 to 3.3.4
✔ Merging 4 in-scope candidates
✔ Merging 4 pull requests
⚠ pullRequestTitlePattern miss the part of '${scope}'
⚠ pullRequestTitlePattern miss the part of '${component}'
⚠ pullRequestTitlePattern miss the part of '${version}'
✔ Post-processing 1 in-scope candidates
      ✔ walks dependency tree and updates previously untouched packages
✔ Running workspace plugin
✔ Found 1 in-scope releases
✔ Building list of all packages
⚠ found maven2/pom.xml in path maven2, but did not find an associated candidate PR
⚠ found maven3/pom.xml in path maven3, but did not find an associated candidate PR
⚠ found maven4/pom.xml in path maven4, but did not find an associated candidate PR
✔ path 'extra' not configured, ignoring 'extra/pom.xml'
✔ Building dependency graph for 4 packages
✔ building graph order, existing package names: com.google.example:maven1
❯ visiting com.google.example:maven1, path:
✔ visiting com.google.example:maven2 next
❯ visiting com.google.example:maven2, path: com.google.example:maven1
✔ visiting com.google.example:maven3 next
❯ visiting com.google.example:maven3, path: com.google.example:maven1,com.google.example:maven2
✔ visiting com.google.example:maven4 next
❯ visiting com.google.example:maven4, path: com.google.example:maven1,com.google.example:maven2,com.google.example:maven3
❯ marking com.google.example:maven4 as visited and adding com.google.example:maven4 to order
❯ marking com.google.example:maven3 as visited and adding com.google.example:maven3 to order
❯ marking com.google.example:maven2 as visited and adding com.google.example:maven2 to order
❯ marking com.google.example:maven1 as visited and adding com.google.example:maven1 to order
✔ Updating 4 packages
❯ updating com.google.example:maven1 to 1.1.2
❯ Looking for next version for: com.google.example:maven1
❯ version: 1.1.2 from release-please
❯ Looking for next version for: com.google.example:maven2
❯ version: 2.2.3 forced bump
❯ Looking for next version for: com.google.example:maven3
❯ version: 3.3.4 forced bump
❯ Looking for next version for: com.google.example:maven4
❯ version: 4.4.5 forced bump
❯ Looking for existing candidate for com.google.example:maven1
✔ Updating existing candidate pull request for com.google.example:maven1, path: maven1
❯ Looking for existing candidate for com.google.example:maven2
✔ Creating new candidate pull request for com.google.example:maven2
✔ bumped com.google.example:maven1 to 1.1.2
❯ Looking for existing candidate for com.google.example:maven3
✔ Creating new candidate pull request for com.google.example:maven3
✔ bumped com.google.example:maven2 to 2.2.3
❯ Looking for existing candidate for com.google.example:maven4
✔ Creating new candidate pull request for com.google.example:maven4
✔ bumped com.google.example:maven3 to 3.3.4
✔ Merging 4 in-scope candidates
✔ Merging 4 pull requests
⚠ pullRequestTitlePattern miss the part of '${scope}'
⚠ pullRequestTitlePattern miss the part of '${component}'
⚠ pullRequestTitlePattern miss the part of '${version}'
✔ Post-processing 1 in-scope candidates
      ✔ skips pom files not configured for release
✔ Running workspace plugin
✔ Found 1 in-scope releases
✔ Building list of all packages
⚠ found bom/pom.xml in path bom, but did not find an associated candidate PR
✔ path 'multi1/bom' not configured, but 'considerAllArtifacts' option enabled
⚠ found multi1/bom/pom.xml in path multi1/bom, but did not find an associated candidate PR
✔ path 'multi1/primary' not configured, but 'considerAllArtifacts' option enabled
⚠ found multi1/primary/pom.xml in path multi1/primary, but did not find an associated candidate PR
✔ path 'multi1/sub1' not configured, but 'considerAllArtifacts' option enabled
⚠ found multi1/sub1/pom.xml in path multi1/sub1, but did not find an associated candidate PR
✔ path 'multi1/sub2' not configured, but 'considerAllArtifacts' option enabled
⚠ found multi1/sub2/pom.xml in path multi1/sub2, but did not find an associated candidate PR
⚠ found multi2/pom.xml in path multi2, but did not find an associated candidate PR
✔ path 'multi2/bom' not configured, but 'considerAllArtifacts' option enabled
⚠ found multi2/bom/pom.xml in path multi2/bom, but did not find an associated candidate PR
✔ path 'multi2/primary' not configured, but 'considerAllArtifacts' option enabled
⚠ found multi2/primary/pom.xml in path multi2/primary, but did not find an associated candidate PR
✔ path 'multi2/sub1' not configured, but 'considerAllArtifacts' option enabled
⚠ found multi2/sub1/pom.xml in path multi2/sub1, but did not find an associated candidate PR
✔ path 'multi2/sub2' not configured, but 'considerAllArtifacts' option enabled
⚠ found multi2/sub2/pom.xml in path multi2/sub2, but did not find an associated candidate PR
✔ Building dependency graph for 11 packages
✔ building graph order, existing package names: com.google.example:multi1-parent,com.google.example:multi1-bom,com.google.example:multi1,com.google.example:multi1-sub1,com.google.example:multi1-sub2
❯ visiting com.google.example:multi1-parent, path:
❯ marking com.google.example:multi1-parent as visited and adding com.google.example:multi1-parent to order
❯ visiting com.google.example:multi1-bom, path:
✔ visiting com.google.example:my-bom next
❯ visiting com.google.example:my-bom, path: com.google.example:multi1-bom
❯ marking com.google.example:my-bom as visited and adding com.google.example:my-bom to order
❯ marking com.google.example:multi1-bom as visited and adding com.google.example:multi1-bom to order
❯ visiting com.google.example:multi1, path:
❯ marking com.google.example:multi1 as visited and adding com.google.example:multi1 to order
❯ visiting com.google.example:multi1-sub1, path:
✔ visiting com.google.example:my-bom next
❯ visiting com.google.example:my-bom, path: com.google.example:multi1-sub1
❯ [object Object] already visited
❯ marking com.google.example:multi1-sub1 as visited and adding com.google.example:multi1-sub1 to order
❯ visiting com.google.example:multi1-sub2, path:
✔ visiting com.google.example:my-bom next
❯ visiting com.google.example:my-bom, path: com.google.example:multi1-sub2
❯ [object Object] already visited
❯ marking com.google.example:multi1-sub2 as visited and adding com.google.example:multi1-sub2 to order
✔ Updating 6 packages
❯ updating com.google.example:multi1-parent to 1.1.2
❯ updating com.google.example:multi1-bom to 1.1.2
❯ updating com.google.example:multi1 to 1.1.2
❯ updating com.google.example:multi1-sub1 to 2.2.3
❯ updating com.google.example:multi1-sub2 to 3.3.4
❯ Looking for next version for: com.google.example:multi1
❯ version already set
❯ Looking for next version for: com.google.example:multi1-bom
❯ version already set
❯ Looking for next version for: com.google.example:multi1-parent
❯ version: 1.1.2 from release-please
❯ Looking for next version for: com.google.example:multi1-sub1
❯ version already set
❯ Looking for next version for: com.google.example:multi1-sub2
❯ version already set
❯ Looking for next version for: com.google.example:my-bom
❯ version: 1.2.4 forced bump
❯ Looking for existing candidate for com.google.example:multi1
✔ Updating existing candidate pull request for com.google.example:multi1, path: multi1
❯ Looking for existing candidate for com.google.example:multi1-bom
✔ Updating existing candidate pull request for com.google.example:multi1-bom, path: multi1
✔ Already updated candidate for path: multi1
❯ Looking for existing candidate for com.google.example:multi1-parent
✔ Updating existing candidate pull request for com.google.example:multi1-parent, path: multi1
✔ Already updated candidate for path: multi1
❯ Looking for existing candidate for com.google.example:multi1-sub1
✔ Updating existing candidate pull request for com.google.example:multi1-sub1, path: multi1
✔ Already updated candidate for path: multi1
❯ Looking for existing candidate for com.google.example:multi1-sub2
✔ Updating existing candidate pull request for com.google.example:multi1-sub2, path: multi1
✔ Already updated candidate for path: multi1
❯ Looking for existing candidate for com.google.example:my-bom
✔ Creating new candidate pull request for com.google.example:my-bom
✔ bumped com.google.example:multi1-bom to 1.1.2
✔ bumped com.google.example:multi1-sub1 to 2.2.3
✔ bumped com.google.example:multi1-sub2 to 3.3.4
✔ Merging 2 in-scope candidates
✔ Merging 2 pull requests
⚠ pullRequestTitlePattern miss the part of '${scope}'
⚠ pullRequestTitlePattern miss the part of '${component}'
⚠ pullRequestTitlePattern miss the part of '${version}'
✔ Post-processing 1 in-scope candidates
      ✔ can consider all artifacts (44ms)
✔ Running workspace plugin
✔ Found 4 in-scope releases
✔ Building list of all packages
✔ Building dependency graph for 4 packages
✔ building graph order, existing package names: com.google.example:maven1,com.google.example:maven2,com.google.example:maven3,com.google.example:maven4
❯ visiting com.google.example:maven1, path:
✔ visiting com.google.example:maven2 next
❯ visiting com.google.example:maven2, path: com.google.example:maven1
✔ visiting com.google.example:maven3 next
❯ visiting com.google.example:maven3, path: com.google.example:maven1,com.google.example:maven2
✔ visiting com.google.example:maven4 next
❯ visiting com.google.example:maven4, path: com.google.example:maven1,com.google.example:maven2,com.google.example:maven3
❯ marking com.google.example:maven4 as visited and adding com.google.example:maven4 to order
❯ marking com.google.example:maven3 as visited and adding com.google.example:maven3 to order
❯ marking com.google.example:maven2 as visited and adding com.google.example:maven2 to order
❯ marking com.google.example:maven1 as visited and adding com.google.example:maven1 to order
❯ visiting com.google.example:maven2, path:
✔ visiting com.google.example:maven3 next
❯ visiting com.google.example:maven3, path: com.google.example:maven2
✔ visiting com.google.example:maven4 next
❯ visiting com.google.example:maven4, path: com.google.example:maven2,com.google.example:maven3
❯ [object Object] already visited
❯ [object Object] already visited
❯ [object Object] already visited
❯ visiting com.google.example:maven3, path:
✔ visiting com.google.example:maven4 next
❯ visiting com.google.example:maven4, path: com.google.example:maven3
❯ [object Object] already visited
❯ [object Object] already visited
❯ visiting com.google.example:maven4, path:
❯ [object Object] already visited
✔ Updating 4 packages
❯ updating com.google.example:maven1 to 1.1.2-SNAPSHOT
❯ updating com.google.example:maven2 to 2.2.3-SNAPSHOT
❯ updating com.google.example:maven3 to 3.3.4-SNAPSHOT
❯ updating com.google.example:maven4 to 4.4.5-SNAPSHOT
❯ Looking for next version for: com.google.example:maven1
❯ version: 1.1.2-SNAPSHOT from release-please
❯ Looking for next version for: com.google.example:maven2
❯ version: 2.2.3-SNAPSHOT from release-please
❯ Looking for next version for: com.google.example:maven3
❯ version: 3.3.4-SNAPSHOT from release-please
❯ Looking for next version for: com.google.example:maven4
❯ version: 4.4.5-SNAPSHOT from release-please
❯ Looking for existing candidate for com.google.example:maven1
✔ Updating existing candidate pull request for com.google.example:maven1, path: maven1
❯ Looking for existing candidate for com.google.example:maven2
✔ Updating existing candidate pull request for com.google.example:maven2, path: maven2
✔ bumped com.google.example:maven1 to 1.1.2-SNAPSHOT
✔ appending dependency notes to changelog
❯ Looking for existing candidate for com.google.example:maven3
✔ Updating existing candidate pull request for com.google.example:maven3, path: maven3
✔ bumped com.google.example:maven2 to 2.2.3-SNAPSHOT
✔ appending dependency notes to changelog
❯ Looking for existing candidate for com.google.example:maven4
✔ Updating existing candidate pull request for com.google.example:maven4, path: maven4
✔ bumped com.google.example:maven3 to 3.3.4-SNAPSHOT
✔ appending dependency notes to changelog
✔ Merging 4 in-scope candidates
✔ Merging 4 pull requests
⚠ pullRequestTitlePattern miss the part of '${scope}'
⚠ pullRequestTitlePattern miss the part of '${component}'
⚠ pullRequestTitlePattern miss the part of '${version}'
✔ Post-processing 1 in-scope candidates
      ✔ skips updating manifest with snapshot versions

  Merge plugin
    run
      ✔ ignores no pull requests
✔ Merging 1 pull requests
⚠ pullRequestTitlePattern miss the part of '${scope}'
⚠ pullRequestTitlePattern miss the part of '${component}'
⚠ pullRequestTitlePattern miss the part of '${version}'
      ✔ merges a single pull request
✔ Merging 2 pull requests
⚠ pullRequestTitlePattern miss the part of '${scope}'
⚠ pullRequestTitlePattern miss the part of '${component}'
⚠ pullRequestTitlePattern miss the part of '${version}'
      ✔ merges multiple pull requests into an aggregate
✔ Merging 2 pull requests
⚠ pullRequestTitlePattern miss the part of '${scope}'
⚠ pullRequestTitlePattern miss the part of '${component}'
⚠ pullRequestTitlePattern miss the part of '${version}'
      ✔ merges multiple pull requests as a draft
✔ Merging 2 pull requests
⚠ pullRequestTitlePattern miss the part of '${scope}'
⚠ pullRequestTitlePattern miss the part of '${component}'
⚠ pullRequestTitlePattern miss the part of '${version}'
      ✔ merges all labels for pull requests

  NodeWorkspace plugin
    run
✔ Running workspace plugin
✔ Found 0 in-scope releases
      ✔ does nothing for non-node strategies
✔ Running workspace plugin
✔ Found 1 in-scope releases
✔ Building list of all packages
❯ Found candidate pull request for path: node1
✔ Building dependency graph for 1 packages
✔ building graph order, existing package names: @here/pkgA
❯ visiting @here/pkgA, path:
❯ marking @here/pkgA as visited and adding @here/pkgA to order
✔ Updating 1 packages
❯ package: @here/pkgA
❯ version: 3.3.4 from release-please
✔ Updating existing candidate pull request for @here/pkgA, path: node1
❯ anotherExternal was not bumped, ignoring
✔ Merging 1 in-scope candidates
✔ Merging 1 pull requests
⚠ pullRequestTitlePattern miss the part of '${scope}'
⚠ pullRequestTitlePattern miss the part of '${component}'
⚠ pullRequestTitlePattern miss the part of '${version}'
✔ Post-processing 1 in-scope candidates
      ✔ handles a single node package
✔ Running workspace plugin
✔ Found 2 in-scope releases
✔ Building list of all packages
❯ Found candidate pull request for path: plugin1
❯ Found candidate pull request for path: node1
✔ Building dependency graph for 2 packages
✔ building graph order, existing package names: @here/plugin1,@here/pkgA
❯ visiting @here/plugin1, path:
❯ marking @here/plugin1 as visited and adding @here/plugin1 to order
❯ visiting @here/pkgA, path:
❯ marking @here/pkgA as visited and adding @here/pkgA to order
✔ Updating 2 packages
❯ package: @here/pkgA
❯ version: 3.3.3 from release-please
❯ package: @here/plugin1
❯ version: 4.4.4 from release-please
✔ Updating existing candidate pull request for @here/pkgA, path: node1
❯ anotherExternal was not bumped, ignoring
✔ Updating existing candidate pull request for @here/plugin1, path: plugin1
✔ Merging 2 in-scope candidates
✔ Merging 2 pull requests
⚠ pullRequestTitlePattern miss the part of '${scope}'
⚠ pullRequestTitlePattern miss the part of '${component}'
⚠ pullRequestTitlePattern miss the part of '${version}'
✔ Post-processing 1 in-scope candidates
✔ updating from 4.4.4 to 4.4.4
✔ updating from 4.4.4 to 4.4.4
      ✔ respects version prefix
✔ Running workspace plugin
✔ Found 3 in-scope releases
✔ Building list of all packages
❯ Found candidate pull request for path: .
❯ Found candidate pull request for path: node1
❯ Found candidate pull request for path: node4
✔ Building dependency graph for 3 packages
✔ building graph order, existing package names: @here/root,@here/pkgA,@here/pkgD
❯ visiting @here/root, path:
❯ marking @here/root as visited and adding @here/root to order
❯ visiting @here/pkgA, path:
✔ visiting @here/root next
❯ visiting @here/root, path: @here/pkgA
❯ [object Object] already visited
❯ marking @here/pkgA as visited and adding @here/pkgA to order
❯ visiting @here/pkgD, path:
✔ visiting @here/root next
❯ visiting @here/root, path: @here/pkgD
❯ [object Object] already visited
❯ marking @here/pkgD as visited and adding @here/pkgD to order
✔ Updating 3 packages
❯ package: @here/pkgA
❯ version: 3.3.4 from release-please
❯ package: @here/pkgD
❯ version: 4.4.5 from release-please
❯ package: @here/root
❯ version: 5.5.6 from release-please
✔ Updating existing candidate pull request for @here/pkgA, path: node1
❯ anotherExternal was not bumped, ignoring
✔ Updating existing candidate pull request for @here/pkgD, path: node4
❯ anotherExternal was not bumped, ignoring
✔ Updating existing candidate pull request for @here/root, path: .
✔ appending dependency notes to changelog
✔ Merging 3 in-scope candidates
✔ Merging 3 pull requests
⚠ pullRequestTitlePattern miss the part of '${scope}'
⚠ pullRequestTitlePattern miss the part of '${component}'
⚠ pullRequestTitlePattern miss the part of '${version}'
✔ Post-processing 1 in-scope candidates
✔ updating from 5.5.5 to 5.5.5
✔ updating from 5.5.5 to 5.5.6
✔ updating from 3.3.3 to 3.3.3
✔ updating from 3.3.3 to 3.3.4
✔ updating from 4.4.4 to 4.4.4
✔ updating from 4.4.4 to 4.4.5
      ✔ combines node packages
✔ Running workspace plugin
✔ Found 2 in-scope releases
✔ Building list of all packages
❯ Found candidate pull request for path: node1
❯ No candidate pull request for path: node2 - inspect package from node2/package.json
❯ No candidate pull request for path: node3 - inspect package from node3/package.json
❯ Found candidate pull request for path: node4
❯ No candidate pull request for path: node5 - inspect package from node5/package.json
✔ Building dependency graph for 5 packages
✔ building graph order, existing package names: @here/pkgA,@here/pkgD
❯ visiting @here/pkgA, path:
✔ visiting @here/pkgB next
❯ visiting @here/pkgB, path: @here/pkgA
✔ visiting @here/pkgC next
❯ visiting @here/pkgC, path: @here/pkgA,@here/pkgB
❯ marking @here/pkgC as visited and adding @here/pkgC to order
❯ marking @here/pkgB as visited and adding @here/pkgB to order
✔ visiting @here/pkgE next
❯ visiting @here/pkgE, path: @here/pkgA
❯ marking @here/pkgE as visited and adding @here/pkgE to order
❯ marking @here/pkgA as visited and adding @here/pkgA to order
❯ visiting @here/pkgD, path:
❯ marking @here/pkgD as visited and adding @here/pkgD to order
✔ Updating 5 packages
❯ package: @here/pkgA
❯ version: 3.3.4 from release-please
❯ package: @here/pkgB
❯ version: 2.2.3 forced bump
❯ package: @here/pkgC
❯ version: 1.1.2 forced bump
❯ package: @here/pkgD
❯ version: 4.4.5 from release-please
❯ package: @here/pkgE
❯ version: 1.0.1 forced bump
✔ Updating existing candidate pull request for @here/pkgA, path: node1
❯ anotherExternal was not bumped, ignoring
✔ Creating new candidate pull request for @here/pkgB
❯ anotherExternal was not bumped, ignoring
✔ Creating new candidate pull request for @here/pkgC
❯ anotherExternal was not bumped, ignoring
✔ Updating existing candidate pull request for @here/pkgD, path: node4
❯ anotherExternal was not bumped, ignoring
✔ Creating new candidate pull request for @here/pkgE
❯ anotherExternal was not bumped, ignoring
✔ Merging 5 in-scope candidates
✔ Merging 5 pull requests
⚠ pullRequestTitlePattern miss the part of '${scope}'
⚠ pullRequestTitlePattern miss the part of '${component}'
⚠ pullRequestTitlePattern miss the part of '${version}'
✔ Post-processing 1 in-scope candidates
✔ updating from 3.3.3 to 3.3.3
✔ updating from 3.3.3 to 3.3.4
✔ updating from 2.2.2 to 2.2.3
✔ updating from 1.1.1 to 1.1.2
✔ updating from 4.4.4 to 4.4.4
✔ updating from 4.4.4 to 4.4.5
✔ updating from 1.0.0 to 1.0.1
      ✔ walks dependency tree and updates previously untouched packages
✔ Running workspace plugin
✔ Found 2 in-scope releases
✔ Building list of all packages
❯ Found candidate pull request for path: node1
❯ No candidate pull request for path: node2 - inspect package from node2/package.json
❯ No candidate pull request for path: node3 - inspect package from node3/package.json
❯ Found candidate pull request for path: node4
❯ No candidate pull request for path: node5 - inspect package from node5/package.json
✔ Building dependency graph for 5 packages
✔ building graph order, existing package names: @here/pkgA,@here/pkgD
❯ visiting @here/pkgA, path:
✔ visiting @here/pkgB next
❯ visiting @here/pkgB, path: @here/pkgA
✔ visiting @here/pkgC next
❯ visiting @here/pkgC, path: @here/pkgA,@here/pkgB
❯ marking @here/pkgC as visited and adding @here/pkgC to order
❯ marking @here/pkgB as visited and adding @here/pkgB to order
✔ visiting @here/pkgE next
❯ visiting @here/pkgE, path: @here/pkgA
❯ marking @here/pkgE as visited and adding @here/pkgE to order
❯ marking @here/pkgA as visited and adding @here/pkgA to order
❯ visiting @here/pkgD, path:
❯ marking @here/pkgD as visited and adding @here/pkgD to order
✔ Updating 5 packages
❯ package: @here/pkgA
❯ version: 3.3.4-beta from release-please
❯ package: @here/pkgB
❯ version: 2.2.3-beta forced bump
❯ package: @here/pkgC
❯ version: 1.1.2-beta forced bump
❯ package: @here/pkgD
❯ version: 4.4.5-beta from release-please
❯ package: @here/pkgE
❯ version: 1.0.1-beta forced bump
✔ Updating existing candidate pull request for @here/pkgA, path: node1
❯ anotherExternal was not bumped, ignoring
✔ Creating new candidate pull request for @here/pkgB
❯ anotherExternal was not bumped, ignoring
✔ Considering: 0 commits
❯ component: pkgB
❯ pull request title pattern: undefined
❯ componentNoSpace: undefined
❯ anotherExternal was not bumped, ignoring
✔ appending dependency notes to changelog
✔ appending dependency notes to changelog
✔ Creating new candidate pull request for @here/pkgC
❯ anotherExternal was not bumped, ignoring
✔ Considering: 0 commits
❯ component: pkgC
❯ pull request title pattern: undefined
❯ componentNoSpace: undefined
❯ anotherExternal was not bumped, ignoring
✔ appending dependency notes to changelog
✔ appending dependency notes to changelog
✔ Updating existing candidate pull request for @here/pkgD, path: node4
❯ anotherExternal was not bumped, ignoring
✔ Creating new candidate pull request for @here/pkgE
❯ anotherExternal was not bumped, ignoring
✔ Considering: 0 commits
❯ component: pkgE
❯ pull request title pattern: undefined
❯ componentNoSpace: undefined
❯ anotherExternal was not bumped, ignoring
✔ appending dependency notes to changelog
✔ appending dependency notes to changelog
✔ Merging 5 in-scope candidates
✔ Merging 5 pull requests
⚠ pullRequestTitlePattern miss the part of '${scope}'
⚠ pullRequestTitlePattern miss the part of '${component}'
⚠ pullRequestTitlePattern miss the part of '${version}'
✔ Post-processing 1 in-scope candidates
✔ updating from 3.3.3 to 3.3.3
✔ updating from 3.3.3 to 3.3.4-beta
✔ updating from 2.2.2 to 2.2.3-beta
✔ updating from 2.2.3-beta to 2.2.3-beta
✔ updating from 1.1.1 to 1.1.2-beta
✔ updating from 1.1.2-beta to 1.1.2-beta
✔ updating from 4.4.4 to 4.4.4
✔ updating from 4.4.4 to 4.4.5-beta
✔ updating from 1.0.0 to 1.0.1-beta
✔ updating from 1.0.1-beta to 1.0.1-beta
      ✔ walks dependency tree and updates previously untouched packages (prerelease)
✔ Running workspace plugin
✔ Found 2 in-scope releases
✔ Building list of all packages
❯ Found candidate pull request for path: node1
❯ Found candidate pull request for path: node2
❯ No candidate pull request for path: node3 - inspect package from node3/package.json
❯ No candidate pull request for path: node4 - inspect package from node4/package.json
❯ No candidate pull request for path: node5 - inspect package from node5/package.json
✔ Building dependency graph for 5 packages
✔ building graph order, existing package names: @here/pkgA,@here/pkgB
❯ visiting @here/pkgA, path:
✔ visiting @here/pkgB next
❯ visiting @here/pkgB, path: @here/pkgA
✔ visiting @here/pkgC next
❯ visiting @here/pkgC, path: @here/pkgA,@here/pkgB
❯ marking @here/pkgC as visited and adding @here/pkgC to order
❯ marking @here/pkgB as visited and adding @here/pkgB to order
✔ visiting @here/pkgE next
❯ visiting @here/pkgE, path: @here/pkgA
❯ marking @here/pkgE as visited and adding @here/pkgE to order
❯ marking @here/pkgA as visited and adding @here/pkgA to order
❯ visiting @here/pkgB, path:
✔ visiting @here/pkgC next
❯ visiting @here/pkgC, path: @here/pkgB
❯ [object Object] already visited
❯ [object Object] already visited
✔ Updating 4 packages
❯ package: @here/pkgA
❯ version: 3.3.4 from release-please
❯ package: @here/pkgB
❯ version: 2.2.3 from release-please
❯ package: @here/pkgC
❯ version: 1.1.2 forced bump
❯ package: @here/pkgE
❯ version: 1.0.1 forced bump
✔ Updating existing candidate pull request for @here/pkgA, path: node1
❯ anotherExternal was not bumped, ignoring
✔ Updating existing candidate pull request for @here/pkgB, path: node2
❯ anotherExternal was not bumped, ignoring
✔ appending dependency notes to changelog
✔ appending dependency notes to changelog
✔ Creating new candidate pull request for @here/pkgC
❯ anotherExternal was not bumped, ignoring
✔ Creating new candidate pull request for @here/pkgE
❯ anotherExternal was not bumped, ignoring
✔ Merging 4 in-scope candidates
✔ Merging 4 pull requests
⚠ pullRequestTitlePattern miss the part of '${scope}'
⚠ pullRequestTitlePattern miss the part of '${component}'
⚠ pullRequestTitlePattern miss the part of '${version}'
✔ Post-processing 1 in-scope candidates
✔ updating from 3.3.3 to 3.3.3
✔ updating from 3.3.3 to 3.3.4
✔ updating from 2.2.2 to 2.2.2
✔ updating from 2.2.2 to 2.2.3
✔ updating from 1.1.1 to 1.1.2
      ✔ appends dependency notes to an updated module
✔ Running workspace plugin
✔ Found 1 in-scope releases
✔ Building list of all packages
❯ Found candidate pull request for path: node1
❯ No candidate pull request for path: node2 - inspect package from node2/package.json
❯ No candidate pull request for path: node3 - inspect package from node3/package.json
❯ No candidate pull request for path: node4 - inspect package from node4/package.json
❯ No candidate pull request for path: node5 - inspect package from node5/package.json
✔ Building dependency graph for 5 packages
✔ building graph order, existing package names: @here/pkgA
❯ visiting @here/pkgA, path:
✔ visiting @here/pkgB next
❯ visiting @here/pkgB, path: @here/pkgA
✔ visiting @here/pkgC next
❯ visiting @here/pkgC, path: @here/pkgA,@here/pkgB
❯ marking @here/pkgC as visited and adding @here/pkgC to order
❯ marking @here/pkgB as visited and adding @here/pkgB to order
✔ visiting @here/pkgE next
❯ visiting @here/pkgE, path: @here/pkgA
❯ marking @here/pkgE as visited and adding @here/pkgE to order
❯ marking @here/pkgA as visited and adding @here/pkgA to order
✔ Updating 4 packages
❯ package: @here/pkgA
❯ version: 3.3.4 from release-please
❯ package: @here/pkgB
❯ version: 2.2.3 forced bump
❯ package: @here/pkgC
❯ version: 1.1.2 forced bump
❯ package: @here/pkgE
❯ version: 1.0.1 forced bump
✔ Updating existing candidate pull request for @here/pkgA, path: node1
❯ anotherExternal was not bumped, ignoring
✔ Creating new candidate pull request for @here/pkgB
❯ anotherExternal was not bumped, ignoring
✔ Considering: 0 commits
❯ component: pkgB
❯ pull request title pattern: undefined
❯ componentNoSpace: undefined
❯ anotherExternal was not bumped, ignoring
✔ appending dependency notes to changelog
✔ appending dependency notes to changelog
✔ Creating new candidate pull request for @here/pkgC
❯ anotherExternal was not bumped, ignoring
✔ Considering: 0 commits
❯ component: pkgC
❯ pull request title pattern: undefined
❯ componentNoSpace: undefined
❯ anotherExternal was not bumped, ignoring
✔ appending dependency notes to changelog
✔ appending dependency notes to changelog
✔ Creating new candidate pull request for @here/pkgE
❯ anotherExternal was not bumped, ignoring
✔ Considering: 0 commits
❯ component: pkgE
❯ pull request title pattern: undefined
❯ componentNoSpace: undefined
❯ anotherExternal was not bumped, ignoring
✔ appending dependency notes to changelog
✔ appending dependency notes to changelog
✔ Merging 4 in-scope candidates
✔ Merging 4 pull requests
⚠ pullRequestTitlePattern miss the part of '${scope}'
⚠ pullRequestTitlePattern miss the part of '${component}'
⚠ pullRequestTitlePattern miss the part of '${version}'
✔ Post-processing 1 in-scope candidates
✔ updating from 3.3.3 to 3.3.3
✔ updating from 3.3.3 to 3.3.4
✔ updating from 2.2.2 to 2.2.3
✔ updating from 2.2.3 to 2.2.3
✔ updating from 1.1.1 to 1.1.2
✔ updating from 1.1.2 to 1.1.2
      ✔ includes headers for packages with configured strategies
✔ Running workspace plugin
✔ Found 1 in-scope releases
✔ Building list of all packages
❯ Found candidate pull request for path: node1
❯ No candidate pull request for path: node2 - inspect package from node2/package.json
❯ No candidate pull request for path: node3 - inspect package from node3/package.json
❯ No candidate pull request for path: node4 - inspect package from node4/package.json
❯ No candidate pull request for path: node5 - inspect package from node5/package.json
✔ Building dependency graph for 5 packages
✔ building graph order, existing package names: @here/pkgA
❯ visiting @here/pkgA, path:
✔ visiting @here/pkgB next
❯ visiting @here/pkgB, path: @here/pkgA
✔ visiting @here/pkgC next
❯ visiting @here/pkgC, path: @here/pkgA,@here/pkgB
❯ marking @here/pkgC as visited and adding @here/pkgC to order
❯ marking @here/pkgB as visited and adding @here/pkgB to order
✔ visiting @here/pkgE next
❯ visiting @here/pkgE, path: @here/pkgA
❯ marking @here/pkgE as visited and adding @here/pkgE to order
❯ marking @here/pkgA as visited and adding @here/pkgA to order
✔ Updating 4 packages
❯ package: @here/pkgA
❯ version: 3.3.4 from release-please
❯ package: @here/pkgB
❯ version: 2.2.3 forced bump
❯ package: @here/pkgC
❯ version: 1.1.2 forced bump
❯ package: @here/pkgE
❯ version: 1.0.1 forced bump
✔ Updating existing candidate pull request for @here/pkgA, path: node1
❯ anotherExternal was not bumped, ignoring
✔ Creating new candidate pull request for @here/pkgB
❯ anotherExternal was not bumped, ignoring
✔ Considering: 0 commits
❯ component: pkgB
❯ pull request title pattern: undefined
❯ componentNoSpace: undefined
❯ anotherExternal was not bumped, ignoring
✔ appending dependency notes to changelog
✔ appending dependency notes to changelog
✔ Creating new candidate pull request for @here/pkgC
❯ anotherExternal was not bumped, ignoring
✔ Creating new candidate pull request for @here/pkgE
❯ anotherExternal was not bumped, ignoring
✔ Merging 4 in-scope candidates
✔ Merging 4 pull requests
⚠ pullRequestTitlePattern miss the part of '${scope}'
⚠ pullRequestTitlePattern miss the part of '${component}'
⚠ pullRequestTitlePattern miss the part of '${version}'
✔ Post-processing 1 in-scope candidates
      ✔ incorporates extra-files from strategy
✔ Running workspace plugin
✔ Found 1 in-scope releases
✔ Building list of all packages
❯ Found candidate pull request for path: node1
❯ No candidate pull request for path: plugin1 - inspect package from plugin1/package.json
✔ Building dependency graph for 2 packages
✔ building graph order, existing package names: @here/pkgA
❯ visiting @here/pkgA, path:
❯ marking @here/pkgA as visited and adding @here/pkgA to order
✔ Updating 1 packages
❯ package: @here/pkgA
❯ version: 3.3.4 from release-please
✔ Updating existing candidate pull request for @here/pkgA, path: node1
❯ anotherExternal was not bumped, ignoring
✔ Merging 1 in-scope candidates
✔ Merging 1 pull requests
⚠ pullRequestTitlePattern miss the part of '${scope}'
⚠ pullRequestTitlePattern miss the part of '${component}'
⚠ pullRequestTitlePattern miss the part of '${version}'
✔ Post-processing 1 in-scope candidates
      ✔ should ignore peer dependencies
    with updatePeerDependencies: true
✔ Running workspace plugin
✔ Found 1 in-scope releases
✔ Building list of all packages
❯ Found candidate pull request for path: node1
❯ No candidate pull request for path: plugin1 - inspect package from plugin1/package.json
✔ Building dependency graph for 2 packages
✔ building graph order, existing package names: @here/pkgA
❯ visiting @here/pkgA, path:
✔ visiting @here/plugin1 next
❯ visiting @here/plugin1, path: @here/pkgA
❯ marking @here/plugin1 as visited and adding @here/plugin1 to order
❯ marking @here/pkgA as visited and adding @here/pkgA to order
✔ Updating 2 packages
❯ package: @here/pkgA
❯ version: 3.3.4 from release-please
❯ package: @here/plugin1
❯ version: 4.4.5 forced bump
✔ Updating existing candidate pull request for @here/pkgA, path: node1
❯ anotherExternal was not bumped, ignoring
✔ Creating new candidate pull request for @here/plugin1
✔ Merging 2 in-scope candidates
✔ Merging 2 pull requests
⚠ pullRequestTitlePattern miss the part of '${scope}'
⚠ pullRequestTitlePattern miss the part of '${component}'
⚠ pullRequestTitlePattern miss the part of '${version}'
✔ Post-processing 1 in-scope candidates
      ✔ should not ignore peer dependencies
✔ Running workspace plugin
✔ Found 2 in-scope releases
✔ Building list of all packages
❯ Found candidate pull request for path: plugin1
❯ Found candidate pull request for path: node1
✔ Building dependency graph for 2 packages
✔ building graph order, existing package names: @here/plugin1,@here/pkgA
❯ visiting @here/plugin1, path:
❯ marking @here/plugin1 as visited and adding @here/plugin1 to order
❯ visiting @here/pkgA, path:
✔ visiting @here/plugin1 next
❯ visiting @here/plugin1, path: @here/pkgA
❯ [object Object] already visited
❯ marking @here/pkgA as visited and adding @here/pkgA to order
✔ Updating 2 packages
❯ package: @here/pkgA
❯ version: 2.2.2 from release-please
❯ package: @here/plugin1
❯ version: 4.4.4 from release-please
✔ Updating existing candidate pull request for @here/pkgA, path: node1
❯ anotherExternal was not bumped, ignoring
✔ Updating existing candidate pull request for @here/plugin1, path: plugin1
✔ appending dependency notes to changelog
✔ Merging 2 in-scope candidates
✔ Merging 2 pull requests
⚠ pullRequestTitlePattern miss the part of '${scope}'
⚠ pullRequestTitlePattern miss the part of '${component}'
⚠ pullRequestTitlePattern miss the part of '${version}'
✔ Post-processing 1 in-scope candidates
✔ updating from 4.4.4 to 4.4.4
✔ updating from 4.4.4 to 4.4.4
      ✔ respects version prefix and updates peer dependencies

  SentenceCase Plugin
✔ SentenceCase processing 2 commits
hello world
Goodnight moon
    ✔ allows a custom list of specialWords to be provided
❯ commit could not be parsed: e99a18c428cb38d5f260853678922e03 abc123
❯ error message: Error: unexpected token EOF at 1:7, valid tokens [(, !, :]
✔ SentenceCase processing 1 commits
hello world:goodnight moon
    ✔ handles subject with multiple : characters
❯ commit could not be parsed: ec8592f34771017fc9d3c0beb9cbb16d hello world goodnight moon
❯ error message: Error: unexpected token ' ' at 1:6, valid tokens [(, !, :]
✔ SentenceCase processing 0 commits
[]
    ✔ handles commit with no :
    processCommits
✔ SentenceCase processing 2 commits
hello world
Goodnight moon
      ✔ converts description to sentence case
✔ SentenceCase processing 2 commits
gRPC can now handle proxies
npm now rocks
      ✔ leaves reserved words lowercase
✔ SentenceCase processing 2 commits
beep-boop-hello
log4j.foo.bar
      ✔ handles sentences with now breaks

  schemas
    manifest file
      ✔ validates simple.json
      ✔ validates versions.json
    config file
      ✔ validates changelog-host.json
      ✔ validates changelog-path.json
      ✔ validates changelog-type.json
      ✔ validates complex-plugins.json
      ✔ validates config.json
      ✔ validates draft-pull-request.json
      ✔ validates exclude-paths.json
      ✔ validates extra-files-glob.json
      ✔ validates extra-files.json
      ✔ validates extra-labels.json
      ✔ validates group-pr-title-pattern.json
      ✔ validates group-priority.json
      ✔ validates include-component-in-tag.json
      ✔ validates include-v-in-tag.json
      ✔ validates initial-version.json
      ✔ validates labels.json
      ✔ validates maven-workspace-plugins.json
      ✔ validates node-workspace-plugins.json
      ✔ validates plugins.json
      ✔ validates root-release-type.json
      ✔ validates search-depth.json
      ✔ validates simple.json
      ✔ validates tag-separator.json
      ✔ validates versioning.json
      ✔ rejects extra properties

  Strategy
    buildReleasePullRequest
✔ Considering: 0 commits
✔ No commits for path: ., skipping
      ✔ should ignore empty commits
✔ Considering: 2 commits
❯ component: google-cloud-automl
❯ pull request title pattern: undefined
❯ componentNoSpace: undefined
      ✔ allows overriding initial version
✔ Considering: 1 commits
❯ component: google-cloud-automl
❯ pull request title pattern: undefined
❯ componentNoSpace: undefined
      ✔ allows overriding initial version in base constructor
✔ Considering: 1 commits
❯ component: google-cloud-automl
❯ pull request title pattern: undefined
❯ componentNoSpace: undefined
      ✔ updates extra files
✔ Considering: 1 commits
❯ component: google-cloud-automl
❯ pull request title pattern: undefined
❯ componentNoSpace: undefined
      ✔ updates extra JSON files with default
✔ Considering: 1 commits
❯ component: google-cloud-automl
❯ pull request title pattern: undefined
❯ componentNoSpace: undefined
      ✔ updates extra YAML files with default
✔ Considering: 1 commits
❯ component: google-cloud-automl
❯ pull request title pattern: undefined
❯ componentNoSpace: undefined
      ✔ updates extra TOML files with default
✔ Considering: 1 commits
❯ component: google-cloud-automl
❯ pull request title pattern: undefined
❯ componentNoSpace: undefined
      ✔ updates extra Xml files with default
✔ Considering: 1 commits
❯ component: google-cloud-automl
❯ pull request title pattern: undefined
❯ componentNoSpace: undefined
      ✔ updates extra generic files
✔ Considering: 1 commits
❯ component: google-cloud-automl
❯ pull request title pattern: undefined
❯ componentNoSpace: undefined
      ✔ updates extra JSON files
✔ Considering: 1 commits
❯ component: google-cloud-automl
❯ pull request title pattern: undefined
❯ componentNoSpace: undefined
      ✔ updates extra YAML files
✔ Considering: 1 commits
❯ component: google-cloud-automl
❯ pull request title pattern: undefined
❯ componentNoSpace: undefined
      ✔ updates extra TOML files
✔ Considering: 1 commits
❯ component: google-cloud-automl
❯ pull request title pattern: undefined
❯ componentNoSpace: undefined
      ✔ updates extra Xml files
✔ Considering: 1 commits
❯ component: google-cloud-automl
❯ pull request title pattern: undefined
❯ componentNoSpace: undefined
      ✔ updates extra pom.xml files
✔ Considering: 1 commits
❯ component: google-cloud-automl
❯ pull request title pattern: undefined
❯ componentNoSpace: undefined
      ✔ updates extra glob files
✔ Considering: 1 commits
❯ component: google-cloud-automl
❯ pull request title pattern: undefined
❯ componentNoSpace: undefined
      ✔ should pass changelogHost to default buildNotes
✔ Considering: 1 commits
❯ component: google-cloud-automl
❯ pull request title pattern: undefined
❯ componentNoSpace: undefined
✔ Considering: 1 commits
❯ component: google-cloud-automl
❯ pull request title pattern: undefined
❯ componentNoSpace: undefined
✔ Considering: 1 commits
❯ component: google-cloud-automl
❯ pull request title pattern: undefined
❯ componentNoSpace: undefined
✔ Considering: 1 commits
❯ component: google-cloud-automl
❯ pull request title pattern: undefined
❯ componentNoSpace: undefined
✔ Considering: 1 commits
❯ component: google-cloud-automl
❯ pull request title pattern: undefined
❯ componentNoSpace: undefined
✔ Considering: 1 commits
❯ component: google-cloud-automl
❯ pull request title pattern: undefined
❯ componentNoSpace: undefined
✔ Considering: 1 commits
❯ component: google-cloud-automl
❯ pull request title pattern: undefined
❯ componentNoSpace: undefined
✔ Considering: 1 commits
❯ component: google-cloud-automl
❯ pull request title pattern: undefined
❯ componentNoSpace: undefined
✔ Considering: 1 commits
❯ component: google-cloud-automl
❯ pull request title pattern: undefined
❯ componentNoSpace: undefined
      ✔ rejects relative extra files (125ms)
✔ Considering: 1 commits
❯ component: google-cloud-automl
❯ pull request title pattern: undefined
❯ componentNoSpace: undefined
      ✔ handles extra labels
    buildRelease
⚠ Failed to find version in release notes
⚠ Failed to parse releases.
⚠ Failed to find release notes
      ✔ builds a release tag
⚠ Failed to find version in release notes
⚠ Failed to parse releases.
⚠ Failed to find release notes
      ✔ overrides the tag separator
⚠ Failed to find version in release notes
⚠ Failed to parse releases.
⚠ Failed to find release notes
      ✔ skips component in release tag
⚠ Failed to find version in release notes
⚠ Failed to parse releases.
⚠ Failed to find release notes
      ✔ skips v in release tag

  Bazel
    buildReleasePullRequest
✔ Considering: 3 commits
❯ component: rules_cc
❯ pull request title pattern: undefined
❯ componentNoSpace: undefined
      ✔ returns release PR changes with defaultInitialVersion
✔ Considering: 3 commits
❯ component: rules_cc
❯ pull request title pattern: undefined
❯ componentNoSpace: undefined
      ✔ returns release PR changes with semver patch bump
    buildUpdates
✔ Considering: 3 commits
❯ component: rules_cc
❯ pull request title pattern: undefined
❯ componentNoSpace: undefined
      ✔ builds common files
✔ Considering: 3 commits
❯ component: rules_cc
❯ pull request title pattern: undefined
❯ componentNoSpace: undefined
      ✔ allows configuring the version file
✔ Considering: 3 commits
❯ component: rules_cc
❯ pull request title pattern: undefined
❯ componentNoSpace: undefined
      ✔ omits changelog if skipChangelog=true

  Dart
    buildReleasePullRequest
✔ Considering: 1 commits
❯ component: google-cloud-automl
❯ pull request title pattern: undefined
❯ componentNoSpace: undefined
      ✔ returns release PR changes with defaultInitialVersion
✔ Considering: 1 commits
❯ component: some-dart-package
❯ pull request title pattern: undefined
❯ componentNoSpace: undefined
      ✔ builds a release pull request
✔ Considering: 1 commits
❯ component: hello_world
❯ pull request title pattern: undefined
❯ componentNoSpace: undefined
      ✔ detects a default component
    buildUpdates
✔ Considering: 1 commits
❯ component: some-dart-package
❯ pull request title pattern: undefined
❯ componentNoSpace: undefined
      ✔ builds common files
✔ Considering: 1 commits
❯ component: some-dart-package
❯ pull request title pattern: undefined
❯ componentNoSpace: undefined
      ✔ omits changelog if skipChangelog=true

  DotnetYoshi
    buildReleasePullRequest
✔ Considering: 3 commits
❯ component: Google.Cloud.SecurityCenter.V1
❯ pull request title pattern: Release${component} version ${version}
❯ componentNoSpace: undefined
⚠ pullRequestTitlePattern miss the part of '${scope}'
      ✔ returns release PR changes with defaultInitialVersion
✔ Considering: 3 commits
❯ component: Google.Cloud.SecurityCenter.V1
❯ pull request title pattern: Release${component} version ${version}
❯ componentNoSpace: undefined
⚠ pullRequestTitlePattern miss the part of '${scope}'
      ✔ returns release PR changes with semver patch bump
    buildUpdates
✔ Considering: 3 commits
❯ component: Google.Cloud.SecurityCenter.V1
❯ pull request title pattern: Release${component} version ${version}
❯ componentNoSpace: undefined
⚠ pullRequestTitlePattern miss the part of '${scope}'
      ✔ builds common files
✔ Considering: 3 commits
❯ component: Google.Cloud.Spanner.Admin.Database.V1
❯ pull request title pattern: Release${component} version ${version}
❯ componentNoSpace: undefined
⚠ pullRequestTitlePattern miss the part of '${scope}'
✔ Skipping changelog for Google.Cloud.Spanner.Admin.Database.V1 via noVersionHistory configuration
      ✔ skips changelog for configured libraries
✔ Considering: 3 commits
❯ component: Google.Cloud.SecurityCenter.V1
❯ pull request title pattern: Release${component} version ${version}
❯ componentNoSpace: undefined
⚠ pullRequestTitlePattern miss the part of '${scope}'
      ✔ omits changelog if skipChangelog=true
    buildRelease
⚠ pullRequestTitlePattern miss the part of '${scope}'
⚠ pullRequestTitlePattern miss the part of '${scope}'
⚠ Failed to find version in release notes
⚠ Failed to parse releases.
⚠ Failed to find release notes
      ✔ overrides the tag separator

  Elixir
    buildReleasePullRequest
✔ Considering: 1 commits
❯ component: google-cloud-automl
❯ pull request title pattern: undefined
❯ componentNoSpace: undefined
      ✔ returns release PR changes with defaultInitialVersion
✔ Considering: 1 commits
❯ component: some-elixir-package
❯ pull request title pattern: undefined
❯ componentNoSpace: undefined
      ✔ builds a release pull request
    buildUpdates
✔ Considering: 1 commits
❯ component: google-cloud-automl
❯ pull request title pattern: undefined
❯ componentNoSpace: undefined
      ✔ builds common files
✔ Considering: 1 commits
❯ component: google-cloud-automl
❯ pull request title pattern: undefined
❯ componentNoSpace: undefined
      ✔ omits changelog if skipChangelog=true

  Expo
    buildReleasePullRequest
✔ Considering: 1 commits
❯ component: google-cloud-automl
❯ pull request title pattern: undefined
❯ componentNoSpace: undefined
      ✔ returns release PR changes with defaultInitialVersion
✔ Considering: 1 commits
❯ component: some-node-package
❯ pull request title pattern: undefined
❯ componentNoSpace: undefined
      ✔ builds a release pull request
✔ Considering: 1 commits
❯ component: node-test-repo
❯ pull request title pattern: undefined
❯ componentNoSpace: undefined
      ✔ detects a default component
✔ Considering: 1 commits
❯ component: abc-123
❯ pull request title pattern: undefined
❯ componentNoSpace: undefined
      ✔ detects a default packageName
    buildUpdates
✔ Considering: 1 commits
❯ component: google-cloud-automl
❯ pull request title pattern: undefined
❯ componentNoSpace: undefined
      ✔ builds common files
✔ Considering: 1 commits
❯ component: google-cloud-automl
❯ pull request title pattern: undefined
❯ componentNoSpace: undefined
      ✔ omits changelog if skipChangelog=true

  GoYoshi
    buildReleasePullRequest
❯ Filtering commits
❯ Skipping commit without scope: chore: update common templates
✔ Considering: 1 commits
❯ component: iam
❯ pull request title pattern: undefined
❯ componentNoSpace: undefined
      ✔ returns release PR changes with defaultInitialVersion
❯ Filtering commits
❯ Skipping commit without scope: chore: update common templates
✔ Considering: 1 commits
❯ component: iam
❯ pull request title pattern: undefined
❯ componentNoSpace: undefined
      ✔ returns release PR changes with semver patch bump
    buildUpdates
❯ Filtering commits
❯ Skipping commit without scope: chore: update common templates
✔ Considering: 1 commits
❯ component: iam
❯ pull request title pattern: undefined
❯ componentNoSpace: undefined
      ✔ builds common files
❯ Filtering commits
❯ Skipping commit without scope: chore: update common templates
✔ Considering: 1 commits
❯ component: iam
❯ pull request title pattern: undefined
❯ componentNoSpace: undefined
      ✔ omits changelog if skipChangelog=true
    buildReleasePullRequest
❯ Filtering commits
✔ Looking for go.mod files
✔ Found 1 submodules
❯ ["logging"]
❯ Skipping commit without scope: fix: some generic fix
❯ Skipping ignored commit scope: logging
❯ Skipping commit without scope: feat: some generic feature
✔ Considering: 1 commits
❯ component:
❯ pull request title pattern: undefined
❯ componentNoSpace: undefined
      ✔ filters out submodule commits
❯ Filtering commits
✔ Looking for go.mod files
✔ Found 1 submodules
❯ ["logging"]
❯ Skipping commit without scope: fix: some generic fix
❯ Skipping commit without scope: feat: some generic feature
✔ Considering: 1 commits
❯ component:
❯ pull request title pattern: undefined
❯ componentNoSpace: undefined
      ✔ filters out touched files not matching submodule commits
❯ Filtering commits
✔ Considering: 1 commits
❯ component:
❯ pull request title pattern: undefined
❯ componentNoSpace: undefined
      ✔ combines google-api-go-client autogenerated PR
    getIgnoredSubModules
      ✔ ignores non-google-cloud-go repos
      ✔ ignores submodule configurations
✔ Looking for go.mod files
✔ Found 2 submodules
❯ ["storage","pubsub"]
      ✔ fetches the list of submodules

  Go
    buildReleasePullRequest
✔ Considering: 3 commits
❯ component: google-cloud-automl
❯ pull request title pattern: undefined
❯ componentNoSpace: undefined
      ✔ returns release PR changes with defaultInitialVersion
✔ Considering: 3 commits
❯ component: google-cloud-automl
❯ pull request title pattern: undefined
❯ componentNoSpace: undefined
      ✔ returns release PR changes with semver patch bump
    buildUpdates
✔ Considering: 3 commits
❯ component: google-cloud-automl
❯ pull request title pattern: undefined
❯ componentNoSpace: undefined
      ✔ builds common files
✔ Considering: 3 commits
❯ component: google-cloud-automl
❯ pull request title pattern: undefined
❯ componentNoSpace: undefined
      ✔ updates version file when version-file is set
✔ Considering: 3 commits
❯ component: google-cloud-automl
❯ pull request title pattern: undefined
❯ componentNoSpace: undefined
      ✔ omits changelog if requested

  Helm
    buildReleasePullRequest
✔ Considering: 1 commits
❯ component: google-cloud-automl
❯ pull request title pattern: undefined
❯ componentNoSpace: undefined
      ✔ returns release PR changes with defaultInitialVersion
✔ Considering: 1 commits
❯ component: some-helm-package
❯ pull request title pattern: undefined
❯ componentNoSpace: undefined
      ✔ builds a release pull request
✔ Considering: 1 commits
❯ component: helm-test-repo
❯ pull request title pattern: undefined
❯ componentNoSpace: undefined
      ✔ detects a default component
    buildUpdates
✔ Considering: 1 commits
❯ component: google-cloud-automl
❯ pull request title pattern: undefined
❯ componentNoSpace: undefined
      ✔ builds common files
✔ Considering: 1 commits
❯ component: google-cloud-automl
❯ pull request title pattern: undefined
❯ componentNoSpace: undefined
      ✔ omits changelog if skipChangelog=true

  JavaYoshiMonoRepo
    buildReleasePullRequest
✔ No Java snapshot needed
✔ Considering: 3 commits
❯ component: google-cloud-automl
❯ pull request title pattern: undefined
❯ componentNoSpace: undefined
      ✔ returns release PR changes with defaultInitialVersion
✔ No Java snapshot needed
✔ Considering: 3 commits
❯ component: google-cloud-automl
❯ pull request title pattern: undefined
❯ componentNoSpace: undefined
      ✔ returns release PR changes with semver patch bump
✔ Repository needs a snapshot bump.
      ✔ returns a snapshot bump PR
✔ No Java snapshot needed
✔ Considering: 2 commits
❯ component: google-cloud-automl
❯ pull request title pattern: undefined
❯ componentNoSpace: undefined
      ✔ handles promotion to 1.0.0
    buildUpdates
✔ No Java snapshot needed
✔ Considering: 3 commits
❯ component: google-cloud-automl
❯ pull request title pattern: undefined
❯ componentNoSpace: undefined
      ✔ builds common files
✔ No Java snapshot needed
✔ Considering: 3 commits
❯ component: google-cloud-automl
❯ pull request title pattern: undefined
❯ componentNoSpace: undefined
      ✔ omits changelog if skipChangelog=true
✔ No Java snapshot needed
✔ Considering: 3 commits
❯ component: google-cloud-automl
❯ pull request title pattern: undefined
❯ componentNoSpace: undefined
      ✔ finds and updates standard files
✔ No Java snapshot needed
✔ Considering: 3 commits
❯ component: google-cloud-automl
❯ pull request title pattern: undefined
❯ componentNoSpace: undefined
      ✔ finds and updates extra files
✔ Repository needs a snapshot bump.
      ✔ updates all files for snapshots
✔ No Java snapshot needed
✔ Considering: 3 commits
❯ component: google-cloud-automl
❯ pull request title pattern: undefined
❯ componentNoSpace: undefined
✔ Found artifact cloud.google.com:foo for foo
✔ adding release 0.1.0 for cloud.google.com:foo
      ✔ updates changelog.json
✔ No Java snapshot needed
✔ Considering: 5 commits
❯ component: google-cloud-automl
❯ pull request title pattern: undefined
❯ componentNoSpace: undefined
✔ Found artifact cloud.google.com:foo for foo
✔ adding release 0.1.0 for cloud.google.com:foo
      ✔ omits non-breaking chores from changelog.json
✔ No Java snapshot needed
✔ Considering: 3 commits
❯ component: google-cloud-automl
❯ pull request title pattern: undefined
❯ componentNoSpace: undefined
      ✔ does not update changelog.json if no .repo-metadata.json is found

  JavaYoshi
    buildReleasePullRequest
✔ No Java snapshot needed
✔ Considering: 3 commits
❯ component: google-cloud-automl
❯ pull request title pattern: undefined
❯ componentNoSpace: undefined
      ✔ returns release PR changes with defaultInitialVersion
✔ No Java snapshot needed
✔ Considering: 3 commits
❯ component: google-cloud-automl
❯ pull request title pattern: undefined
❯ componentNoSpace: undefined
      ✔ returns release PR changes with semver patch bump
✔ Repository needs a snapshot bump.
      ✔ returns a snapshot bump PR
✔ No Java snapshot needed
✔ Considering: 3 commits
❯ component: google-cloud-automl
❯ pull request title pattern: undefined
❯ componentNoSpace: undefined
      ✔ returns a major/minor version bump PR if skipSnapShot is true
✔ No Java snapshot needed
✔ Considering: 2 commits
❯ component: google-cloud-automl
❯ pull request title pattern: undefined
❯ componentNoSpace: undefined
      ✔ handles promotion to 1.0.0
      ✔ throws on missing required versions.txt
    buildUpdates
✔ No Java snapshot needed
✔ Considering: 3 commits
❯ component: google-cloud-automl
❯ pull request title pattern: undefined
❯ componentNoSpace: undefined
      ✔ builds common files
✔ No Java snapshot needed
✔ Considering: 3 commits
❯ component: google-cloud-automl
❯ pull request title pattern: undefined
❯ componentNoSpace: undefined
      ✔ finds and updates standard files
✔ No Java snapshot needed
✔ Considering: 3 commits
❯ component: google-cloud-automl
❯ pull request title pattern: undefined
❯ componentNoSpace: undefined
      ✔ finds and updates extra files
✔ Repository needs a snapshot bump.
      ✔ updates all files for snapshots

  Java
    buildReleasePullRequest
      for default component
❯ component:
✔ No Java snapshot needed
✔ Considering: 4 commits
❯ component:
❯ pull request title pattern: undefined
❯ componentNoSpace: undefined
        ✔ returns release PR changes with defaultInitialVersion
❯ component:
✔ No Java snapshot needed
✔ Considering: 4 commits
❯ component:
❯ pull request title pattern: undefined
❯ componentNoSpace: undefined
        ✔ returns release PR changes with semver patch bump
❯ component:
✔ Repository needs a snapshot bump.
        ✔ returns a snapshot bump PR
✔ No Java snapshot needed
✔ Considering: 3 commits
❯ component:
❯ pull request title pattern: undefined
❯ componentNoSpace: undefined
        ✔ skips a snapshot bump PR
❯ component:
✔ No Java snapshot needed
✔ Considering: 3 commits
❯ component:
❯ pull request title pattern: undefined
❯ componentNoSpace: undefined
        ✔ use snapshot latest release
❯ component:
✔ Repository needs a snapshot bump.
        ✔ ignores snapshot of another component
❯ component:
✔ Repository needs a snapshot bump.
        ✔ uses custom snapshotLabels
❯ component:
✔ Repository needs a snapshot bump.
        ✔ creates draft snapshot PR
❯ component:
✔ No Java snapshot needed
✔ Considering: 3 commits
❯ component:
❯ pull request title pattern: undefined
❯ componentNoSpace: undefined
        ✔ updates released version in extra files
❯ component:
✔ Repository needs a snapshot bump.
        ✔ does not update released version in extra files for snapshot
      with includeComponentInTag
❯ component: test-sample
✔ No Java snapshot needed
✔ Considering: 6 commits
❯ component: test-sample
❯ pull request title pattern: undefined
❯ componentNoSpace: undefined
        ✔ returns release PR changes with defaultInitialVersion
❯ component: test-sample
✔ No Java snapshot needed
✔ Considering: 6 commits
❯ component: test-sample
❯ pull request title pattern: undefined
❯ componentNoSpace: undefined
        ✔ returns release PR changes with semver patch bump
❯ component: test-sample
✔ Repository needs a snapshot bump.
        ✔ returns a snapshot bump PR

  KRMBlueprint
    buildReleasePullRequest
✔ Considering: 1 commits
❯ component: google-cloud-automl
❯ pull request title pattern: undefined
❯ componentNoSpace: undefined
      ✔ returns release PR changes with defaultInitialVersion
✔ Considering: 1 commits
❯ component: some-krm-blueprint-package
❯ pull request title pattern: undefined
❯ componentNoSpace: undefined
      ✔ builds a release pull request
    buildUpdates
✔ Considering: 1 commits
❯ component: google-cloud-automl
❯ pull request title pattern: undefined
❯ componentNoSpace: undefined
      ✔ builds common files
✔ Considering: 1 commits
❯ component: google-cloud-automl
❯ pull request title pattern: undefined
❯ componentNoSpace: undefined
      ✔ omits changelog if skipChangelog=true
✔ Considering: 1 commits
❯ component: google-cloud-automl
❯ pull request title pattern: undefined
❯ componentNoSpace: undefined
      ✔ finds and updates a yaml files

  Maven
    buildReleasePullRequest
❯ component:
✔ No Java snapshot needed
✔ Considering: 2 commits
❯ component:
❯ pull request title pattern: undefined
❯ componentNoSpace: undefined
      ✔ updates pom.xml files
❯ component:
✔ No Java snapshot needed
✔ Considering: 2 commits
❯ component:
❯ pull request title pattern: undefined
❯ componentNoSpace: undefined
      ✔ omits changelog if skipChangelog=true
❯ component:
✔ Repository needs a snapshot bump.
      ✔ does not update released version for snapshot bump

  Node
    buildReleasePullRequest
✔ Considering: 1 commits
❯ component: google-cloud-automl
❯ pull request title pattern: undefined
❯ componentNoSpace: undefined
      ✔ returns release PR changes with defaultInitialVersion
✔ Considering: 1 commits
❯ component: some-node-package
❯ pull request title pattern: undefined
❯ componentNoSpace: undefined
      ✔ builds a release pull request
✔ Considering: 1 commits
❯ component: node-test-repo
❯ pull request title pattern: undefined
❯ componentNoSpace: undefined
      ✔ detects a default component
✔ Considering: 1 commits
❯ component: abc-123
❯ pull request title pattern: undefined
❯ componentNoSpace: undefined
      ✔ detects a default packageName
✔ Considering: 1 commits
      ✔ handles missing package.json
✔ Considering: 5 commits
❯ component: google-cloud-node
❯ pull request title pattern: undefined
❯ componentNoSpace: undefined
✔ adding release 1.0.0 for node-test-repo
      ✔ updates changelog.json if present
    buildUpdates
✔ Considering: 1 commits
❯ component: google-cloud-automl
❯ pull request title pattern: undefined
❯ componentNoSpace: undefined
      ✔ builds common files
✔ Considering: 1 commits
❯ component: google-cloud-automl
❯ pull request title pattern: undefined
❯ componentNoSpace: undefined
      ✔ omits changelog if skipChangelog=true

  OCaml
    buildReleasePullRequest
✔ Considering: 3 commits
❯ component: google-cloud-automl
❯ pull request title pattern: undefined
❯ componentNoSpace: undefined
      ✔ returns release PR changes with defaultInitialVersion
✔ Considering: 3 commits
❯ component: google-cloud-automl
❯ pull request title pattern: undefined
❯ componentNoSpace: undefined
      ✔ returns release PR changes with semver patch bump
    buildUpdates
✔ Considering: 3 commits
❯ component: google-cloud-automl
❯ pull request title pattern: undefined
❯ componentNoSpace: undefined
      ✔ builds common files
✔ Considering: 3 commits
❯ component: google-cloud-automl
❯ pull request title pattern: undefined
❯ componentNoSpace: undefined
      ✔ omits changelog if skipChangelog=true
✔ Considering: 3 commits
❯ component: google-cloud-automl
❯ pull request title pattern: undefined
❯ componentNoSpace: undefined
      ✔ finds and updates a project files

  PHPYoshi
    buildReleasePullRequest
      ✔ returns release PR changes with defaultInitialVersion (45ms)
      ✔ returns release PR changes with semver patch bump (44ms)
      ✔ includes misc commits
    buildUpdates
      ✔ builds common files (45ms)
      ✔ omits changelog if skipChangelog=true (41ms)
      ✔ finds touched components (42ms)
      ✔ ignores non client top level directories (44ms)
✔ updating "version" from 1.2.3 to 1.2.4
      ✔ updates component composer version (43ms)
      ✔ can override the version from BEGIN_VERSION_OVERRIDE body (41ms)
    buildRelease
      ✔ parses the release notes

  PHP
    buildReleasePullRequest
✔ Considering: 3 commits
❯ component: google-cloud-automl
❯ pull request title pattern: undefined
❯ componentNoSpace: undefined
      ✔ returns release PR changes with defaultInitialVersion
✔ Considering: 3 commits
❯ component: google-cloud-automl
❯ pull request title pattern: undefined
❯ componentNoSpace: undefined
      ✔ returns release PR changes with semver patch bump
    buildUpdates
✔ Considering: 3 commits
❯ component: google-cloud-automl
❯ pull request title pattern: undefined
❯ componentNoSpace: undefined
      ✔ builds common files
✔ Considering: 3 commits
❯ component: google-cloud-automl
❯ pull request title pattern: undefined
❯ componentNoSpace: undefined
      ✔ omits changelog if skipChangelog=true

  Python
    buildReleasePullRequest
✔ Considering: 3 commits
❯ component: google-cloud-automl
❯ pull request title pattern: undefined
❯ componentNoSpace: undefined
⚠ file pyproject.toml did not exist
      ✔ returns release PR changes with defaultInitialVersion
✔ Considering: 3 commits
❯ component: google-cloud-automl
❯ pull request title pattern: undefined
❯ componentNoSpace: undefined
⚠ file pyproject.toml did not exist
      ✔ returns release PR changes with semver patch bump
    buildUpdates
✔ Considering: 3 commits
❯ component: google-cloud-automl
❯ pull request title pattern: undefined
❯ componentNoSpace: undefined
⚠ file pyproject.toml did not exist
      ✔ builds common files
✔ Considering: 3 commits
❯ component: google-cloud-automl
❯ pull request title pattern: undefined
❯ componentNoSpace: undefined
⚠ file pyproject.toml did not exist
      ✔ omits changelog if skipChangelog=true
✔ Considering: 3 commits
❯ component: google-cloud-automl
❯ pull request title pattern: undefined
❯ componentNoSpace: undefined
      ✔ finds and updates a pyproject.toml
✔ Considering: 3 commits
❯ component: google-cloud-automl
❯ pull request title pattern: undefined
❯ componentNoSpace: undefined
⚠ file pyproject.toml did not exist
      ✔ finds and updates a version.py file
✔ Considering: 5 commits
❯ component: google-cloud-automl
❯ pull request title pattern: undefined
❯ componentNoSpace: undefined
⚠ file pyproject.toml did not exist
✔ adding release 0.1.0 for google-cloud-automl
      ✔ updates changelog.json if present

  R
    buildReleasePullRequest
✔ Considering: 2 commits
❯ component:
❯ pull request title pattern: undefined
❯ componentNoSpace: undefined
      ✔ updates DESCRIPTION and NEWS.md files

  RubyYoshi
    buildReleasePullRequest
✔ Considering: 3 commits
❯ component: google-cloud-automl
❯ pull request title pattern: undefined
❯ componentNoSpace: undefined
      ✔ returns release PR changes with defaultInitialVersion
✔ Considering: 3 commits
❯ component: google-cloud-automl
❯ pull request title pattern: undefined
❯ componentNoSpace: undefined
      ✔ returns release PR changes with semver patch bump
    buildUpdates
✔ Considering: 3 commits
❯ component: google-cloud-automl
❯ pull request title pattern: undefined
❯ componentNoSpace: undefined
      ✔ builds common files
✔ Considering: 3 commits
❯ component: google-cloud-automl
❯ pull request title pattern: undefined
❯ componentNoSpace: undefined
      ✔ omits changelog if skipChangelog=true
✔ Considering: 3 commits
❯ component: google-cloud-automl
❯ pull request title pattern: undefined
❯ componentNoSpace: undefined
      ✔ does not add summary to changelog
✔ Considering: 3 commits
❯ component: google-cloud-automl
❯ pull request title pattern: undefined
❯ componentNoSpace: undefined
      ✔ allows overriding version file

  Ruby
    buildReleasePullRequest
✔ Considering: 3 commits
❯ component: google-cloud-automl
❯ pull request title pattern: undefined
❯ componentNoSpace: undefined
      ✔ returns release PR changes with defaultInitialVersion
✔ Considering: 3 commits
❯ component: google-cloud-automl
❯ pull request title pattern: undefined
❯ componentNoSpace: undefined
      ✔ returns release PR changes with semver patch bump
    buildUpdates
✔ Considering: 3 commits
❯ component: google-cloud-automl
❯ pull request title pattern: undefined
❯ componentNoSpace: undefined
      ✔ builds common files
✔ Considering: 3 commits
❯ component: google-cloud-automl
❯ pull request title pattern: undefined
❯ componentNoSpace: undefined
      ✔ omits changelog if skipChangelog=true
✔ Considering: 3 commits
❯ component: google-cloud-automl
❯ pull request title pattern: undefined
❯ componentNoSpace: undefined
      ✔ allows overriding version file
    buildRelease
⚠ Failed to find version in release notes
⚠ Failed to parse releases.
⚠ Failed to find release notes
      ✔ overrides the tag separator

  Rust
    buildReleasePullRequest
✔ Considering: 3 commits
❯ component: google-cloud-automl
❯ pull request title pattern: undefined
❯ componentNoSpace: undefined
❯ Fetching Cargo.toml from branch main
✔ single crate found, updating Cargo.toml
⚠ No crate package name found
      ✔ returns release PR changes with defaultInitialVersion
✔ Considering: 3 commits
❯ component: google-cloud-automl
❯ pull request title pattern: undefined
❯ componentNoSpace: undefined
❯ Fetching Cargo.toml from branch main
✔ single crate found, updating Cargo.toml
⚠ No crate package name found
      ✔ returns release PR changes with semver patch bump
✔ Considering: 3 commits
❯ component: crate1
❯ pull request title pattern: undefined
❯ componentNoSpace: undefined
✔ single crate found, updating Cargo.toml
      ✔ detects a default component

  Rust Crate
    buildUpdates
✔ Considering: 3 commits
❯ component: google-cloud-automl
❯ pull request title pattern: undefined
❯ componentNoSpace: undefined
✔ single crate found, updating Cargo.toml
      ✔ builds common files

  Rust Workspace
    buildUpdates
✔ Considering: 3 commits
❯ component: google-cloud-automl
❯ pull request title pattern: undefined
❯ componentNoSpace: undefined
⚠ No workspace manifest package name found
✔ found workspace with 2 members, upgrading all
⚠ member crates/crate1 declared but did not find Cargo.toml
⚠ member crates/crate2 declared but did not find Cargo.toml
✔ updating 0 submodules
❯ versions map: Map(0) {}
      ✔ builds common files
✔ Considering: 3 commits
❯ component: google-cloud-automl
❯ pull request title pattern: undefined
❯ componentNoSpace: undefined
⚠ No workspace manifest package name found
✔ found workspace with 2 members, upgrading all
✔ updating 2 submodules
❯ versions map: Map(2) {
  'crate1' => Version {
    major: 0,
    minor: 1,
    patch: 0,
    preRelease: undefined,
    build: undefined
  },
  'crate2' => Version {
    major: 0,
    minor: 1,
    patch: 0,
    preRelease: undefined,
    build: undefined
  }
}
      ✔ finds crates from workspace manifest

  Sfdx
    buildReleasePullRequest
✔ Considering: 1 commits
❯ component: google-cloud-automl
❯ pull request title pattern: undefined
❯ componentNoSpace: undefined
      ✔ returns release PR changes with defaultInitialVersion
✔ Considering: 1 commits
❯ component: some-sfdx-package
❯ pull request title pattern: undefined
❯ componentNoSpace: undefined
      ✔ builds a release pull request
✔ Considering: 1 commits
❯ component: sfdx-test-repo
❯ pull request title pattern: undefined
❯ componentNoSpace: undefined
      ✔ detects a default component
✔ Considering: 1 commits
❯ component: abc-123
❯ pull request title pattern: undefined
❯ componentNoSpace: undefined
      ✔ detects a default packageName
✔ Considering: 1 commits
      ✔ handles missing sfdx-project.json
    buildUpdates
✔ Considering: 1 commits
❯ component: google-cloud-automl
❯ pull request title pattern: undefined
❯ componentNoSpace: undefined
      ✔ builds common files
✔ Considering: 1 commits
❯ component: google-cloud-automl
❯ pull request title pattern: undefined
❯ componentNoSpace: undefined
      ✔ omits changelog if skipChangelog=true

  Simple
    buildReleasePullRequest
✔ Considering: 3 commits
❯ component: google-cloud-automl
❯ pull request title pattern: undefined
❯ componentNoSpace: undefined
      ✔ returns release PR changes with defaultInitialVersion
✔ Considering: 3 commits
❯ component: google-cloud-automl
❯ pull request title pattern: undefined
❯ componentNoSpace: undefined
      ✔ returns release PR changes with semver patch bump
    buildUpdates
✔ Considering: 3 commits
❯ component: google-cloud-automl
❯ pull request title pattern: undefined
❯ componentNoSpace: undefined
      ✔ builds common files
✔ Considering: 3 commits
❯ component: google-cloud-automl
❯ pull request title pattern: undefined
❯ componentNoSpace: undefined
      ✔ omits changelog if skipChangelog=true
✔ Considering: 3 commits
❯ component: google-cloud-automl
❯ pull request title pattern: undefined
❯ componentNoSpace: undefined
      ✔ allows configuring the version file

  TerraformModule
    buildReleasePullRequest
✔ Considering: 3 commits
❯ component: google-cloud-automl
❯ pull request title pattern: undefined
❯ componentNoSpace: undefined
      ✔ returns release PR changes with defaultInitialVersion
✔ Considering: 3 commits
❯ component: google-cloud-automl
❯ pull request title pattern: undefined
❯ componentNoSpace: undefined
      ✔ returns release PR changes with semver patch bump
    buildUpdates
✔ Considering: 3 commits
❯ component: google-cloud-automl
❯ pull request title pattern: undefined
❯ componentNoSpace: undefined
      ✔ builds common files
✔ Considering: 3 commits
❯ component: google-cloud-automl
❯ pull request title pattern: undefined
❯ componentNoSpace: undefined
      ✔ omits changelog if skipChangelog=true
✔ Considering: 3 commits
❯ component: google-cloud-automl
❯ pull request title pattern: undefined
❯ componentNoSpace: undefined
      ✔ finds and updates README files

  CargoLock
    updateContent
✖ is not a Cargo lockfile
      ✔ refuses to update something that is not a lockfile
✔ updating delf in
      ✔ updates the crate version while preserving formatting
✔ updating delf in
      ✔ silently ignores invalid [[package]] entries

  CargoToml
    updateContent
      ✔ refuses to update without versions
✖ is not a package manifest (might be a cargo workspace)
      ✔ refuses to update non-package manifests
      ✔ updates the crate version while preserving formatting
✔ skipping dependencies.normal-dep (no path set)
✔ skipping dev-dependencies.dev-dep (no path set)
✔ skipping dev-dependencies.dev-dep-2 (no version set)
✔ updating build-dependencies.build-dep from 1.2.3 to 2.0.0
✔ updating  target.cfg(windows).dev-dependencies.windows-dep from 1.2.3 to 2.0.0
✔ updating  target.cfg(unix).dependencies.unix-dep from 1.2.3 to 2.0.0
✔ updating  target.cfg(target_arch = "x86").dependencies.x86-dep from 1.2.3 to 2.0.0
✔ updating  target.cfg(target_arch = "x86_64").dependencies.x86-64-dep from 1.2.3 to 2.0.0
✔ skipping target.cfg(foobar).dependencies.foobar-dep in
      ✔ updates (only) path dependencies

  changelog.json
✔ adding release 14.0.0 for foo-artifact
    ✔ prepends new release to empty changelog
✔ adding release 14.0.0 for foo-artifact
    ✔ prepends latest release to existing changelog
✔ adding release 14.0.0 for foo-artifact
    ✔ adds PR # suffix to issues array

  ChangelogUpdater
    updateContent
      ✔ inserts content at appropriate location if CHANGELOG exists
      ✔ inserts content at appropriate location if CHANGELOG exists, and last release was a patch
      ✔ inserts content at appropriate location in yoshi-ruby style CHANGELOG
      ✔ populates a new CHANGELOG if none exists
      ✔ inserts content at appropriate location in yoshi-dotnet style CHANGELOG
      ✔ prepends CHANGELOG entries if a different style is found

  ChartYaml
    updateContent
✔ updating from 1.0.0 to 1.1.0
      ✔ updates version in Chart.yaml

  CompositeUpdater
    updateContent
      ✔ updates content multiple times
    mergeUpdates
      ✔ can merge multiple updates
      ✔ ignores disjoint paths

  Apis
    updateContent
      ✔ updates the specific version while preserving formatting

  CsProj
    updateContent
      ✔ updates a csproj file
      ✔ updates a prerelease version

  DuneProject
    updateContent
✔ updating from 0.5.0 to 0.6.0
      ✔ updates version in dune-project file

  Elixir
    updateContent
✔ updating module attribute version from 0.5.0 to 0.6.0
      ✔ updates module attribute version in mix.exs file
✔ updating inline version from 0.5.0 to 0.6.0
      ✔ updates inline version in mix.exs file

  EsyJson
    updateContent
✔ updating from 0.5.0 to 0.6.0
      ✔ updates version in esy.json file

  AppJson
    updateContent
✔ updating Expo version from 1.2.3 to 3.2.1
✔ updating iOS version from 1.2.3 to 3.2.1
✔ updating Android version from 440010203 to 440030201
      ✔ updates the app versions

  Gemfile.lock
    updateContent
      ✔ should update for minor
      ✔ should update for patch
      ✔ should update for long patch
      ✔ should update for prerelease
      ✔ should update for prerelease bump
      ✔ should update for beta
      ✔ should update for major
      ✔ should update for major bump with long patch
      ✔ should update for update semantic version
      ✔ should not update for text to ignore
      ✔ should not update for no parantheses around version
      ✔ should not update for prefixed gem name
      ✔ should not update for suffixed gem name
      ✔ should not update for empty gem name
      ✔ does not update anything if gem name is not provided
      ✔ updates version in Gemfile.lock
      ✔ updates prerelease in Gemfile.lock

  GenericJson
    updateContent
      ✔ updates matching entry
      ✔ updates deep entry
      ✔ updates substring in matching entry
      ✔ ignores non-matching entry
⚠ No string in $.extends. Skipping.
      ✔ ignore array entry
⚠ No version found in $.author. Skipping.
      ✔ ignore non-matching string

  GenericToml
    updateContent
      ✔ updates matching entry
      ✔ updates deep entry in toml
⚠ No entries modified in $.nonExistent
      ✔ ignores non-matching entry
⚠ Invalid toml, cannot be parsed TomlError: Unexpected character, expecting string, number, datetime, boolean, inline array or inline table
    at TaggedTOMLParser.parseValue (/app/node_modules/@iarna/toml/lib/toml-parser.js:522:26)
    at TaggedTOMLParser.parseValue (/app/build/src/util/toml-edit.js:31:22)
    at TaggedTOMLParser.runOne (/app/node_modules/@iarna/toml/lib/parser.js:64:30)
    at TaggedTOMLParser.callNow (/app/node_modules/@iarna/toml/lib/parser.js:96:17)
    at TaggedTOMLParser.parseAssignPreValue (/app/node_modules/@iarna/toml/lib/toml-parser.js:377:21)
    at TaggedTOMLParser.runOne (/app/node_modules/@iarna/toml/lib/parser.js:64:30)
    at TaggedTOMLParser.parse (/app/node_modules/@iarna/toml/lib/parser.js:45:22)
    at parseWith (/app/build/src/util/toml-edit.js:65:12)
    at GenericToml.updateContent (/app/build/src/updaters/generic-toml.js:40:46)
    at Context.<anonymous> (/app/build/test/updaters/generic-toml.js:47:40)
    at callFn (/app/node_modules/mocha/lib/runnable.js:364:21)
    at Runnable.run (/app/node_modules/mocha/lib/runnable.js:352:5)
    at Runner.runTest (/app/node_modules/mocha/lib/runner.js:677:10)
    at /app/node_modules/mocha/lib/runner.js:800:12
    at next (/app/node_modules/mocha/lib/runner.js:592:14)
    at /app/node_modules/mocha/lib/runner.js:602:7
    at next (/app/node_modules/mocha/lib/runner.js:485:14)
    at Immediate._onImmediate (/app/node_modules/mocha/lib/runner.js:570:5)
    at process.processImmediate (node:internal/timers:485:21) {
  fromTOML: true,
  wrapped: null,
  line: 0,
  col: 10,
  pos: 10
}
      ✔ ignores invalid file
      ✔ updates matching entry with TOML v1.0.0 spec

  GenericXml
    updateContent
      ✔ updates matching entry
      ✔ ignores non-matching entry
      ✔ updates matching attribute

  GenericYaml
    updateContent
      ✔ updates matching entry
      ✔ updates deep entry in json
      ✔ updates deep entry in yaml
⚠ No entries modified in $.nonExistent
      ✔ ignores non-matching entry
⚠ Invalid yaml, cannot be parsed YAMLException: bad indentation of a mapping entry (1:18)

 1 | boo: invalid:yaml:
----------------------^
    at generateError (/app/node_modules/js-yaml/lib/loader.js:183:10)
    at throwError (/app/node_modules/js-yaml/lib/loader.js:187:9)
    at readBlockMapping (/app/node_modules/js-yaml/lib/loader.js:1182:7)
    at composeNode (/app/node_modules/js-yaml/lib/loader.js:1441:12)
    at readDocument (/app/node_modules/js-yaml/lib/loader.js:1625:3)
    at loadDocuments (/app/node_modules/js-yaml/lib/loader.js:1688:5)
    at Object.loadAll (/app/node_modules/js-yaml/lib/loader.js:1701:19)
    at GenericYaml.updateContent (/app/build/src/updaters/generic-yaml.js:44:25)
    at Context.<anonymous> (/app/build/test/updaters/generic-yaml.js:53:40)
    at callFn (/app/node_modules/mocha/lib/runnable.js:364:21)
    at Runnable.run (/app/node_modules/mocha/lib/runnable.js:352:5)
    at Runner.runTest (/app/node_modules/mocha/lib/runner.js:677:10)
    at /app/node_modules/mocha/lib/runner.js:800:12
    at next (/app/node_modules/mocha/lib/runner.js:592:14)
    at /app/node_modules/mocha/lib/runner.js:602:7
    at next (/app/node_modules/mocha/lib/runner.js:485:14)
    at Immediate._onImmediate (/app/node_modules/mocha/lib/runner.js:570:5)
    at process.processImmediate (node:internal/timers:485:21) {
  reason: 'bad indentation of a mapping entry',
  mark: {
    name: null,
    buffer: 'boo: invalid:yaml:\n',
    position: 17,
    line: 0,
    column: 17,
    snippet: ' 1 | boo: invalid:yaml:\n----------------------^'
  }
}
      ✔ ignores invalid file
      ✔ updates multi-document yaml

  Generic
    updateContent
      ✔ updates generic version markers

  JavaAuthVersions
    updateContent
      ✔ updates versions.txt appropriately for non-SNAPSHOT release
      ✔ updates versions.txt appropriately for SNAPSHOT release
      ✔ updates multiple versions in versions.txt

  JavaReleased
    updateContent
      ✔ updates released version markers

  JavaUpdate
    updateContent
      ✔ updates an LTS snapshot version
      ✔ only updates current versions for snapshots
      ✔ updates all versions for non snapshots

  KRM Blueprint
    updateContent
      with previousVersion
✔ updating from v0.2.0 to v2.1.0
        ✔ updates version in simpleKRM.yaml
      without previousVersion
✔ updating from v0.2.0 to v2.1.0
        ✔ updates version in simpleKRM.yaml
      with previousVersion
✔ updating from v0.2.0 to v18.0.0
        ✔ updates version in multiKRMwithFn.yaml
      without previousVersion
✔ updating from v0.2.0 to v18.0.0
        ✔ updates version in multiKRMwithFn.yaml

  metadata.yaml
    updateContent
✔ updating from version: 2.0.0, to v2.1.0
      ✔ updates version in metadata.yaml

  ModuleBazel
    updateContent
      ✔ updates version in MODULE.bazel file
      ✔ updates version when inline
      ✔ updates version when ordered improperly
      ✔ leaves the version file alone if the version is missing

  versions.tf
    updateContent
✔ updating from v1.0.0, to v2.1.0
      ✔ updates version in versions.tf

  Opam
    updateContent
✔ updating from 0.5.0 to 0.6.0
      ✔ updates version in opam file

  PackageJson
    updateContent
✔ updating from 13.0.0 to 14.0.0
      ✔ updates the package version
✔ updating from 13.0.0 to 14.0.0
      ✔ updates dependency versions
✔ updating from 13.0.0 to 14.0.0
      ✔ does not update versions of dependencies that are protocols
✔ updating from 13.0.0 to 14.0.0
      ✔ does not update peer dependencies by default

  PackageLockJson
    updateContent v1
✔ updating from 11.1.0 to 14.0.0
      ✔ updates the package version
    updateContent v2
✔ updating from 11.1.0 to 14.0.0
      ✔ updates the package version
    updateContent v3
✔ updating from 11.1.0 to 14.0.0
      ✔ updates the package version
    updateContent v3 monorepo
✔ updating from 11.1.0 to 14.0.0
      ✔ updates the package version

  PHPManifest
    updateContent
      ✔ update version in Version.php files
      ✔ update version in ServiceBuilder.php files

  PHPComposer
    updateContent
✔ updating "version" from 1.0.0 to 1.0.0
✔ updating my/package from 1.0.0 to 1.0.0
      ✔ does not update a version when version is the same
✔ updating "version" from 0.0.0 to 1.0.0
✔ updating my/package from 0.0.0 to 1.0.0
      ✔ update all versions in composer.json
✔ updating "version" from 0.0.0 to 1.0.0
✔ updating version from 1.0.0 to 1.0.0
      ✔ update root version in composer.json
✔ updating my/package from 0.0.0 to 1.0.0
      ✔ update replace package in composer.json when package is set in version map
✔ updating my/package from undefined to 1.0.0
      ✔ update replace package in composer.json when package is missing

  PomXml
    updateContent
      ✔ updates project.version
      ✔ updates project.parent.version
      ✔ updates dependencies
      ✔ preserves trailing newlines

  PubspecYaml
    updateContent
✔ updating from 0.5.0 to 0.6.0
      ✔ updates version in pubspec.yaml file
✔ updating from 0.5.0+12 to 0.6.0+13
      ✔ updates version with build number in pubspec.yaml file
✔ updating from 0.5.0+abc to 0.6.0+abc
      ✔ leaves malformatted build numbers alone in pubspec.yaml file

  PyProjectToml
✖ invalid file
    ✔ refuses to update something that is not a valid pyproject
✖ invalid file
    ✔ refuses to update when version is missing

  pyproject-project.toml
    updateContent
      ✔ updates version in pyproject-project.toml

  pyproject-poetry.toml
    updateContent
      ✔ updates version in pyproject-poetry.toml

  version.py
    updateContent
      ✔ updates version in version.py
      ✔ updates long patch versions in version.py

  project/__init__.py
    updateContent
      ✔ updates version in project/__init__.py

  src/project/__init__.py
    updateContent
      ✔ updates version in src/project/__init__.py

  DESCRIPTION
    updateContent
      ✔ updates version in DESCRIPTION file

  README.md
    updateContent
      ✔ updates version in README.md

  composer-update-package.json
    updateContent
✔ updating google/cloud-automl from 0.7.1 to 0.8.0
✔ updating google/cloud-talent from 0.6.0 to 1.0.0
      ✔ updates all versions in root composer file
✔ updating "version" from 0.8.0 to 1.0.0
      ✔ updates version in composer if it exists
      ✔ does not update version in composer if it does not exist

  ruby-common
    resolveRubyGemfileLockVersion
      ✔ 0.0.0 should resolve to 0.0.0
      ✔ 1.2.3 should resolve to 1.2.3
      ✔ 15.10.22 should resolve to 15.10.22
      ✔ 1.0.0-alpha should resolve to 1.0.0.pre.alpha
      ✔ 1.0.0-alpha1 should resolve to 1.0.0.pre.alpha1
      ✔ 2.0.0-rc1 should resolve to 2.0.0.pre.rc1
    stringifyRubyVersion
      ✔ 0.2.0 should equal 0.2.0
      ✔ 1.2.3 should equal 1.2.3
      ✔ 1.2.10 should equal 1.2.10
      ✔ 15.10.22 should equal 15.10.22
      ✔ 1.0.0-alpha should equal 1.0.0-alpha
      ✔ 1.0.0-alpha1 should equal 1.0.0-alpha1
      ✔ 2.0.0-rc1 should equal 2.0.0-rc1
      combined with resolve resolveRubyGemfileLockVersion
        ✔ 0.2.0 combined with resolveRubyGemfileLockVersion should equal 0.2.0
        ✔ 1.2.3 combined with resolveRubyGemfileLockVersion should equal 1.2.3
        ✔ 1.2.10 combined with resolveRubyGemfileLockVersion should equal 1.2.10
        ✔ 15.10.22 combined with resolveRubyGemfileLockVersion should equal 15.10.22
        ✔ 1.0.0-alpha combined with resolveRubyGemfileLockVersion should equal 1.0.0.pre.alpha
        ✔ 1.0.0-alpha1 combined with resolveRubyGemfileLockVersion should equal 1.0.0.pre.alpha1
        ✔ 2.0.0-rc1 combined with resolveRubyGemfileLockVersion should equal 2.0.0.pre.rc1
      with dot prelease seperator
        ✔ 0.2.0 should equal 0.2.0
        ✔ 0.2.0 combined with resolveRubyGemfileLockVersion should equal 0.2.0
        ✔ 1.2.3 should equal 1.2.3
        ✔ 1.2.3 combined with resolveRubyGemfileLockVersion should equal 1.2.3
        ✔ 1.2.10 should equal 1.2.10
        ✔ 1.2.10 combined with resolveRubyGemfileLockVersion should equal 1.2.10
        ✔ 15.10.22 should equal 15.10.22
        ✔ 15.10.22 combined with resolveRubyGemfileLockVersion should equal 15.10.22
        ✔ 1.0.0-alpha should equal 1.0.0.alpha
        ✔ 1.0.0-alpha combined with resolveRubyGemfileLockVersion should equal 1.0.0.alpha
        ✔ 1.0.0-alpha1 should equal 1.0.0.alpha1
        ✔ 1.0.0-alpha1 combined with resolveRubyGemfileLockVersion should equal 1.0.0.alpha1
        ✔ 2.0.0-beta should equal 2.0.0.beta
        ✔ 2.0.0-beta combined with resolveRubyGemfileLockVersion should equal 2.0.0.beta
        ✔ 2.0.0-rc1 should equal 2.0.0.rc1
        ✔ 2.0.0-rc1 combined with resolveRubyGemfileLockVersion should equal 2.0.0.rc1

  SamplesPackageJson
    updateContent
✔ updating @google-cloud/firestore dependency from ^1.3.0 to ^14.0.0
      ✔ updates package version in dependencies
      ✔ does not fail when top level package does not exist in dependencies

  setup.cfg
    updateContent
      ✔ updates version in setup.cfg
      ✔ updates big version in setup.cfg

  setup.py
    updateContent
      ✔ updates version in setup.py

  SfdxProjectJson
    updateContent
✔ updating from 1.0.0.NEXT to 2.3.4
      ✔ updates version in sfdx-project.json

  version.go
    updateContent
      ✔ updates version in version.go

  VersionManifest
    parseVersions
      ✔ parses multiple versions in versions.txt
    needsSnapshot
      ✔ parses detects a release version
      ✔ parses detects an existing snapshot version
    updateContent
      ✔ updates versions.txt with snapshot released version
      ✔ updates versions.txt with an artifact id is another ones suffix with snapshot
      ✔ updates versions.txt with an artifact id is another ones suffix without snapshot

  version.rb
    updateContent
      ✔ should update for single quotes
      ✔ should update for double quotes
      ✔ should update for minor
      ✔ should update for patch
      ✔ should update for long patch
      ✔ should update for prerelease
      ✔ should update for prerelease bump
      ✔ should update for major
      ✔ should update for major patch
      ✔ should not update for ignored
      ✔ should not update for random text
      ✔ should not update for invalid version single quoted
      ✔ should not update for invalid version double quoted
      ✔ updates version in version.rb
      ✔ updates content with single quotes in version.rb
      ✔ updates long patch versions in version.rb
      ✔ updates prerelease versions in version.rb

  BranchName
    parse
      ✔ parses a target branch
      ✔ parses a target branch that starts with a v
      ✔ parses a target branch named with a valid semver
      ✔ parses a target branch and component
      ✔ parses a target branch that has a /
      ✔ fails to parse
      autorelease branch name
        ✔ parses a versioned branch name
        ✔ parses a versioned branch name with component
⚠ Error parsing branch name: release-storage-v1 Error: unable to parse version string: 1
    at Version.parse (/app/build/src/version.js:40:19)
    at new AutoreleaseBranchName (/app/build/src/util/branch-name.js:102:46)
    at BranchName.parse (/app/build/src/util/branch-name.js:43:20)
    at Context.<anonymous> (/app/build/test/util/branch-name.js:45:61)
    at callFn (/app/node_modules/mocha/lib/runnable.js:364:21)
    at Runnable.run (/app/node_modules/mocha/lib/runnable.js:352:5)
    at Runner.runTest (/app/node_modules/mocha/lib/runner.js:677:10)
    at /app/node_modules/mocha/lib/runner.js:800:12
    at next (/app/node_modules/mocha/lib/runner.js:592:14)
    at /app/node_modules/mocha/lib/runner.js:602:7
    at next (/app/node_modules/mocha/lib/runner.js:485:14)
    at Immediate._onImmediate (/app/node_modules/mocha/lib/runner.js:570:5)
    at process.processImmediate (node:internal/timers:485:21)
        ✔ should not crash on parsing
      v12 format
        ✔ parses a target branch
        ✔ parses a target branch and component
    ofVersion
      ✔ builds the autorelease versioned branch name
    ofComponentVersion
      ✔ builds the autorelease versioned branch name with component
    ofTargetBranch
      ✔ builds branchname with only target branch
    ofComponentTargetBranch
      ✔ builds branchname with target branch and component

  coerceOption
    ✔ is a noop if option does not look like path
    ✔ returns path-like option, if it does not exist
    ✔ returns path-like option, if it resolves to a folder
    ✔ returns file contents if option is path-like, and it resolves to file

  commit-exclude
    ✔ should not exclude anything if paths are empty
    ✔ should not exclude only if all files are from excluded path
    ✔ should exclude if all files are from excluded path
    ✔ should make decision only on relevant files

  CommitSplit
    ✔ defaults to excluding empty commits
    ✔ uses path prefixes
    ✔ handles nested folders
    including empty commits
      ✔ should separate commits
      ✔ should separate commits with limited list of paths
    excluding empty commits
      ✔ should separate commits
      ✔ should separate commits with limited list of paths

  filterCommits
    ✔ removes unknown commit types
    ✔ removes unknown commit type for breaking change
    ✔ removes hidden commit types for non-breaking changes
    ✔ includes hidden commit types for non-breaking changes

  indentCommit
    ✔ handles carriage return
    ✔ only adds lines prefixed with * to CHANGELOG
    ✔ handles multiple lines of multi-line text

  PullRequestBody
    parse
      ✔ should parse multiple components
      ✔ should parse multiple components mixed with componentless
      ✔ should parse single component from legacy manifest release
      ✔ should parse standalone release
      ✔ should parse standalone prerelease
      ✔ should parse legacy PHP body
      ✔ can parse initial release pull rqeuest body
    toString
      ✔ can handle multiple entries
      ✔ can handle a single entries
      ✔ can handle a single entries forced components
      ✔ can handle a custom header and footer
      ✔ can parse the generated output
      ✔ can handle componently entries

  FilePullRequestOverflowHandler
    handleOverflow
      ✔ writes large pull request body contents to a file
      ✔ ignores small pull request body contents
    parseOverflow
✔ Pull request body overflows, parsing full body from: https://github.com/test-owner/test-repo/blob/my-head-branch--release-notes/release-notes.md
      ✔ parses overflow body and reads file contents
      ✔ ignores small pull request body contents

  PullRequestTitle
    parse
      ✔ parses a target branch
      ✔ parses a target branch and component
      ✔ parses a target branch and component with a slash
      ✔ fails to parse
      autorelease branch name
        ✔ parses a versioned branch name
        ✔ parses a versioned branch name with v
        ✔ parses a versioned branch name with component
    ofVersion
      ✔ builds the autorelease versioned branch name
    ofComponentVersion
      ✔ builds the autorelease versioned branch name with component
    ofTargetBranch
      ✔ builds branchname with only target branch
    ofTargetBranchVersion
      ✔ builds branchname with target branch and version
    ofComponentTargetBranch
      ✔ builds branchname with target branch and component
    generateMatchPattern
      ✔ return matchPattern with default Pattern

  PullRequestTitle with custom pullRequestTitlePattern with SPACE in component
    parse
      ✔ parses a target branch
      ✔ parses a target branch and component
      ✔ parses a component with @ sign prefix
      ✔ fails to parse
⚠ pullRequestTitlePattern miss the part of '${scope}'
⚠ pullRequestTitlePattern miss the part of '${component}'
⚠ pullRequestTitlePattern miss the part of '${version}'
⚠ pullRequestTitlePattern miss the part of '${scope}'
⚠ pullRequestTitlePattern miss the part of '${component}'
⚠ pullRequestTitlePattern miss the part of '${version}'
      ✔ parses a manifest title
      ✔ parses a complex title and pattern
      autorelease branch name
        ✔ parses a versioned branch name
        ✔ parses a versioned branch name with v
        ✔ parses a versioned branch name with component
    ofVersion
      ✔ builds the autorelease versioned branch name
    ofComponentVersion
      ✔ builds the autorelease versioned branch name with component
    ofTargetBranch
      ✔ builds branchname with only target branch
    ofComponentTargetBranch
      ✔ builds branchname with target branch and component
    generateMatchPattern
      ✔ return matchPattern with custom Pattern

  PullRequestTitle with custom pullRequestTitlePattern without SPACE in component
    parse
      ✔ parses a target branch
      ✔ parses a target branch and component
      ✔ parses a component with @ sign prefix
      ✔ fails to parse
⚠ pullRequestTitlePattern miss the part of '${scope}'
⚠ pullRequestTitlePattern miss the part of '${component}'
⚠ pullRequestTitlePattern miss the part of '${version}'
⚠ pullRequestTitlePattern miss the part of '${scope}'
⚠ pullRequestTitlePattern miss the part of '${component}'
⚠ pullRequestTitlePattern miss the part of '${version}'
      ✔ parses a manifest title
      ✔ parses a complex title and pattern
      autorelease branch name
`component` is empty. Removing component from title pattern..
        ✔ parses a versioned branch name
        ✔ parses a versioned branch name with v
        ✔ parses a versioned branch name with component
    ofVersion
`component` is empty. Removing component from title pattern..
      ✔ builds the autorelease versioned branch name
    ofComponentVersion
      ✔ builds the autorelease versioned branch name with component
    ofTargetBranch
`component` is empty. Removing component from title pattern..
      ✔ builds branch name with only target branch
    ofComponentTargetBranch
      ✔ builds branch name with target branch and component
    generateMatchPattern
      ✔ return matchPattern with custom Pattern

  signoffCommitMessage
    ✔ appends a signoff to the commit message with signoff user
    ✔ throws an error if the signoff user is not in a valid format

  TagName
    parse
      with component
        ✔ handles a default separator
        ✔ handles a / separator
        ✔ handles tag without a v
        ✔ handles tag without a v with a / separator
      without component
        ✔ handles a version
        ✔ handles a version without a v
        ✔ handles a dual digit version without v
        ✔ handles a dual digit version
        ✔ handles a triple digit version without v
        ✔ handles a triple digit version

  Version
    parse
      ✔ can read a plain semver
      ✔ can read a SNAPSHOT version
      ✔ can read a beta version
      ✔ can read a beta SNAPSHOT version
      ✔ can read an lts version
      ✔ can read an lts beta version
      ✔ can read an lts snapshot version
      ✔ can read an lts beta snapshot version
      ✔ can read a plain semver with build
      ✔ can read a plain semver with alphanumeric build
      ✔ can read a semver with pre-release and build
    compare
      ✔ should handle pre-release versions
      ✔ should sort in ascending order using compare
    isPreMajor
      ✔ should return true for versions < 1.0.0
      ✔ should return false for versions >= 1.0.0

  AlwaysBumpMajorStrategy
    with breaking change
      ✔ bumps major
    with a feature
      ✔ bumps major for minor
    with a fix
      ✔ bumps major for patch

  AlwaysBumpMinorStrategy
    with breaking change
      ✔ bumps minor for major
    with a feature
      ✔ bumps minor
    with a fix
      ✔ bumps minor for patch

  DefaultVersioningStrategy
    with breaking change
      ✔ can bump a major
      ✔ can bump a major on pre major for breaking change
      ✔ can bump a minor pre major for breaking change
    with a feature
      ✔ can bump a minor
      ✔ can bump a minor pre-major
      ✔ can bump a patch pre-major
    with a fix
      ✔ can bump a patch
    with release-as
❯ found Release-As: 3.1.2, forcing version
      ✔ sets the version
❯ found Release-As: 3.1.2, forcing version
      ✔ handles multiple release-as commits

  DependencyManifest
    with breaking change
      ✔ can bump a major
      ✔ can bump a major on pre major for breaking change
      ✔ can bump a minor pre major for breaking change
    with a feature
      ✔ can bump a minor
      ✔ can bump a minor pre-major
      ✔ can bump a patch pre-major
    with a fix
      ✔ can bump a patch
    with a dependency update
      ✔ can bump a patch
      ✔ can bump a minor
      ✔ can bump a minor as a patch pre-major
      ✔ can bump a major as a minor pre-major
      ✔ can bump a major

  JavaAddSnapshot
    with DefaultVersioning
      ✔ should bump to snapshot
    with ServicePack
      ✔ should bump to snapshot
      ✔ can bump to next snapshot
    with AlwaysBumpPatch
      ✔ should bump to snapshot

  JavaVersioningStrategy
    with DefaultVersioning
      with breaking change
        ✔ can bump a major
        ✔ can bump a major on pre major for breaking change
        ✔ can bump a minor pre major for breaking change
      with a feature
        ✔ can bump a minor
        ✔ can bump a minor pre-major
        ✔ can bump a patch pre-major
      with a fix
        ✔ can bump a patch
    with ServicePack
      with breaking change
        ✔ can bump a major
        ✔ can bump a major on pre major for breaking change
        ✔ can bump a minor pre major for breaking change
      with a feature
        ✔ can bump a minor
        ✔ can bump a minor on pre major for breaking change
        ✔ can bump a minor pre major for breaking change
      with a fix
        ✔ can bump a patch
        ✔ can bump a patch on pre major for breaking change
        ✔ can bump a patch pre major for breaking change
    with AlwaysBumpPatch
      with breaking change
        ✔ can bump a major
        ✔ can bump a major on pre major for breaking change
        ✔ can bump a minor pre major for breaking change
      with a feature
        ✔ can bump a minor
        ✔ can bump a minor on pre major for breaking change
        ✔ can bump a minor pre major for breaking change
      with a fix
        ✔ can bump a patch
        ✔ can bump a patch on pre major for breaking change
        ✔ can bump a patch pre major for breaking change

  PrereleaseVersioningStrategy
    with breaking change
      without prerelease type
        ✔ can bump 1.2.3 to 2.0.0
        ✔ can bump 0.1.2 to 1.0.0
        ✔ can bump 1.0.0-beta01 to 1.0.0-beta02
        ✔ can bump 2.0.0-beta01 to 2.0.0-beta02
        ✔ can bump 1.0.1-beta01 to 2.0.0-beta01
        ✔ can bump 1.1.0-beta01 to 2.0.0-beta01
        ✔ can bump 1.1.1-beta01 to 2.0.0-beta01
        ✔ can bump a minor pre major for breaking change
      with prerelease type
        ✔ can bump 1.2.3 to 2.0.0-beta
        ✔ can bump 0.1.2 to 1.0.0-beta
        ✔ can bump 1.0.0-alpha to 1.0.0-alpha.1
        ✔ can bump 1.0.0-beta to 1.0.0-beta.1
        ✔ can bump 2.0.0-beta to 2.0.0-beta.1
        ✔ can bump 1.0.1-beta to 2.0.0-beta
        ✔ can bump 1.1.0-beta to 2.0.0-beta
        ✔ can bump 1.1.1-beta to 2.0.0-beta
        ✔ can bump 1.0.0-beta01 to 1.0.0-beta02
        ✔ can bump 2.0.0-beta01 to 2.0.0-beta02
        ✔ can bump 1.0.1-beta01 to 2.0.0-beta01
        ✔ can bump 1.1.0-beta01 to 2.0.0-beta01
        ✔ can bump 1.1.1-beta01 to 2.0.0-beta01
        ✔ can bump 1.0.0-beta2023.1 to 1.0.0-beta2023.2
        ✔ can bump 2.0.0-beta2023.1 to 2.0.0-beta2023.2
        ✔ can bump 1.0.1-beta2023.1 to 2.0.0-beta2023.1
        ✔ can bump 1.1.0-beta2023.1 to 2.0.0-beta2023.1
        ✔ can bump 1.1.1-beta2023.1 to 2.0.0-beta2023.1
        ✔ can bump a minor pre major for breaking change
    with a feature
      without prerelease type
        ✔ can bump 1.2.3 to 1.3.0
        ✔ can bump 0.1.2 to 0.2.0
        ✔ can bump 1.0.0-beta01 to 1.0.0-beta02
        ✔ can bump 2.0.0-beta01 to 2.0.0-beta02
        ✔ can bump 1.0.1-beta01 to 1.1.0-beta01
        ✔ can bump 1.1.0-beta01 to 1.1.0-beta02
        ✔ can bump 1.1.1-beta01 to 1.2.0-beta01
        ✔ can bump a patch pre-major
      with prerelease type
        ✔ can bump 1.2.3 to 1.3.0-beta
        ✔ can bump 0.1.2 to 0.2.0-beta
        ✔ can bump 1.0.0-alpha to 1.0.0-alpha.1
        ✔ can bump 1.0.0-beta to 1.0.0-beta.1
        ✔ can bump 2.0.0-beta to 2.0.0-beta.1
        ✔ can bump 1.0.1-beta to 1.1.0-beta
        ✔ can bump 1.1.0-alpha to 1.1.0-alpha.1
        ✔ can bump 1.1.0-beta to 1.1.0-beta.1
        ✔ can bump 1.1.1-beta to 1.2.0-beta
        ✔ can bump 1.0.0-beta01 to 1.0.0-beta02
        ✔ can bump 2.0.0-beta01 to 2.0.0-beta02
        ✔ can bump 1.0.1-beta01 to 1.1.0-beta01
        ✔ can bump 1.1.0-beta01 to 1.1.0-beta02
        ✔ can bump 1.1.1-beta01 to 1.2.0-beta01
        ✔ can bump 1.0.0-beta2023.1 to 1.0.0-beta2023.2
        ✔ can bump 2.0.0-beta2023.1 to 2.0.0-beta2023.2
        ✔ can bump 1.0.1-beta2023.1 to 1.1.0-beta2023.1
        ✔ can bump 1.1.0-beta2023.1 to 1.1.0-beta2023.2
        ✔ can bump 1.1.1-beta2023.1 to 1.2.0-beta2023.1
        ✔ can bump a patch pre-major
    with a fix
      without prerelease type
        ✔ can bump 1.2.3 to 1.2.4
        ✔ can bump 1.0.0-beta01 to 1.0.0-beta02
        ✔ can bump 2.0.0-beta01 to 2.0.0-beta02
        ✔ can bump 1.0.1-beta01 to 1.0.1-beta02
        ✔ can bump 1.1.0-beta01 to 1.1.0-beta02
        ✔ can bump 1.1.1-beta01 to 1.1.1-beta02
        ✔ can bump 1.0.0-beta1 to 1.0.0-beta2
        ✔ can bump 1.0.0-beta9 to 1.0.0-beta10
        ✔ can bump 1.0.0-beta09 to 1.0.0-beta10
      with prerelease type
        ✔ can bump 1.2.3 to 1.2.4-beta
        ✔ can bump 1.2.4-alpha to 1.2.4-alpha.1
        ✔ can bump 1.2.4-beta to 1.2.4-beta.1
        ✔ can bump 1.0.0-beta01 to 1.0.0-beta02
        ✔ can bump 2.0.0-beta01 to 2.0.0-beta02
        ✔ can bump 1.0.1-beta01 to 1.0.1-beta02
        ✔ can bump 1.1.0-beta01 to 1.1.0-beta02
        ✔ can bump 1.1.1-beta01 to 1.1.1-beta02
        ✔ can bump 1.0.0-beta1 to 1.0.0-beta2
        ✔ can bump 1.0.0-beta9 to 1.0.0-beta10
        ✔ can bump 1.0.0-beta09 to 1.0.0-beta10
        ✔ can bump 1.0.0-beta2023.1 to 1.0.0-beta2023.2
        ✔ can bump 2.0.0-beta2023.1 to 2.0.0-beta2023.2
        ✔ can bump 1.0.1-beta2023.1 to 1.0.1-beta2023.2
        ✔ can bump 1.1.0-beta2023.1 to 1.1.0-beta2023.2
        ✔ can bump 1.1.1-beta2023.1 to 1.1.1-beta2023.2
    with release-as
❯ found Release-As: 3.1.2, forcing version
      ✔ sets the version
❯ found Release-As: 3.1.2, forcing version
      ✔ handles multiple release-as commits


  1051 passing (9s)
  1 failing

  1) GitHub
       commitsSince
         backfills commit files for pull requests with lots of files:
     HttpError: request to https://api.github.com/graphql failed, reason: Nock: No match for request {
  "method": "POST",
  "url": "https://api.github.com/graphql",
  "headers": {
    "accept": [
      "application/vnd.github.v3+json"
    ],
    "user-agent": [
      "release-please/17.1.1"
    ],
    "authorization": [
      "token undefined"
    ],
    "content-type": [
      "application/vnd.github.v3+json"
    ],
    "content-length": [
      "545"
    ],
    "accept-encoding": [
      "gzip,deflate"
    ],
    "connection": [
      "close"
    ]
  },
  "body": "{\"query\":\"query pullRequestFiles($owner: String!, $repo: String!, $pullNumber: Int!, $cursor: String) {\\n          repository(owner: $owner, name: $repo) {\\n            pullRequest(number: $pullNumber) {\\n              files(first: 100, after: $cursor) {\\n                nodes {\\n                  path\\n                }\\n                pageInfo {\\n                  endCursor\\n                  hasNextPage\\n                }\\n              }\\n            }\\n          }\\n        }\",\"variables\":{\"owner\":\"fake\",\"repo\":\"fake\",\"pullNumber\":7}}"
}
      at /app/node_modules/@octokit/request/dist-node/index.js:157:11
      at process.processTicksAndRejections (node:internal/process/task_queues:105:5)
      at async /app/build/src/github.js:73:38
      at async GitHub.graphqlRequest (build/src/github.js:1299:20)
      at async GitHub.getAllPullRequestFilesGraphQL (build/src/github.js:674:30)
      at async GitHub.mergeCommitsGraphQL (build/src/github.js:638:36)
      at async GitHub.mergeCommitIterator (build/src/github.js:500:30)
      at async GitHub.commitsSince (build/src/github.js:474:26)
      at async Context.<anonymous> (build/test/github.js:405:37)
     Caused by: HttpError: request to https://api.github.com/graphql failed, reason: Nock: No match for request {
    "method": "POST",
    "url": "https://api.github.com/graphql",
    "headers": {
      "accept": [
        "application/vnd.github.v3+json"
      ],
      "user-agent": [
        "release-please/17.1.1"
      ],
      "authorization": [
        "token undefined"
      ],
      "content-type": [
        "application/vnd.github.v3+json"
      ],
      "content-length": [
        "545"
      ],
      "accept-encoding": [
        "gzip,deflate"
      ],
      "connection": [
        "close"
      ]
    },
    "body": "{\"query\":\"query pullRequestFiles($owner: String!, $repo: String!, $pullNumber: Int!, $cursor: String) {\\n          repository(owner: $owner, name: $repo) {\\n            pullRequest(number: $pullNumber) {\\n              files(first: 100, after: $cursor) {\\n                nodes {\\n                  path\\n                }\\n                pageInfo {\\n                  endCursor\\n                  hasNextPage\\n                }\\n              }\\n            }\\n          }\\n        }\",\"variables\":{\"owner\":\"fake\",\"repo\":\"fake\",\"pullNumber\":7}}"
  }
      at /app/node_modules/@octokit/request/dist-node/index.js:157:11
      at process.processTicksAndRejections (node:internal/process/task_queues:105:5)
      at async /app/build/src/github.js:73:38
      at async GitHub.graphqlRequest (build/src/github.js:1299:20)
      at async GitHub.getAllPullRequestFilesGraphQL (build/src/github.js:674:30)
      at async GitHub.mergeCommitsGraphQL (build/src/github.js:638:36)
      at async GitHub.mergeCommitIterator (build/src/github.js:500:30)
      at async GitHub.commitsSince (build/src/github.js:474:26)
      at async Context.<anonymous> (build/test/github.js:405:37)



-----------------------------------|---------|----------|---------|---------|-----------------------
File                               | % Stmts | % Branch | % Funcs | % Lines | Uncovered Line #s
-----------------------------------|---------|----------|---------|---------|-----------------------
All files                          |   95.05 |    85.35 |   95.41 |   95.05 |
 app                               |   76.47 |       25 |     100 |   76.47 |
  .mocharc.js                      |   76.47 |       25 |     100 |   76.47 | ...,24-25,27-28,30-31
 app/src                           |    94.5 |    83.56 |   92.48 |    94.5 |
  bootstrapper.ts                  |     100 |       75 |     100 |     100 | 68
  changelog-notes.ts               |    87.5 |      100 |       0 |    87.5 | 57-64
  commit.ts                        |    94.8 |    89.15 |     100 |    94.8 | ...22,250-251,332-343
  factory.ts                       |     100 |      100 |     100 |     100 |
  github.ts                        |   91.91 |    72.17 |   90.62 |   91.91 | ...812-1813,1838-1839
  index.ts                         |     100 |      100 |   45.45 |     100 |
  manifest.ts                      |   95.36 |    86.93 |     100 |   95.36 | ...698-1699,1703-1707
  plugin.ts                        |     100 |      100 |     100 |     100 |
  version.ts                       |     100 |      100 |     100 |     100 |
  versioning-strategy.ts           |     100 |      100 |     100 |     100 |
 app/src/bin                       |   85.14 |       80 |    87.5 |   85.14 |
  release-please.ts                |   85.14 |       80 |    87.5 |   85.14 | ...46,855-868,945-956
 app/src/changelog-notes           |     100 |      100 |     100 |     100 |
  default.ts                       |     100 |      100 |     100 |     100 |
  github.ts                        |     100 |      100 |     100 |     100 |
 app/src/errors                    |   95.69 |    84.61 |    87.5 |   95.69 |
  index.ts                         |   95.69 |    84.61 |    87.5 |   95.69 | 71-74
 app/src/factories                 |   96.77 |     92.1 |   88.46 |   96.77 |
  changelog-notes-factory.ts       |     100 |      100 |     100 |     100 |
  plugin-factory.ts                |   93.97 |    84.21 |      90 |   93.97 | 111-115,138-142
  versioning-strategy-factory.ts   |     100 |      100 |      80 |     100 |
 app/src/plugins                   |   94.93 |    85.71 |     100 |   94.93 |
  cargo-workspace.ts               |   92.54 |    81.17 |     100 |   92.54 | ...87,341-343,433-434
  group-priority.ts                |     100 |      100 |     100 |     100 |
  linked-versions.ts               |   97.94 |     86.2 |     100 |   97.94 | 73-74,102-103
  maven-workspace.ts               |   92.34 |    86.41 |     100 |   92.34 | ...33,545-549,565-566
  merge.ts                         |     100 |      100 |     100 |     100 |
  node-workspace.ts                |   95.48 |    80.82 |     100 |   95.48 | ...77,382-383,476-477
  sentence-case.ts                 |     100 |      100 |     100 |     100 |
  workspace.ts                     |   95.31 |    85.71 |     100 |   95.31 | ...67,509-511,523-524
 app/src/strategies                |   95.25 |    85.59 |   97.58 |   95.25 |
  base.ts                          |   94.13 |    90.64 |     100 |   94.13 | ...34,686-688,691-693
  bazel.ts                         |     100 |      100 |     100 |     100 |
  dart.ts                          |   87.35 |    71.42 |     100 |   87.35 | 63-64,75-83
  dotnet-yoshi.ts                  |   88.53 |    47.05 |      80 |   88.53 | ...08,112-115,143-147
  elixir.ts                        |     100 |      100 |     100 |     100 |
  expo.ts                          |   92.85 |    28.57 |     100 |   92.85 | 50-53
  go-yoshi.ts                      |   97.58 |    82.85 |     100 |   97.58 | 137-141
  go.ts                            |     100 |      100 |     100 |     100 |
  helm.ts                          |   87.05 |    71.42 |     100 |   87.05 | 62-63,73-81
  java-yoshi-mono-repo.ts          |   90.34 |    86.95 |     100 |   90.34 | ...64,277-279,302-304
  java-yoshi.ts                    |   91.92 |    89.47 |     100 |   91.92 | ...84,163-164,210-212
  java.ts                          |     100 |    89.58 |     100 |     100 | 64,68,197,206-207
  krm-blueprint.ts                 |     100 |      100 |     100 |     100 |
  maven.ts                         |     100 |      100 |     100 |     100 |
  node.ts                          |   98.42 |    88.88 |     100 |   98.42 | 122-123
  ocaml.ts                         |     100 |      100 |     100 |     100 |
  php-yoshi.ts                     |   96.95 |     82.6 |     100 |   96.95 | ...57,180-182,235-236
  php.ts                           |     100 |       75 |     100 |     100 | 40
  python.ts                        |   87.19 |    69.56 |   66.66 |   87.19 | 107,172-181,184-198
  r.ts                             |     100 |    83.33 |     100 |     100 | 39
  ruby-yoshi.ts                    |     100 |     90.9 |     100 |     100 | 86
  ruby.ts                          |     100 |    81.81 |     100 |     100 | 53-67
  rust.ts                          |   97.64 |    83.33 |     100 |   97.64 | 53,76-78
  sfdx.ts                          |   97.56 |     87.5 |     100 |   97.56 | 77-78
  simple.ts                        |     100 |      100 |     100 |     100 |
  terraform-module.ts              |     100 |      100 |     100 |     100 |
 app/src/updaters                  |    96.8 |    81.67 |   97.05 |    96.8 |
  base-xml.ts                      |     100 |      100 |     100 |     100 |
  changelog-json.ts                |   96.58 |       70 |     100 |   96.58 | 84-85,102-103
  changelog.ts                     |     100 |      100 |     100 |     100 |
  composite.ts                     |     100 |    91.66 |     100 |     100 | 40
  default.ts                       |     100 |      100 |     100 |     100 |
  generic-json.ts                  |     100 |      100 |     100 |     100 |
  generic-toml.ts                  |     100 |    88.88 |     100 |     100 | 64
  generic-xml.ts                   |     100 |      100 |     100 |     100 |
  generic-yaml.ts                  |   96.66 |    91.66 |     100 |   96.66 | 64-66
  generic.ts                       |   94.53 |    75.51 |     100 |   94.53 | ...50,184-185,205,221
  raw-content.ts                   |     100 |      100 |     100 |     100 |
  release-please-config.ts         |   97.75 |    33.33 |     100 |   97.75 | 40,47
  release-please-manifest.ts       |   66.66 |      100 |       0 |   66.66 | 20-29
 app/src/updaters/bazel            |     100 |      100 |     100 |     100 |
  module-bazel.ts                  |     100 |      100 |     100 |     100 |
 app/src/updaters/dart             |     100 |      100 |     100 |     100 |
  pubspec-yaml.ts                  |     100 |      100 |     100 |     100 |
 app/src/updaters/dotnet           |    96.7 |       80 |     100 |    96.7 |
  apis.ts                          |   94.73 |       75 |     100 |   94.73 | 51-53
  csproj.ts                        |     100 |      100 |     100 |     100 |
 app/src/updaters/elixir           |     100 |      100 |     100 |     100 |
  elixir-mix-exs.ts                |     100 |      100 |     100 |     100 |
 app/src/updaters/expo             |   94.68 |       40 |     100 |   94.68 |
  app-json.ts                      |   94.68 |       40 |     100 |   94.68 | 73-77
 app/src/updaters/go               |     100 |      100 |     100 |     100 |
  version-go.ts                    |     100 |      100 |     100 |     100 |
 app/src/updaters/helm             |   94.73 |       50 |     100 |   94.73 |
  chart-yaml.ts                    |   94.73 |       50 |     100 |   94.73 | 31-32
 app/src/updaters/java             |   97.99 |    85.29 |     100 |   97.99 |
  java-released.ts                 |     100 |      100 |     100 |     100 |
  java-update.ts                   |   93.75 |    88.23 |     100 |   93.75 | 46-48,65-66
  pom-xml.ts                       |     100 |    81.57 |     100 |     100 | 80,154,156,158
  versions-manifest.ts             |   96.55 |    91.66 |     100 |   96.55 | 32-34
 app/src/updaters/krm              |     100 |      100 |     100 |     100 |
  krm-blueprint-version.ts         |     100 |      100 |     100 |     100 |
 app/src/updaters/node             |   96.49 |    88.09 |     100 |   96.49 |
  package-json.ts                  |     100 |      100 |     100 |     100 |
  package-lock-json.ts             |   89.79 |    70.58 |     100 |   89.79 | ...,72-73,75-76,78-79
  samples-package-json.ts          |     100 |      100 |     100 |     100 |
 app/src/updaters/ocaml            |     100 |      100 |     100 |     100 |
  dune-project.ts                  |     100 |      100 |     100 |     100 |
  esy-json.ts                      |     100 |      100 |     100 |     100 |
  opam.ts                          |     100 |      100 |     100 |     100 |
 app/src/updaters/php              |   96.66 |    58.33 |     100 |   96.66 |
  php-client-version.ts            |     100 |      100 |     100 |     100 |
  root-composer-update-packages.ts |   94.82 |    54.54 |     100 |   94.82 | 30-32
 app/src/updaters/python           |   97.07 |    88.23 |     100 |   97.07 |
  pyproject-toml.ts                |   93.33 |    85.71 |     100 |   93.33 | 58-62
  python-file-with-version.ts      |     100 |      100 |     100 |     100 |
  setup-cfg.ts                     |     100 |      100 |     100 |     100 |
  setup-py.ts                      |     100 |      100 |     100 |     100 |
 app/src/updaters/r                |   80.89 |    66.66 |      50 |   80.89 |
  description.ts                   |     100 |      100 |     100 |     100 |
  news.ts                          |   70.17 |       50 |   33.33 |   70.17 | 38-51,55-57
 app/src/updaters/ruby             |     100 |      100 |     100 |     100 |
  common.ts                        |     100 |      100 |     100 |     100 |
  gemfile-lock.ts                  |     100 |      100 |     100 |     100 |
  version-rb.ts                    |     100 |      100 |     100 |     100 |
 app/src/updaters/rust             |     100 |      100 |     100 |     100 |
  cargo-lock.ts                    |     100 |      100 |     100 |     100 |
  cargo-toml.ts                    |     100 |      100 |     100 |     100 |
  common.ts                        |     100 |      100 |     100 |     100 |
 app/src/updaters/sfdx             |     100 |      100 |     100 |     100 |
  sfdx-project-json.ts             |     100 |      100 |     100 |     100 |
 app/src/updaters/terraform        |     100 |      100 |     100 |     100 |
  metadata-version.ts              |     100 |      100 |     100 |     100 |
  module-version.ts                |     100 |      100 |     100 |     100 |
  readme.ts                        |     100 |      100 |     100 |     100 |
 app/src/util                      |   97.55 |    89.84 |   96.38 |   97.55 |
  branch-name.ts                   |   98.37 |     82.6 |   93.75 |   98.37 | 92-93,104-105
  coerce-option.ts                 |     100 |      100 |     100 |     100 |
  commit-exclude.ts                |     100 |      100 |     100 |     100 |
  commit-split.ts                  |   96.77 |    96.29 |     100 |   96.77 | 82-85
  commit-utils.ts                  |     100 |      100 |     100 |     100 |
  filter-commits.ts                |     100 |      100 |     100 |     100 |
  indent-commit.ts                 |     100 |      100 |     100 |     100 |
  json-stringify.ts                |     100 |      100 |     100 |     100 |
  logger.ts                        |   95.52 |    85.71 |   85.71 |   95.52 | 65-67
  pull-request-body.ts             |   95.29 |    87.75 |     100 |   95.29 | 50-52,101-102,142-144
  pull-request-overflow-handler.ts |   97.65 |       80 |     100 |   97.65 | 123-125
  pull-request-title.ts            |     100 |      100 |     100 |     100 |
  signoff-commit-message.ts        |     100 |      100 |     100 |     100 |
  tag-name.ts                      |   96.66 |    81.81 |     100 |   96.66 | 49-50
  toml-edit.ts                     |   92.81 |    64.28 |     100 |   92.81 | ...47,152-154,163-164
-----------------------------------|---------|----------|---------|---------|-----------------------
